07-15 09:39:07.712   421   981 D CompatibilityChangeReporter: Compat change id reported: 73144566; UID 10019; state: DISABLED
07-15 09:39:07.713   421   981 D CompatibilityChangeReporter: Compat change id reported: 73144566; UID 10019; state: ENABLED
07-15 09:39:07.826   421   480 W BroadcastQueue: Permission Denial: broadcasting Intent { act=android.net.wifi.STATE_CHANGE flg=0x4000010 (has extras) } from null (pid=-1, uid=-1) requires com.google.android.gms.DYNAMIC_RECEIVER_NOT_EXPORTED_PERMISSION due to registered receiver BroadcastFilter{34564c7 10019/u0 ReceiverList{2a1606 948 com.google.android.gms.persistent/10019/u0 remote:d9fd8e1}}
07-15 09:39:07.946   421   469 W ActivityManager: Unable to start service Intent { act=com.google.android.gms.wearable.BIND pkg=com.google.android.gms } U=0: not found
07-15 09:39:07.964   421   469 W ActivityManager: Unbind failed: could not find connection for android.os.BinderProxy@90e1bea
07-15 09:39:08.037   421   981 W ActivityManager: Unable to start service Intent { act=com.google.android.gms.time.trustedtime.service.START pkg=com.google.android.gms } U=0: not found
07-15 09:39:08.051   421   469 W ActivityManager: Unbind failed: could not find connection for android.os.BinderProxy@a39fc8e
07-15 09:39:08.436   421   421 E BootReceiver: Could not open /sys/kernel/tracing/instances/bootreceiver/trace_pipe
07-15 09:39:08.436   421   421 E BootReceiver: android.system.ErrnoException: open failed: ENOENT (No such file or directory)
07-15 09:39:08.436   421   421 E BootReceiver: 	at libcore.io.Linux.open(Native Method)
07-15 09:39:08.436   421   421 E BootReceiver: 	at libcore.io.ForwardingOs.open(ForwardingOs.java:567)
07-15 09:39:08.436   421   421 E BootReceiver: 	at libcore.io.BlockGuardOs.open(BlockGuardOs.java:273)
07-15 09:39:08.436   421   421 E BootReceiver: 	at android.system.Os.open(Os.java:501)
07-15 09:39:08.436   421   421 E BootReceiver: 	at com.android.server.BootReceiver.onReceive(BootReceiver.java:167)
07-15 09:39:08.436   421   421 E BootReceiver: 	at android.app.ActivityThread.handleReceiver(ActivityThread.java:4375)
07-15 09:39:08.436   421   421 E BootReceiver: 	at android.app.ActivityThread.access$1600(ActivityThread.java:256)
07-15 09:39:08.436   421   421 E BootReceiver: 	at android.app.ActivityThread$H.handleMessage(ActivityThread.java:2102)
07-15 09:39:08.436   421   421 E BootReceiver: 	at android.os.Handler.dispatchMessage(Handler.java:106)
07-15 09:39:08.436   421   421 E BootReceiver: 	at android.os.Looper.loopOnce(Looper.java:201)
07-15 09:39:08.436   421   421 E BootReceiver: 	at android.os.Looper.loop(Looper.java:288)
07-15 09:39:08.436   421   421 E BootReceiver: 	at com.android.server.SystemServer.run(SystemServer.java:906)
07-15 09:39:08.436   421   421 E BootReceiver: 	at com.android.server.SystemServer.main(SystemServer.java:613)
07-15 09:39:08.436   421   421 E BootReceiver: 	at java.lang.reflect.Method.invoke(Native Method)
07-15 09:39:08.436   421   421 E BootReceiver: 	at com.android.internal.os.RuntimeInit$MethodAndArgsCaller.run(RuntimeInit.java:548)
07-15 09:39:08.436   421   421 E BootReceiver: 	at com.android.internal.os.ZygoteInit.main(ZygoteInit.java:981)
07-15 09:39:08.446   421   480 I DropBoxManagerService: add tag=system_server_wtf isTagEnabled=true flags=0x2
07-15 09:39:08.452   421   421 V xzj     : startProcess: name=com.rockchip.devicetest app=null knownToBeDead=true hostingType=broadcast
07-15 09:39:08.453   421   421 I ActivityManager: com.rockchip.devicetest is exempt from freezer
07-15 09:39:08.453   421   421 D CompatibilityChangeReporter: Compat change id reported: 135634846; UID 1000; state: DISABLED
07-15 09:39:08.463   421   421 W Looper  : Slow dispatch took 4963ms main h=android.app.ActivityThread$H c=null m=113
07-15 09:39:08.465   421   421 W Looper  : Slow delivery took 4937ms main h=com.android.server.power.Notifier$NotifierHandler c=null m=7
07-15 09:39:08.471   421  1369 I DropBoxManagerService: add tag=SYSTEM_BOOT isTagEnabled=true flags=0x2
07-15 09:39:08.507   421   481 W ActivityManager: Slow operation: 56ms so far, now at startProcess: returned from zygote!
07-15 09:39:08.509   421   481 W ActivityManager: Slow operation: 58ms so far, now at startProcess: done updating battery stats
07-15 09:39:08.517   421   481 W ActivityManager: Slow operation: 65ms so far, now at startProcess: building log message
07-15 09:39:08.521   421   421 D DevicePolicyManager: updateSystemUpdateFreezePeriodsRecord
07-15 09:39:08.521   421   421 I JobScheduler: RTC now valid; recalculating persisted job windows
07-15 09:39:08.525   421   481 I ActivityManager: Start proc 1370:com.rockchip.devicetest/1000 for broadcast {com.rockchip.devicetest/com.rockchip.devicetest.BootReceiver}
07-15 09:39:08.525   421   481 W ActivityManager: Slow operation: 74ms so far, now at startProcess: starting to update pids map
07-15 09:39:08.530   421   481 W ActivityManager: Slow operation: 79ms so far, now at startProcess: done updating pids map
07-15 09:39:08.531   421   421 W SyncManager: Clock is valid now.
07-15 09:39:08.532   421   421 D ConditionProviders.SCP: onReceive android.intent.action.TIME_SET
07-15 09:39:08.533   421   421 D ConditionProviders.SCP: evaluateSubscriptionLocked cal=ScheduleCalendar[mDays={1, 2, 3, 4, 5, 6, 7}, mSchedule=ScheduleInfo{days=[1, 2, 3, 4, 5, 6, 7], startHour=22, startMinute=0, endHour=7, endMinute=0, exitAtAlarm=true, nextAlarm=Thu Jan 01 00:00:00 GMT 1970 (0)}], now=Wed Jul 15 09:39:08 GMT 2026 (1784108348532), nextUserAlarmTime=Thu Jan 01 00:00:00 GMT 1970 (0)
07-15 09:39:08.533   421   421 D ConditionProviders.SCP: notifyCondition condition://android/schedule?days=1.2.3.4.5.6.7&start=22.0&end=7.0&exitAtAlarm=true STATE_FALSE reason=!meetsSchedule
07-15 09:39:08.534   421  1369 I BootReceiver: Copying audit failures to DropBox
07-15 09:39:08.535   421   421 D ConditionProviders.SCP: Scheduling evaluate for Wed Jul 15 22:00:00 GMT 2026 (1784152800000), in +12h20m51s468ms, now=Wed Jul 15 09:39:08 GMT 2026 (1784108348532)
07-15 09:39:08.537   421  1369 I BootReceiver: Checking for fsck errors
07-15 09:39:08.537   421   421 D ConditionProviders.SCP: onReceive ScheduleConditionProvider.EVALUATE
07-15 09:39:08.541   421   421 D ConditionProviders.SCP: evaluateSubscriptionLocked cal=ScheduleCalendar[mDays={1, 2, 3, 4, 5, 6, 7}, mSchedule=ScheduleInfo{days=[1, 2, 3, 4, 5, 6, 7], startHour=22, startMinute=0, endHour=7, endMinute=0, exitAtAlarm=true, nextAlarm=Thu Jan 01 00:00:00 GMT 1970 (0)}], now=Wed Jul 15 09:39:08 GMT 2026 (1784108348537), nextUserAlarmTime=Thu Jan 01 00:00:00 GMT 1970 (0)
07-15 09:39:08.541   421   421 D ConditionProviders.SCP: notifyCondition condition://android/schedule?days=1.2.3.4.5.6.7&start=22.0&end=7.0&exitAtAlarm=true STATE_FALSE reason=!meetsSchedule
07-15 09:39:08.543   421  1369 I BootReceiver: fs_stat, partition:cache stat:0x3
07-15 09:39:08.543   421   421 D ConditionProviders.SCP: Scheduling evaluate for Wed Jul 15 22:00:00 GMT 2026 (1784152800000), in +12h20m51s463ms, now=Wed Jul 15 09:39:08 GMT 2026 (1784108348537)
07-15 09:39:08.543   421  1369 I BootReceiver: fs_stat, partition:cust stat:0x3
07-15 09:39:08.543   421  1369 I BootReceiver: fs_stat, partition:logo stat:0x3
07-15 09:39:08.552   421   559 E ActivityThread: Failed to find provider info for com.android.calendar
07-15 09:39:08.553   421  1369 I BootReceiver: fs_stat, partition:userdata stat:0x3
01-01 00:00:58.812     0     0 I binder  : 1370:1370 ioctl 40046210 ffdd7e38 returned -22
07-15 09:39:08.569   421   559 E ActivityThread: Failed to find provider info for com.android.calendar
07-15 09:39:08.638   421   421 V NotificationListeners: 0 notification listener service connected: ComponentInfo{com.spocky.projengmenu/com.spocky.projengmenu.services.notification.NotificationListener}
07-15 09:39:08.643   421  1369 V xzj     : startProcess: name=android.process.media app=null knownToBeDead=false hostingType=content provider
07-15 09:39:08.645   421  1369 D CompatibilityChangeReporter: Compat change id reported: 135634846; UID 10007; state: DISABLED
07-15 09:39:08.646   421  1369 D CompatibilityChangeReporter: Compat change id reported: 177438394; UID 10007; state: DISABLED
07-15 09:39:08.646   421  1369 D CompatibilityChangeReporter: Compat change id reported: 135772972; UID 10007; state: DISABLED
07-15 09:39:08.646   421  1369 D CompatibilityChangeReporter: Compat change id reported: 135754954; UID 10007; state: ENABLED
07-15 09:39:08.647   421   481 D CompatibilityChangeReporter: Compat change id reported: 143937733; UID 10007; state: ENABLED
07-15 09:39:08.672   421   559 E ActivityThread: Failed to find provider info for com.android.calendar
07-15 09:39:08.673   421   559 E ActivityThread: Failed to find provider info for com.android.calendar
07-15 09:39:08.704   421   481 W ActivityManager: Slow operation: 59ms so far, now at startProcess: returned from zygote!
07-15 09:39:08.710   421   468 W ActivityManager: Unable to start service Intent { act=com.google.android.gms.time.trustedtime.service.START pkg=com.google.android.gms } U=0: not found
07-15 09:39:08.711   421   481 W ActivityManager: Slow operation: 66ms so far, now at startProcess: done updating battery stats
07-15 09:39:08.711   421   481 W ActivityManager: Slow operation: 66ms so far, now at startProcess: building log message
07-15 09:39:08.711   421   481 I ActivityManager: Start proc 1388:android.process.media/u0a7 for content provider {com.android.providers.downloads/com.android.providers.downloads.DownloadProvider}
07-15 09:39:08.711   421   481 W ActivityManager: Slow operation: 67ms so far, now at startProcess: starting to update pids map
07-15 09:39:08.712   421   481 W ActivityManager: Slow operation: 68ms so far, now at startProcess: done updating pids map
07-15 09:39:08.714   421   468 W ActivityManager: Unbind failed: could not find connection for android.os.BinderProxy@25601c3
01-01 00:00:59.011     0     0 I binder  : 1388:1388 ioctl 40046210 ffdd7e38 returned -22
07-15 09:39:08.803   421   468 D CompatibilityChangeReporter: Compat change id reported: 168419799; UID 10007; state: DISABLED
07-15 09:39:08.966   421   511 V xzj     : startProcess: name=android.process.acore app=null knownToBeDead=false hostingType=content provider
07-15 09:39:08.970   421   511 D CompatibilityChangeReporter: Compat change id reported: 135634846; UID 10001; state: DISABLED
07-15 09:39:08.970   421   511 D CompatibilityChangeReporter: Compat change id reported: 177438394; UID 10001; state: DISABLED
07-15 09:39:08.971   421   511 D CompatibilityChangeReporter: Compat change id reported: 135772972; UID 10001; state: DISABLED
07-15 09:39:08.971   421   511 D CompatibilityChangeReporter: Compat change id reported: 135754954; UID 10001; state: ENABLED
07-15 09:39:08.972   421   481 D CompatibilityChangeReporter: Compat change id reported: 143937733; UID 10001; state: ENABLED
07-15 09:39:08.977  1370  1370 W ContextImpl: Calling a method in the system process without a qualified user: android.app.ContextImpl.startService:1825 android.content.ContextWrapper.startService:776 android.content.ContextWrapper.startService:776 com.rockchip.devicetest.BootReceiver.onReceive:41 android.app.ActivityThread.handleReceiver:4375 
07-15 09:39:08.994   421   511 I BroadcastQueue: Delay finish: com.rockchip.devicetest/.BootReceiver
07-15 09:39:09.006   421   481 I ActivityManager: Start proc 1409:android.process.acore/u0a1 for content provider {com.android.providers.userdictionary/com.android.providers.userdictionary.UserDictionaryProvider}
01-01 00:00:59.322     0     0 I binder  : 1409:1409 ioctl 40046210 ffdd7e38 returned -22
07-15 09:39:09.094   421   468 D CompatibilityChangeReporter: Compat change id reported: 168419799; UID 10001; state: DISABLED
07-15 09:39:09.586   421   421 W NotificationHistory: Attempted to add notif for locked/gone/disabled user 0
07-15 09:39:09.591   421   421 W Looper  : Slow dispatch took 925ms main h=com.android.server.notification.NotificationManagerService$WorkerHandler c=com.android.server.notification.NotificationManagerService$PostNotificationRunnable@8d72d85 m=0
07-15 09:39:09.756   421   421 W Looper  : Drained
07-15 09:39:09.760   421   468 W ActivityTaskManager: Current config: {1.0 ?mcc?mnc [en_US] ldltr sw480dp w853dp h480dp 240dpi lrg long land television -touch -keyb/v/h dpad/v winConfig={ mBounds=Rect(0, 0 - 1280, 720) mAppBounds=Rect(0, 0 - 1280, 720) mMaxBounds=Rect(0, 0 - 1280, 720) mWindowingMode=fullscreen mDisplayWindowingMode=fullscreen mActivityType=undefined mAlwaysOnTop=undefined mRotation=ROTATION_0} s.6 fontWeightAdjustment=0} unchanged for IME proc com.android.inputmethod.latin
07-15 09:39:09.761   421   468 W ActivityTaskManager: Current config: {1.0 ?mcc?mnc [en_US] ldltr sw480dp w853dp h480dp 240dpi lrg long land television -touch -keyb/v/h dpad/v winConfig={ mBounds=Rect(0, 0 - 1280, 720) mAppBounds=Rect(0, 0 - 1280, 720) mMaxBounds=Rect(0, 0 - 1280, 720) mWindowingMode=fullscreen mDisplayWindowingMode=fullscreen mActivityType=undefined mAlwaysOnTop=undefined mRotation=ROTATION_0} s.6 fontWeightAdjustment=0} unchanged for IME proc com.android.inputmethod.latin
07-15 09:39:09.948   421   981 D CountryDetector: The first listener is added
07-15 09:39:09.951   421   479 E RemotePrintSpooler: Error pruning approved print services.
07-15 09:39:09.951   421   479 E RemotePrintSpooler: java.util.concurrent.TimeoutException: Cannot get spooler!
07-15 09:39:09.951   421   479 E RemotePrintSpooler: 	at com.android.server.print.RemotePrintSpooler.bindLocked(RemotePrintSpooler.java:634)
07-15 09:39:09.951   421   479 E RemotePrintSpooler: 	at com.android.server.print.RemotePrintSpooler.getRemoteInstanceLazy(RemotePrintSpooler.java:594)
07-15 09:39:09.951   421   479 E RemotePrintSpooler: 	at com.android.server.print.RemotePrintSpooler.pruneApprovedPrintServices(RemotePrintSpooler.java:509)
07-15 09:39:09.951   421   479 E RemotePrintSpooler: 	at com.android.server.print.UserState.prunePrintServices(UserState.java:1031)
07-15 09:39:09.951   421   479 E RemotePrintSpooler: 	at com.android.server.print.UserState.<init>(UserState.java:178)
07-15 09:39:09.951   421   479 E RemotePrintSpooler: 	at com.android.server.print.PrintManagerService$PrintManagerImpl.getOrCreateUserStateLocked(PrintManagerService.java:974)
07-15 09:39:09.951   421   479 E RemotePrintSpooler: 	at com.android.server.print.PrintManagerService$PrintManagerImpl.access$600(PrintManagerService.java:114)
07-15 09:39:09.951   421   479 E RemotePrintSpooler: 	at com.android.server.print.PrintManagerService$PrintManagerImpl$3.run(PrintManagerService.java:995)
07-15 09:39:09.951   421   479 E RemotePrintSpooler: 	at android.os.Handler.handleCallback(Handler.java:938)
07-15 09:39:09.951   421   479 E RemotePrintSpooler: 	at android.os.Handler.dispatchMessage(Handler.java:99)
07-15 09:39:09.951   421   479 E RemotePrintSpooler: 	at android.os.Looper.loopOnce(Looper.java:201)
07-15 09:39:09.951   421   479 E RemotePrintSpooler: 	at android.os.Looper.loop(Looper.java:288)
07-15 09:39:09.951   421   479 E RemotePrintSpooler: 	at android.os.HandlerThread.run(HandlerThread.java:67)
07-15 09:39:09.981   421   479 W ActivityManager: Unable to start service Intent { cmp=com.android.printspooler/.model.PrintSpoolerService } U=0: not found
01-01 00:01:00.441     0     0 W audit   : audit_lost=46 audit_rate_limit=5 audit_backlog_limit=64
01-01 00:01:00.442     0     0 E audit   : rate limit exceeded
07-15 09:39:10.508   421   471 D CompanionDeviceManagerService: onPackageModified(packageName = com.android.bluetooth)
07-15 09:39:10.547   421   471 V xzj     : startProcess: name=com.android.permissioncontroller app=null knownToBeDead=true hostingType=service
07-15 09:39:10.553   421   471 D CompatibilityChangeReporter: Compat change id reported: 135634846; UID 10031; state: DISABLED
07-15 09:39:10.554   421   471 D CompatibilityChangeReporter: Compat change id reported: 177438394; UID 10031; state: DISABLED
07-15 09:39:10.555   421   471 D CompatibilityChangeReporter: Compat change id reported: 135772972; UID 10031; state: DISABLED
07-15 09:39:10.556   421   471 D CompatibilityChangeReporter: Compat change id reported: 135754954; UID 10031; state: ENABLED
07-15 09:39:10.557   421   481 D CompatibilityChangeReporter: Compat change id reported: 143937733; UID 10031; state: ENABLED
07-15 09:39:10.577   421   481 I ActivityManager: Start proc 1451:com.android.permissioncontroller/u0a31 for service {com.android.permissioncontroller/com.android.permissioncontroller.permission.service.PermissionControllerServiceImpl}
01-01 00:01:00.903     0     0 I binder  : 1451:1451 ioctl 40046210 ffdd7e38 returned -22
07-15 09:39:10.696   421   468 D CompatibilityChangeReporter: Compat change id reported: 168419799; UID 10031; state: DISABLED
07-15 09:39:10.702   421   468 D CompatibilityChangeReporter: Compat change id reported: 181136395; UID 10036; state: DISABLED
07-15 09:39:10.705   421   468 D CompatibilityChangeReporter: Compat change id reported: 174042936; UID 10036; state: DISABLED
07-15 09:39:10.736   421   469 D CompatibilityChangeReporter: Compat change id reported: 168419799; UID 10019; state: DISABLED
01-01 00:01:01.449     0     0 W audit   : audit_lost=68 audit_rate_limit=5 audit_backlog_limit=64
01-01 00:01:01.450     0     0 E audit   : rate limit exceeded
01-01 00:01:01.725     0     0 I binder  : 1505:1505 ioctl 40046210 ffb1b920 returned -22
07-15 09:39:11.483   421   469 W ActivityManager: Unable to start service Intent { cmp=com.dangbei.speech/com.google.android.AdService } U=0: not found
07-15 09:39:12.062   421   981 D CompatibilityChangeReporter: Compat change id reported: 174042980; UID 10036; state: DISABLED
07-15 09:39:12.064   421   981 D CompatibilityChangeReporter: Compat change id reported: 184838306; UID 10036; state: DISABLED
07-15 09:39:12.067   421   981 D CompatibilityChangeReporter: Compat change id reported: 185004937; UID 10036; state: DISABLED
07-15 09:39:12.425   421   981 D TelephonyRegistry: listen oscl: mHasNotifySubscriptionInfoChangedOccurred==false no callback
07-15 09:39:14.728   421   528 D CompatibilityChangeReporter: Compat change id reported: 168419799; UID 10009; state: DISABLED
07-15 09:39:15.389   421   469 V xzj     : startProcess: name=com.android.vending:background app=null knownToBeDead=true hostingType=service
07-15 09:39:15.391   421   469 I ActivityManager: com.android.vending is exempt from freezer
07-15 09:39:15.392   421   469 D CompatibilityChangeReporter: Compat change id reported: 135634846; UID 10020; state: DISABLED
07-15 09:39:15.393   421   481 D CompatibilityChangeReporter: Compat change id reported: 143937733; UID 10020; state: ENABLED
07-15 09:39:15.442   421   481 W ActivityManager: Slow operation: 52ms so far, now at startProcess: returned from zygote!
07-15 09:39:15.443   421   481 W ActivityManager: Slow operation: 53ms so far, now at startProcess: done updating battery stats
07-15 09:39:15.443   421   481 W ActivityManager: Slow operation: 54ms so far, now at startProcess: building log message
07-15 09:39:15.443   421   481 I ActivityManager: Start proc 1560:com.android.vending:background/u0a20 for service {com.android.vending/com.google.android.finsky.ipcservers.background.BackgroundGrpcServerAndroidService}
07-15 09:39:15.443   421   481 W ActivityManager: Slow operation: 54ms so far, now at startProcess: starting to update pids map
07-15 09:39:15.444   421   481 W ActivityManager: Slow operation: 55ms so far, now at startProcess: done updating pids map
01-01 00:01:05.760     0     0 I binder  : 1560:1560 ioctl 40046210 ffdd7e38 returned -22
07-15 09:39:15.589   421   469 D CompatibilityChangeReporter: Compat change id reported: 168419799; UID 10020; state: DISABLED
07-15 09:39:20.008   421   479 E RemotePrintSpooler: Error removing obsolete print jobs .
07-15 09:39:20.008   421   479 E RemotePrintSpooler: java.util.concurrent.TimeoutException: Cannot get spooler!
07-15 09:39:20.008   421   479 E RemotePrintSpooler: 	at com.android.server.print.RemotePrintSpooler.bindLocked(RemotePrintSpooler.java:634)
07-15 09:39:20.008   421   479 E RemotePrintSpooler: 	at com.android.server.print.RemotePrintSpooler.getRemoteInstanceLazy(RemotePrintSpooler.java:594)
07-15 09:39:20.008   421   479 E RemotePrintSpooler: 	at com.android.server.print.RemotePrintSpooler.removeObsoletePrintJobs(RemotePrintSpooler.java:531)
07-15 09:39:20.008   421   479 E RemotePrintSpooler: 	at com.android.server.print.UserState.removeObsoletePrintJobs(UserState.java:218)
07-15 09:39:20.008   421   479 E RemotePrintSpooler: 	at com.android.server.print.PrintManagerService$PrintManagerImpl$3.run(PrintManagerService.java:1002)
07-15 09:39:20.008   421   479 E RemotePrintSpooler: 	at android.os.Handler.handleCallback(Handler.java:938)
07-15 09:39:20.008   421   479 E RemotePrintSpooler: 	at android.os.Handler.dispatchMessage(Handler.java:99)
07-15 09:39:20.008   421   479 E RemotePrintSpooler: 	at android.os.Looper.loopOnce(Looper.java:201)
07-15 09:39:20.008   421   479 E RemotePrintSpooler: 	at android.os.Looper.loop(Looper.java:288)
07-15 09:39:20.008   421   479 E RemotePrintSpooler: 	at android.os.HandlerThread.run(HandlerThread.java:67)
07-15 09:39:20.008   421   479 W Looper  : Slow dispatch took 20124ms android.bg h=android.os.Handler c=com.android.server.print.PrintManagerService$PrintManagerImpl$3@f9bf650 m=0
07-15 09:39:20.009   421   479 I UsageStatsService: User[0] Time changed in by 19278794 seconds
07-15 09:39:20.009   421   479 I UsageStatsService: User[0] Flushing usage stats to disk
07-15 09:39:20.113   421   479 I UsageStatsDatabase: Time changed by +223d3h13m14s701ms. files deleted: 0 files moved: 4
07-15 09:39:20.152   421   479 I UsageStatsService: User[0] Rollover scheduled @ 2026-07-16 09:38:58(1784194738934)
07-15 09:39:20.190   421   479 V xzj     : startProcess: name=com.android.keychain app=null knownToBeDead=true hostingType=service
07-15 09:39:20.199   421   479 I ActivityManager: com.android.keychain is exempt from freezer
07-15 09:39:20.200   421   479 D CompatibilityChangeReporter: Compat change id reported: 135634846; UID 1000; state: DISABLED
07-15 09:39:20.263   421   481 W ActivityManager: Slow operation: 66ms so far, now at startProcess: returned from zygote!
07-15 09:39:20.264   421   481 W ActivityManager: Slow operation: 67ms so far, now at startProcess: done updating battery stats
07-15 09:39:20.264   421   481 W ActivityManager: Slow operation: 67ms so far, now at startProcess: building log message
07-15 09:39:20.264   421   481 I ActivityManager: Start proc 1618:com.android.keychain/1000 for service {com.android.keychain/com.android.keychain.KeyChainService}
07-15 09:39:20.264   421   481 W ActivityManager: Slow operation: 67ms so far, now at startProcess: starting to update pids map
07-15 09:39:20.266   421   481 W ActivityManager: Slow operation: 68ms so far, now at startProcess: done updating pids map
01-01 00:01:10.606     0     0 I binder  : 1618:1618 ioctl 40046210 ffdd7e38 returned -22
07-15 09:39:20.373   421   533 D CompatibilityChangeReporter: Compat change id reported: 168419799; UID 1000; state: DISABLED
07-15 09:39:20.615   421   479 I UsageStatsService: Time changed in by 19278794 seconds
07-15 09:39:21.161   421   533 I ActivityManager: Killing 1618:com.android.keychain/1000 (adj 905): empty #1
07-15 09:39:21.240   421   533 D xzj     : ---low mem mode,skip restart crashed app= ProcessRecord{f9cfdb9 1618:com.android.keychain/1000}
07-15 09:39:21.565   421   479 W VoiceInteractionManager: no available voice recognition services found for user 0
07-15 09:39:21.574     0     0 W healthd : battery l=50 v=3 t=2.6 h=2 st=3 fc=100 chg=au
07-15 09:39:21.684   421   479 D CompatibilityChangeReporter: Compat change id reported: 168936375; UID 1000; state: ENABLED
07-15 09:39:21.687   421   479 D CompatibilityChangeReporter: Compat change id reported: 168936375; UID 1000; state: DISABLED
07-15 09:39:21.701   421   479 D CompatibilityChangeReporter: Compat change id reported: 73144566; UID 1000; state: ENABLED
07-15 09:39:21.703   421   479 D CompatibilityChangeReporter: Compat change id reported: 73144566; UID 1000; state: DISABLED
07-15 09:39:23.991   421   480 I ActivityManager: Waited long enough for: ServiceRecord{34078d2 u0 com.rockchip.devicetest/.service.TestService}
07-15 09:39:23.991   421   480 I BroadcastQueue: Resuming delayed broadcast
07-15 09:39:23.994   421   480 D CompatibilityChangeReporter: Compat change id reported: 168419799; UID 1000; state: DISABLED
07-15 09:39:24.089   693   693 W ContextImpl: Calling a method in the system process without a qualified user: android.app.ContextImpl.startService:1825 android.content.ContextWrapper.startService:776 android.content.ContextWrapper.startService:776 com.android.tv.set.users.UserSwitchListenerService$BootReceiver.onReceive:50 android.app.ActivityThread.handleReceiver:4375 
07-15 09:39:24.132   421   479 V PackageManager: [Optimistic Bind] Binding to instant app resolver
07-15 09:39:24.133   421   421 V xzj     : startProcess: name=com.surfshark.vpnclient.android app=null knownToBeDead=true hostingType=broadcast
07-15 09:39:24.133   421   421 V xzj     : third part process dont start for broadcast: 10040/com.surfshark.vpnclient.android
07-15 09:39:24.133   421   421 W BroadcastQueue: Unable to launch app com.surfshark.vpnclient.android/10040 for broadcast Intent { act=android.intent.action.BOOT_COMPLETED flg=0x89000010 (has extras) }: process is bad
07-15 09:39:24.140   421   480 V xzj     : startProcess: name=com.android.cellbroadcastreceiver app=null knownToBeDead=true hostingType=broadcast
07-15 09:39:24.144   421   480 D CompatibilityChangeReporter: Compat change id reported: 135634846; UID 10025; state: DISABLED
07-15 09:39:24.144   421   480 D CompatibilityChangeReporter: Compat change id reported: 177438394; UID 10025; state: DISABLED
07-15 09:39:24.144   421   480 D CompatibilityChangeReporter: Compat change id reported: 135772972; UID 10025; state: DISABLED
07-15 09:39:24.145   421   480 D CompatibilityChangeReporter: Compat change id reported: 135754954; UID 10025; state: ENABLED
07-15 09:39:24.146   421   481 D CompatibilityChangeReporter: Compat change id reported: 143937733; UID 10025; state: ENABLED
07-15 09:39:24.169   421   481 I ActivityManager: Start proc 1647:com.android.cellbroadcastreceiver/u0a25 for broadcast {com.android.cellbroadcastreceiver/com.android.cellbroadcastreceiver.CellBroadcastReceiver}
07-15 09:39:24.170   421   421 D PackageManager: Connected to instant app resolver
07-15 09:39:24.173   421   479 I PackageManager: Optimistic bind succeeded.
07-15 09:39:24.226     0     0 I binder  : 1647:1647 ioctl 40046210 ffdd7e38 returned -22
07-15 09:39:24.249   421   511 D CompatibilityChangeReporter: Compat change id reported: 168419799; UID 10025; state: DISABLED
07-15 09:39:24.679   421   511 I ActivityManager: Killing 1647:com.android.cellbroadcastreceiver/u0a25 (adj 905): empty #1
07-15 09:39:24.692   421   511 D CompatibilityChangeReporter: Compat change id reported: 168419799; UID 10014; state: DISABLED
07-15 09:39:24.766   421   511 D CompatibilityChangeReporter: Compat change id reported: 168419799; UID 10007; state: DISABLED
07-15 09:39:24.792   421   511 D xzj     : ---low mem mode,skip restart crashed app= ProcessRecord{9b6c040 1647:com.android.cellbroadcastreceiver/u0a25}
07-15 09:39:24.802   421   678 V xzj     : startProcess: name=com.android.packageinstaller app=null knownToBeDead=true hostingType=broadcast
07-15 09:39:24.805   421   678 I ActivityManager: com.android.packageinstaller is exempt from freezer
07-15 09:39:24.806   421   678 D CompatibilityChangeReporter: Compat change id reported: 135634846; UID 10006; state: DISABLED
07-15 09:39:24.806   421   678 D CompatibilityChangeReporter: Compat change id reported: 177438394; UID 10006; state: DISABLED
07-15 09:39:24.807   421   678 D CompatibilityChangeReporter: Compat change id reported: 135772972; UID 10006; state: DISABLED
07-15 09:39:24.807   421   678 D CompatibilityChangeReporter: Compat change id reported: 135754954; UID 10006; state: ENABLED
07-15 09:39:24.808   421   481 D CompatibilityChangeReporter: Compat change id reported: 143937733; UID 10006; state: ENABLED
07-15 09:39:24.834   421   481 I ActivityManager: Start proc 1671:com.android.packageinstaller/u0a6 for broadcast {com.android.packageinstaller/com.android.packageinstaller.TemporaryFileManager}
07-15 09:39:24.889     0     0 I binder  : 1671:1671 ioctl 40046210 ffdd7e38 returned -22
07-15 09:39:24.906   421   678 D CompatibilityChangeReporter: Compat change id reported: 168419799; UID 10006; state: DISABLED
07-15 09:39:25.099   421   678 I ActivityManager: Killing 1671:com.android.packageinstaller/u0a6 (adj 905): empty #1
07-15 09:39:25.171   421   511 D xzj     : ---low mem mode,skip restart crashed app= ProcessRecord{cd3e43b 1671:com.android.packageinstaller/u0a6}
07-15 09:39:25.223   421   678 D CompatibilityChangeReporter: Compat change id reported: 168419799; UID 10032; state: DISABLED
07-15 09:39:25.276   421   678 V xzj     : startProcess: name=com.android.remoteprovisioner app=null knownToBeDead=true hostingType=broadcast
07-15 09:39:25.279   421   678 D CompatibilityChangeReporter: Compat change id reported: 135634846; UID 10026; state: DISABLED
07-15 09:39:25.280   421   678 D CompatibilityChangeReporter: Compat change id reported: 177438394; UID 10026; state: DISABLED
07-15 09:39:25.280   421   678 D CompatibilityChangeReporter: Compat change id reported: 135772972; UID 10026; state: DISABLED
07-15 09:39:25.280   421   678 D CompatibilityChangeReporter: Compat change id reported: 135754954; UID 10026; state: ENABLED
07-15 09:39:25.282   421   481 D CompatibilityChangeReporter: Compat change id reported: 143937733; UID 10026; state: ENABLED
07-15 09:39:25.304   421   481 I ActivityManager: Start proc 1689:com.android.remoteprovisioner/u0a26 for broadcast {com.android.remoteprovisioner/com.android.remoteprovisioner.BootReceiver}
07-15 09:39:25.359     0     0 I binder  : 1689:1689 ioctl 40046210 ffdd7e38 returned -22
07-15 09:39:25.380   421   678 D CompatibilityChangeReporter: Compat change id reported: 168419799; UID 10026; state: DISABLED
07-15 09:39:25.552   421   678 V xzj     : startProcess: name=com.android.shell app=null knownToBeDead=true hostingType=broadcast
07-15 09:39:25.555   421   678 I ActivityManager: com.android.shell is exempt from freezer
07-15 09:39:25.555   421   678 D CompatibilityChangeReporter: Compat change id reported: 135634846; UID 2000; state: DISABLED
07-15 09:39:25.556   421   678 D CompatibilityChangeReporter: Compat change id reported: 177438394; UID 2000; state: DISABLED
07-15 09:39:25.556   421   678 D CompatibilityChangeReporter: Compat change id reported: 135772972; UID 2000; state: DISABLED
07-15 09:39:25.556   421   678 D CompatibilityChangeReporter: Compat change id reported: 135754954; UID 2000; state: ENABLED
07-15 09:39:25.571   421   678 I ActivityManager: Killing 1689:com.android.remoteprovisioner/u0a26 (adj 905): empty #1
07-15 09:39:25.593   421   481 I ActivityManager: Start proc 1707:com.android.shell/2000 for broadcast {com.android.shell/com.android.shell.HeapDumpReceiver}
07-15 09:39:25.630     0     0 I binder  : undelivered transaction 61803, process died.
07-15 09:39:25.633     0     0 I binder  : undelivered transaction 61806, process died.
07-15 09:39:25.642     0     0 I binder  : 1707:1707 ioctl 40046210 ffdd7e38 returned -22
07-15 09:39:25.648   421   678 D xzj     : ---low mem mode,skip restart crashed app= ProcessRecord{2a046a5 1689:com.android.remoteprovisioner/u0a26}
07-15 09:39:25.650     0     0 I binder  : undelivered transaction 61801, process died.
07-15 09:39:25.673   421   678 D CompatibilityChangeReporter: Compat change id reported: 168419799; UID 2000; state: DISABLED
07-15 09:39:25.806   421   678 V xzj     : startProcess: name=com.android.statementservice app=null knownToBeDead=true hostingType=broadcast
07-15 09:39:25.808   421   678 D CompatibilityChangeReporter: Compat change id reported: 135634846; UID 10004; state: DISABLED
07-15 09:39:25.809   421   678 D CompatibilityChangeReporter: Compat change id reported: 177438394; UID 10004; state: DISABLED
07-15 09:39:25.809   421   678 D CompatibilityChangeReporter: Compat change id reported: 135772972; UID 10004; state: DISABLED
07-15 09:39:25.809   421   678 D CompatibilityChangeReporter: Compat change id reported: 135754954; UID 10004; state: DISABLED
07-15 09:39:25.811   421   481 D CompatibilityChangeReporter: Compat change id reported: 143937733; UID 10004; state: DISABLED
07-15 09:39:25.812   421   678 I ActivityManager: Killing 1707:com.android.shell/2000 (adj 905): empty #1
07-15 09:39:25.835   421   481 I ActivityManager: Start proc 1724:com.android.statementservice/u0a4 for broadcast {com.android.statementservice/com.android.statementservice.domain.BootCompletedReceiver}
07-15 09:39:25.863     0     0 I binder  : undelivered transaction 62033, process died.
07-15 09:39:25.866   421   511 D xzj     : ---low mem mode,skip restart crashed app= ProcessRecord{cd1e607 1707:com.android.shell/2000}
07-15 09:39:25.891     0     0 I binder  : 1724:1724 ioctl 40046210 ffdd7e38 returned -22
07-15 09:39:25.904   421   511 D CompatibilityChangeReporter: Compat change id reported: 168419799; UID 10004; state: DISABLED
07-15 09:39:26.121   421   511 I ActivityManager: Killing 1724:com.android.statementservice/u0a4 (adj 905): empty #1
07-15 09:39:26.212   421   511 D xzj     : ---low mem mode,skip restart crashed app= ProcessRecord{1692315 1724:com.android.statementservice/u0a4}
07-15 09:39:26.626   421   511 V xzj     : startProcess: name=com.bozee.usbdisplay app=null knownToBeDead=true hostingType=broadcast
07-15 09:39:26.628   421   511 I ActivityManager: com.bozee.usbdisplay is exempt from freezer
07-15 09:39:26.628   421   511 D CompatibilityChangeReporter: Compat change id reported: 135634846; UID 1000; state: DISABLED
07-15 09:39:26.659   421   481 I ActivityManager: Start proc 1750:com.bozee.usbdisplay/1000 for broadcast {com.bozee.usbdisplay/com.bozee.usbdisplay.USBDisplayReceiver}
07-15 09:39:26.708     0     0 I binder  : 1750:1750 ioctl 40046210 ffdd7e38 returned -22
07-15 09:39:27.663   421   678 I ActivityManager: Killing 1451:com.android.permissioncontroller/u0a31 (adj 905): empty #1
07-15 09:39:27.807   421   533 D xzj     : ---low mem mode,skip restart crashed app= ProcessRecord{b311ed5 1451:com.android.permissioncontroller/u0a31}
07-15 09:39:27.879   421  1767 I ActivityManager: Killing 1560:com.android.vending:background/u0a20 (adj 905): empty #1
07-15 09:39:27.904     0     0 W audit   : audit_lost=89 audit_rate_limit=5 audit_backlog_limit=64
07-15 09:39:27.906     0     0 E audit   : rate limit exceeded
07-15 09:39:28.003   421   969 D xzj     : ---low mem mode,skip restart crashed app= ProcessRecord{b3886e1 1560:com.android.vending:background/u0a20}
07-15 09:39:28.917     0     0 W audit   : audit_lost=757 audit_rate_limit=5 audit_backlog_limit=64
07-15 09:39:28.918     0     0 E audit   : rate limit exceeded
07-15 09:39:29.541   421   468 V xzj     : startProcess: name=com.android.vending:background app=null knownToBeDead=true hostingType=service
07-15 09:39:29.542   421   468 I ActivityManager: com.android.vending is exempt from freezer
07-15 09:39:29.543   421   468 D CompatibilityChangeReporter: Compat change id reported: 135634846; UID 10020; state: DISABLED
07-15 09:39:29.545   421   481 D CompatibilityChangeReporter: Compat change id reported: 143937733; UID 10020; state: ENABLED
07-15 09:39:29.584   421   481 I ActivityManager: Start proc 1796:com.android.vending:background/u0a20 for service {com.android.vending/com.google.android.finsky.ipcservers.background.BackgroundGrpcServerAndroidService}
07-15 09:39:29.647     0     0 I binder  : 1796:1796 ioctl 40046210 ffdd7e38 returned -22
07-15 09:39:29.873  1750  1750 W ContextImpl: Calling a method in the system process without a qualified user: android.app.ContextImpl.startForegroundService:1831 android.content.ContextWrapper.startForegroundService:781 android.content.ContextWrapper.startForegroundService:781 b5.r.o:1 com.bozee.usbdisplay.USBDisplayReceiver.onReceive:51 
07-15 09:39:29.949   421   511 V xzj     : startProcess: name=com.google.android.onetimeinitializer app=null knownToBeDead=true hostingType=broadcast
07-15 09:39:29.954   421   511 D CompatibilityChangeReporter: Compat change id reported: 135634846; UID 10024; state: DISABLED
07-15 09:39:29.955   421   511 D CompatibilityChangeReporter: Compat change id reported: 177438394; UID 10024; state: DISABLED
07-15 09:39:29.955   421   511 D CompatibilityChangeReporter: Compat change id reported: 135772972; UID 10024; state: DISABLED
07-15 09:39:29.956   421   511 D CompatibilityChangeReporter: Compat change id reported: 135754954; UID 10024; state: ENABLED
07-15 09:39:29.957   421   481 D CompatibilityChangeReporter: Compat change id reported: 143937733; UID 10024; state: ENABLED
07-15 09:39:30.001   421   481 W ActivityManager: Slow operation: 51ms so far, now at startProcess: returned from zygote!
07-15 09:39:30.002   421   481 W ActivityManager: Slow operation: 52ms so far, now at startProcess: done updating battery stats
07-15 09:39:30.002   421   481 W ActivityManager: Slow operation: 53ms so far, now at startProcess: building log message
07-15 09:39:30.002   421   481 I ActivityManager: Start proc 1818:com.google.android.onetimeinitializer/u0a24 for broadcast {com.google.android.onetimeinitializer/com.google.android.onetimeinitializer.OneTimeInitializerReceiver}
07-15 09:39:30.002   421   481 W ActivityManager: Slow operation: 53ms so far, now at startProcess: starting to update pids map
07-15 09:39:30.003   421   481 W ActivityManager: Slow operation: 54ms so far, now at startProcess: done updating pids map
07-15 09:39:30.043  1750  1750 W ActivityThread: ClassLoader.getResources: The class loader returned by Thread.getContextClassLoader() may fail for processes that host multiple applications. You should explicitly specify a context class loader. For example: Thread.setContextClassLoader(getClass().getClassLoader());
07-15 09:39:30.053     0     0 W audit   : audit_lost=1028 audit_rate_limit=5 audit_backlog_limit=64
07-15 09:39:30.054     0     0 E audit   : rate limit exceeded
07-15 09:39:30.110     0     0 I binder  : 1818:1818 ioctl 40046210 ffdd7e38 returned -22
07-15 09:39:30.197   421   511 D CompatibilityChangeReporter: Compat change id reported: 168419799; UID 10024; state: DISABLED
07-15 09:39:30.597   421   468 V xzj     : startProcess: name=com.oranth.accessibility app=null knownToBeDead=true hostingType=broadcast
07-15 09:39:30.600   421   468 I ActivityManager: com.oranth.accessibility is exempt from freezer
07-15 09:39:30.601   421   468 D CompatibilityChangeReporter: Compat change id reported: 135634846; UID 1000; state: DISABLED
07-15 09:39:30.603   421   468 I ActivityManager: Killing 1818:com.google.android.onetimeinitializer/u0a24 (adj 905): empty #1
07-15 09:39:30.658   421   481 W ActivityManager: Slow operation: 60ms so far, now at startProcess: returned from zygote!
07-15 09:39:30.660   421   481 W ActivityManager: Slow operation: 61ms so far, now at startProcess: done updating battery stats
07-15 09:39:30.660   421   481 W ActivityManager: Slow operation: 61ms so far, now at startProcess: building log message
07-15 09:39:30.660   421   481 I ActivityManager: Start proc 1847:com.oranth.accessibility/1000 for broadcast {com.oranth.accessibility/com.oranth.accessibility.BootBroadcastReceiver}
07-15 09:39:30.660   421   481 W ActivityManager: Slow operation: 62ms so far, now at startProcess: starting to update pids map
07-15 09:39:30.662   421   481 W ActivityManager: Slow operation: 64ms so far, now at startProcess: done updating pids map
07-15 09:39:30.738     0     0 I binder  : 1847:1847 ioctl 40046210 ffdd7e38 returned -22
07-15 09:39:30.787   421   969 D CompatibilityChangeReporter: Compat change id reported: 168419799; UID 1000; state: DISABLED
07-15 09:39:30.991   421   969 D xzj     : ---low mem mode,skip restart crashed app= ProcessRecord{52f502e 1818:com.google.android.onetimeinitializer/u0a24}
07-15 09:39:31.266  1847  1847 W ContextImpl: Calling a method in the system process without a qualified user: android.app.ContextImpl.startService:1825 android.content.ContextWrapper.startService:776 android.content.ContextWrapper.startService:776 com.oranth.accessibility.BootBroadcastReceiver.onReceive:19 android.app.ActivityThread.handleReceiver:4375 
07-15 09:39:31.296   421   469 I BroadcastQueue: Delay finish: com.oranth.accessibility/.BootBroadcastReceiver
07-15 09:39:31.467     0     0 W audit   : audit_lost=1031 audit_rate_limit=5 audit_backlog_limit=64
07-15 09:39:31.471     0     0 E audit   : rate limit exceeded
--------- beginning of events
07-15 09:39:31.430  1750  1750 I auditd  : type=1400 audit(0.0:1232): avc: denied { create } for comm="DefaultDispatch" name="journal.tmp" scontext=u:r:zygote:s0 tcontext=u:object_r:system_data_file:s0 tclass=file permissive=1
07-15 09:39:31.430  1750  1750 I auditd  : type=1400 audit(0.0:1233): avc: denied { write } for comm="DefaultDispatch" path="/data/user/0/com.bozee.usbdisplay/cache/image_manager_disk_cache/journal.tmp" dev="mmcblk2p16" ino=122798 scontext=u:r:zygote:s0 tcontext=u:object_r:system_data_file:s0 tclass=file permissive=1
07-15 09:39:31.463  1750  1750 I auditd  : type=1400 audit(0.0:1234): avc: denied { remove_name } for comm="DefaultDispatch" name="journal.tmp" dev="mmcblk2p16" ino=122798 scontext=u:r:zygote:s0 tcontext=u:object_r:system_data_file:s0 tclass=dir permissive=1
07-15 09:39:31.764   421   421 I notification_cancel_all: [1000,421,com.android.vending,0,0,0,20,NULL]
07-15 09:39:31.793   421   421 I notification_cancel_all: [1000,421,com.android.vending,0,0,0,20,NULL]
07-15 09:39:31.818   421   421 I notification_cancel_all: [1000,421,com.android.vending,0,0,0,20,NULL]
07-15 09:39:31.820   421   421 I notification_cancel_all: [1000,421,com.android.vending,0,0,0,20,NULL]
07-15 09:39:31.822   421   421 I notification_cancel_all: [1000,421,com.android.vending,0,0,0,20,NULL]
07-15 09:39:32.076   132   132 I auditd  : avc:  denied  { find } for pid=1750 uid=1000 name=servicediscovery scontext=u:r:zygote:s0 tcontext=u:object_r:servicediscovery_service:s0 tclass=service_manager permissive=1
07-15 09:39:32.277   421   556 D NsdService: New client listening to asynchronous messages
07-15 09:39:32.305   421   556 D NsdService: New client, channel: com.android.internal.util.AsyncChannel@757663e messenger: android.os.Messenger@3519c9f
07-15 09:39:32.345   421   473 I commit_sys_config_file: [notification-policy,39828]
07-15 09:39:32.343  1750  1750 I auditd  : type=1400 audit(0.0:1249): avc: denied { search } for comm="ozee.usbdisplay" name="net" dev="sysfs" ino=10076 scontext=u:r:zygote:s0 tcontext=u:object_r:sysfs_net:s0 tclass=dir permissive=1
07-15 09:39:32.343  1750  1750 I auditd  : type=1400 audit(0.0:1250): avc: denied { read } for comm="ozee.usbdisplay" name="address" dev="sysfs" ino=25286 scontext=u:r:zygote:s0 tcontext=u:object_r:sysfs_net:s0 tclass=file permissive=1
07-15 09:39:32.343  1750  1750 I auditd  : type=1400 audit(0.0:1251): avc: denied { open } for comm="ozee.usbdisplay" path="/sys/devices/platform/ff380000.dwmmc/mmc_host/mmc1/mmc1:0001/mmc1:0001:1/net/wlan0/address" dev="sysfs" ino=25286 scontext=u:r:zygote:s0 tcontext=u:object_r:sysfs_net:s0 tclass=file permissive=1
07-15 09:39:32.343  1750  1750 I auditd  : type=1400 audit(0.0:1252): avc: denied { getattr } for comm="ozee.usbdisplay" path="/sys/devices/platform/ff380000.dwmmc/mmc_host/mmc1/mmc1:0001/mmc1:0001:1/net/wlan0/address" dev="sysfs" ino=25286 scontext=u:r:zygote:s0 tcontext=u:object_r:sysfs_net:s0 tclass=file permissive=1
07-15 09:39:32.366  1890  1890 I auditd  : type=1400 audit(0.0:1253): avc: denied { execute } for comm="ozee.usbdisplay" name="toybox" dev="dm-0" ino=1096 scontext=u:r:zygote:s0 tcontext=u:object_r:toolbox_exec:s0 tclass=file permissive=1
07-15 09:39:32.487     0     0 W audit   : audit_lost=1054 audit_rate_limit=5 audit_backlog_limit=64
07-15 09:39:32.491     0     0 E audit   : rate limit exceeded
07-15 09:39:33.354  1750  1750 W ContextImpl: Calling a method in the system process without a qualified user: android.app.ContextImpl.startForegroundService:1831 android.content.ContextWrapper.startForegroundService:781 com.bozee.usbdisplay.USBDisplayService.onCreate:1760 android.app.ActivityThread.handleCreateService:4554 android.app.ActivityThread.access$1700:256 
07-15 09:39:33.365   132   132 I auditd  : avc:  denied  { find } for pid=1750 uid=1000 name=usb scontext=u:r:zygote:s0 tcontext=u:object_r:usb_service:s0 tclass=service_manager permissive=1
07-15 09:39:33.366  1750  1750 I auditd  : type=1400 audit(0.0:1835): avc: denied { map } for comm="ozee.usbdisplay" path="/odm/bundled_persist-app/QuickShare-Projector-Tianxing-3326-A-release-3.5.43/QuickShare-Projector-Tianxing-3326-A-release-3.5.43.apk" dev="dm-4" ino=14 scontext=u:r:zygote:s0 tcontext=u:object_r:vendor_app_file:s0 tclass=file permissive=1
07-15 09:39:33.366  1750  1750 I auditd  : type=1400 audit(0.0:1836): avc: denied { read } for comm="ozee.usbdisplay" path="/odm/bundled_persist-app/QuickShare-Projector-Tianxing-3326-A-release-3.5.43/QuickShare-Projector-Tianxing-3326-A-release-3.5.43.apk" dev="dm-4" ino=14 scontext=u:r:zygote:s0 tcontext=u:object_r:vendor_app_file:s0 tclass=file permissive=1
07-15 09:39:33.676  1906  1906 I auditd  : type=1400 audit(0.0:1837): avc: denied { read } for comm="ifconfig" name="dev" dev="proc" ino=4026531987 scontext=u:r:zygote:s0 tcontext=u:object_r:proc_net:s0 tclass=file permissive=1
07-15 09:39:33.676  1906  1906 I auditd  : type=1400 audit(0.0:1838): avc: denied { open } for comm="ifconfig" path="/proc/1906/net/dev" dev="proc" ino=4026531987 scontext=u:r:zygote:s0 tcontext=u:object_r:proc_net:s0 tclass=file permissive=1
07-15 09:39:33.676  1906  1906 I auditd  : type=1400 audit(0.0:1839): avc: denied { getattr } for comm="ifconfig" path="/proc/1906/net/dev" dev="proc" ino=4026531987 scontext=u:r:zygote:s0 tcontext=u:object_r:proc_net:s0 tclass=file permissive=1
07-15 09:39:33.758   421   473 I commit_sys_config_file: [notification-policy,41241]
07-15 09:39:33.808     0     0 W audit   : audit_lost=1626 audit_rate_limit=5 audit_backlog_limit=64
07-15 09:39:33.809     0     0 E audit   : rate limit exceeded
07-15 09:39:33.851   421  1767 I pm_snapshot_rebuild: [38,529]
07-15 09:39:33.961   421   421 I notification_enqueue: [1000,1750,com.bozee.usbdisplay,114,NULL,0,Notification(channel=usb.display shortcut=null contentView=null vibrate=null sound=null defaults=0x0 flags=0x40 color=0x00000000 vis=PRIVATE),0]
07-15 09:39:33.962   421   421 I sysui_multi_action: [757,1501,758,1,793,101,794,0,795,101,796,114,806,com.bozee.usbdisplay,857,usb.display,858,3,947,0,1500,0]
07-15 09:39:33.963   421   421 I sysui_multi_action: [757,804,799,note_interruptive,801,0,802,1]
07-15 09:39:34.013   421   421 W NotificationHistory: Attempted to add notif for locked/gone/disabled user 0
07-15 09:39:34.185   421   473 I commit_sys_config_file: [notification-policy,41668]
07-15 09:39:34.393  1750  1750 I auditd  : type=1400 audit(0.0:1841): avc: denied { search } for comm="pool-7-thread-1" name="bundled_persist-app" dev="dm-4" ino=12 scontext=u:r:zygote:s0 tcontext=u:object_r:vendor_app_file:s0 tclass=dir permissive=1
07-15 09:39:34.420  1750  1750 I auditd  : type=1400 audit(0.0:1842): avc: denied { open } for comm="pool-7-thread-1" path="/odm/bundled_persist-app/QuickShare-Projector-Tianxing-3326-A-release-3.5.43/lib/arm/libwired-ios.so" dev="dm-4" ino=71 scontext=u:r:zygote:s0 tcontext=u:object_r:vendor_app_file:s0 tclass=file permissive=1
07-15 09:39:34.463  1750  1750 I auditd  : type=1400 audit(0.0:1843): avc: denied { execute } for comm="pool-7-thread-1" path="/odm/bundled_persist-app/QuickShare-Projector-Tianxing-3326-A-release-3.5.43/lib/arm/libusbserver.so" dev="dm-4" ino=70 scontext=u:r:zygote:s0 tcontext=u:object_r:vendor_app_file:s0 tclass=file permissive=1
07-15 09:39:34.520  1920  1920 I auditd  : type=1400 audit(0.0:1844): avc: denied { open } for comm=[REDACTED_SSID] path="/dev/__properties__/u:object_r:device_config_connectivity_prop:s0" dev=[REDACTED_SSID] ino=2368 scontext=u:r:zygote:s0 tcontext=u:object_r:device_config_connectivity_prop:s0 tclass=file permissive=1
07-15 09:39:34.520  1920  1920 I auditd  : type=1400 audit(0.0:1845): avc: denied { getattr } for comm=[REDACTED_SSID] path="/dev/__properties__/u:object_r:device_config_connectivity_prop:s0" dev=[REDACTED_SSID] ino=2368 scontext=u:r:zygote:s0 tcontext=u:object_r:device_config_connectivity_prop:s0 tclass=file permissive=1
07-15 09:39:34.548   421   526 I am_compact: [1292,com.google.process.gapps,file,62128,43032,18256,15112,0,0,0,0,25,1,71928,100,5,1328888,0]
07-15 09:39:34.639   421   969 W ActivityManager: Unable to start service Intent { act=com.google.android.gms.wearable.BIND pkg=com.google.android.gms } U=0: not found
07-15 09:39:34.656   421   969 W ActivityManager: Unbind failed: could not find connection for android.os.BinderProxy@3f684e
07-15 09:39:34.843   976  1916 I gms_unknown: 47122
07-15 09:39:34.900   421  1767 V xzj     : startProcess: name=com.google.android.gms.unstable app=null knownToBeDead=true hostingType=service
07-15 09:39:34.909   421  1767 D CompatibilityChangeReporter: Compat change id reported: 135634846; UID 10019; state: DISABLED
07-15 09:39:34.911   421   481 D CompatibilityChangeReporter: Compat change id reported: 143937733; UID 10019; state: ENABLED
