07-15 09:42:06.048   421   469 E PackageManager: 	at com.android.server.pm.PackageManagerService.onTransact(PackageManagerService.java:8890)
07-15 09:42:06.048   421   469 E PackageManager: 	at android.os.Binder.execTransactInternal(Binder.java:1184)
07-15 09:42:06.048   421   469 E PackageManager: 	at android.os.Binder.execTransact(Binder.java:1143)
07-15 09:42:06.123     0     0 I binder  : 2745:2745 ioctl 40046210 fffbee10 returned -22
07-15 09:42:07.570  2472  2472 I auditd  : type=1400 audit(0.0:3454): avc: denied { write } for comm="absolut.fit/..." name="fwmarkd" dev="tmpfs" ino=16670 scontext=u:r:zygote:s0 tcontext=u:object_r:fwmarkd_socket:s0 tclass=sock_file permissive=1
07-15 09:42:07.573   267   267 I auditd  : type=1400 audit(0.0:3455): avc: denied { use } for comm="Binder:267_2" path="socket:[46920]" dev="sockfs" ino=46920 scontext=u:r:netd:s0 tcontext=u:r:zygote:s0 tclass=fd permissive=1
07-15 09:42:18.353   693   693 I auditd  : type=1400 audit(0.0:3456): avc: denied { read } for comm=".android.tv.set" scontext=u:r:zygote:s0 tcontext=u:r:surfaceflinger:s0 tclass=unix_stream_socket permissive=1
07-15 09:42:18.860     0     0 W         : hason rmc test period=39345
07-15 09:42:18.863     0     0 W         : hason rmc test period=2216
07-15 09:42:21.564     0     0 W healthd : battery l=50 v=3 t=2.6 h=2 st=3 fc=100 chg=au
07-15 09:42:22.978     0     0 W         : hason rmc test period=39383
07-15 09:42:22.981     0     0 W         : hason rmc test period=2078
07-15 09:42:23.206   693   693 I auditd  : type=1400 audit(0.0:3457): avc: denied { remove_name } for comm="queued-work-loo" name="com.android.tv.set_preferences.xml" dev="mmcblk2p16" ino=97900 scontext=u:r:zygote:s0 tcontext=u:object_r:system_data_file:s0 tclass=dir permissive=1
07-15 09:42:25.140   421   480 I am_uid_idle: 10031
07-15 09:42:25.348     0     0 W         : hason rmc test period=39350
07-15 09:42:25.351     0     0 W         : hason rmc test period=2239
07-15 09:42:25.643   693   693 I auditd  : type=1400 audit(0.0:3458): avc: denied { call } for comm="RenderThread" scontext=u:r:zygote:s0 tcontext=u:r:hal_graphics_allocator_default:s0 tclass=binder permissive=1
07-15 09:42:25.643   211   211 I auditd  : type=1400 audit(0.0:3459): avc: denied { read write } for comm="HwBinder:211_2" path=2F6D656D66643A6772616C6C6F635F7368617265645F6D656D6F7279202864656C6574656429 dev="tmpfs" ino=47826 scontext=u:r:zygote:s0 tcontext=u:object_r:hal_graphics_allocator_default_tmpfs:s0 tclass=file permissive=1
07-15 09:42:25.643   693   693 I auditd  : type=1400 audit(0.0:3460): avc: denied { map } for comm="RenderThread" path=2F6D656D66643A6772616C6C6F635F7368617265645F6D656D6F7279202864656C6574656429 dev="tmpfs" ino=47826 scontext=u:r:zygote:s0 tcontext=u:object_r:hal_graphics_allocator_default_tmpfs:s0 tclass=file permissive=1
07-15 09:42:26.931     0     0 I init    : starting service 'adbd'...
07-15 09:42:26.933     0     0 I init    : Created socket '/dev/socket/adbd', mode 660, user 1000, group 1000
07-15 09:42:26.943     0     0 I init    : Control message: Processed ctl.start for 'adbd' from pid: 421 (system_server)
07-15 09:42:26.970  2516  2516 I auditd  : type=1400 audit(0.0:3461): avc: denied { read } for comm="Thread-2" path="socket:[44140]" dev="sockfs" ino=44140 scontext=u:r:zygote:s0 tcontext=u:r:zygote:s0 tclass=tcp_socket permissive=1
07-15 09:42:27.015   421   471 I UsbDeviceManager: Setting USB config to adb
07-15 09:42:27.020     0     0 I init    : processing action (sys.usb.config=none && sys.usb.configfs=1) from (/vendor/etc/init/hw/init.rk30board.usb.rc:93)
07-15 09:42:27.027     0     0 I init    : processing action (sys.usb.config=none && sys.usb.configfs=1) from (/system/etc/init/hw/init.usb.configfs.rc:1)
07-15 09:42:27.030     0     0 I android_work: did not send uevent (0 0           (null))
07-15 09:42:27.031     0     0 E dwc2 ff300000.usb: dwc2_hsotg_ep_disable: called in host mode?
07-15 09:42:27.032     0     0 E dwc2 ff300000.usb: dwc2_hsotg_ep_disable: called in host mode?
07-15 09:42:27.032     0     0 E dwc2 ff300000.usb: dwc2_hsotg_ep_disable: called in host mode?
07-15 09:42:27.034     0     0 E dwc2 ff300000.usb: dwc2_hsotg_ep_disable: called in host mode?
07-15 09:42:27.034     0     0 E dwc2 ff300000.usb: dwc2_hsotg_ep_disable: called in host mode?
07-15 09:42:27.035     0     0 E dwc2 ff300000.usb: dwc2_hsotg_ep_disable: called in host mode?
07-15 09:42:27.036     0     0 E dwc2 ff300000.usb: dwc2_hsotg_ep_disable: called in host mode?
07-15 09:42:27.037     0     0 E dwc2 ff300000.usb: dwc2_hsotg_ep_disable: called in host mode?
07-15 09:42:27.037     0     0 E dwc2 ff300000.usb: dwc2_hsotg_ep_disable: called in host mode?
07-15 09:42:27.038     0     0 E dwc2 ff300000.usb: dwc2_hsotg_ep_disable: called in host mode?
07-15 09:42:27.038     0     0 E dwc2 ff300000.usb: dwc2_hsotg_ep_disable: called in host mode?
07-15 09:42:27.042     0     0 I init    : Sending signal 9 to service 'adbd' (pid 3164) process group...
07-15 09:42:27.049     0     0 I libprocessgroup: Successfully killed process cgroup uid 0 pid 3164 in 6ms
07-15 09:42:27.054     0     0 I init    : Service 'adbd' (pid 3164) received signal 9
07-15 09:42:27.063     0     0 I init    : Command 'rm /config/usb_gadget/g1/configs/b.1/f2' action=sys.usb.config=none && sys.usb.configfs=1 (/system/etc/init/hw/init.usb.configfs.rc:9) took 0ms and failed: unlink() failed: No such file or directory
07-15 09:42:27.065     0     0 I init    : Command 'rm /config/usb_gadget/g1/configs/b.1/f3' action=sys.usb.config=none && sys.usb.configfs=1 (/system/etc/init/hw/init.usb.configfs.rc:10) took 0ms and failed: unlink() failed: No such file or directory
07-15 09:42:27.126   421   525 I commit_sys_config_file: [settings-0-0,30]
07-15 09:42:27.221     0     0 I         : read descriptors
07-15 09:42:27.222     0     0 I         : read strings
07-15 09:42:27.227     0     0 I dwc2 ff300000.usb: bound driver configfs-gadget
07-15 09:42:27.277   421   471 W Looper  : Slow dispatch took 333ms android.fg h=com.android.server.usb.UsbDeviceManager$UsbHandlerLegacy c=null m=1
07-15 09:42:27.287   421   471 W Looper  : Slow delivery took 335ms android.fg h=com.android.server.adb.AdbDebuggingManager$AdbDebuggingHandler c=null m=1
07-15 09:42:27.326   421   471 W Looper  : Drained
07-15 09:42:27.406  1750  1750 I auditd  : type=1400 audit(0.0:3462): avc: denied { create } for comm=444C4E412053746172742030 scontext=u:r:zygote:s0 tcontext=u:r:zygote:s0 tclass=udp_socket permissive=1
07-15 09:42:27.406  1750  1750 I auditd  : type=1400 audit(0.0:3463): avc: denied { ioctl } for comm=444C4E412053746172742030 path="socket:[49743]" dev="sockfs" ino=49743 ioctlcmd=0x8913 scontext=u:r:zygote:s0 tcontext=u:r:zygote:s0 tclass=udp_socket permissive=1
07-15 09:42:27.427     0     0 W audit   : audit_lost=3050 audit_rate_limit=5 audit_backlog_limit=64
07-15 09:42:27.428     0     0 E audit   : rate limit exceeded
07-15 09:42:27.420  1750  1750 I auditd  : type=1400 audit(0.0:3464): avc: denied { write } for comm="pool-7-thread-1" scontext=u:r:zygote:s0 tcontext=u:r:zygote:s0 tclass=netlink_route_socket permissive=1
07-15 09:42:27.420  1750  1750 I auditd  : type=1400 audit(0.0:3465): avc: denied { nlmsg_readpriv } for comm="pool-7-thread-1" scontext=u:r:zygote:s0 tcontext=u:r:zygote:s0 tclass=netlink_route_socket permissive=1
07-15 09:42:27.420  1750  1750 I auditd  : type=1400 audit(0.0:3466): avc: denied { read } for comm="pool-7-thread-1" scontext=u:r:zygote:s0 tcontext=u:r:zygote:s0 tclass=netlink_route_socket permissive=1
07-15 09:42:27.423  1750  1750 I auditd  : type=1400 audit(0.0:3467): avc: denied { nlmsg_read } for comm="pool-7-thread-1" scontext=u:r:zygote:s0 tcontext=u:r:zygote:s0 tclass=netlink_route_socket permissive=1
07-15 09:42:27.423  1750  1750 I auditd  : type=1400 audit(0.0:3468): avc: denied { setopt } for comm="pool-7-thread-1" lport=5353 scontext=u:r:zygote:s0 tcontext=u:r:zygote:s0 tclass=udp_socket permissive=1
07-15 09:42:28.965     0     0 W         : hason rmc test period=39379
07-15 09:42:28.967     0     0 W         : hason rmc test period=2243
07-15 09:42:29.093   693   693 I auditd  : type=1400 audit(0.0:3475): avc: denied { write } for comm=".android.tv.set" name="property_service" dev="tmpfs" ino=3551 scontext=u:r:zygote:s0 tcontext=u:object_r:property_socket:s0 tclass=sock_file permissive=1
07-15 09:42:29.093   693   693 I auditd  : type=1400 audit(0.0:3476): avc: denied { connectto } for comm=".android.tv.set" path="/dev/socket/property_service" scontext=u:r:zygote:s0 tcontext=u:r:init:s0 tclass=unix_stream_socket permissive=1
07-15 09:42:29.174   421  3175 W AdbDebuggingManager: Read failed with count -1
07-15 09:42:29.175   421  3175 E AdbDebuggingManager: Caught an exception opening the socket: java.io.IOException: Connection refused
07-15 09:42:29.184     0     0 E dwc2 ff300000.usb: dwc2_hsotg_ep_disable: called in host mode?
07-15 09:42:29.185     0     0 E dwc2 ff300000.usb: dwc2_hsotg_ep_disable: called in host mode?
07-15 09:42:29.186     0     0 I android_work: did not send uevent (0 0           (null))
07-15 09:42:29.186     0     0 E dwc2 ff300000.usb: dwc2_hsotg_ep_disable: called in host mode?
07-15 09:42:29.187     0     0 E dwc2 ff300000.usb: dwc2_hsotg_ep_disable: called in host mode?
07-15 09:42:29.188     0     0 E dwc2 ff300000.usb: dwc2_hsotg_ep_disable: called in host mode?
07-15 09:42:29.188     0     0 E dwc2 ff300000.usb: dwc2_hsotg_ep_disable: called in host mode?
07-15 09:42:29.189     0     0 E dwc2 ff300000.usb: dwc2_hsotg_ep_disable: called in host mode?
07-15 09:42:29.190     0     0 E dwc2 ff300000.usb: dwc2_hsotg_ep_disable: called in host mode?
07-15 09:42:29.190     0     0 E dwc2 ff300000.usb: dwc2_hsotg_ep_disable: called in host mode?
07-15 09:42:29.191     0     0 E dwc2 ff300000.usb: dwc2_hsotg_ep_disable: called in host mode?
07-15 09:42:29.192     0     0 E dwc2 ff300000.usb: dwc2_hsotg_ep_disable: called in host mode?
07-15 09:42:31.177   421  3175 E AdbDebuggingManager: Caught an exception opening the socket: java.io.IOException: No such file or directory
07-15 09:42:32.088     0     0 I init    : starting service 'adbd'...
07-15 09:42:32.090     0     0 I init    : Created socket '/dev/socket/adbd', mode 660, user 1000, group 1000
07-15 09:42:32.127     0     0 I         : read descriptors
07-15 09:42:32.128     0     0 I         : read strings
07-15 09:42:32.132     0     0 I init    : processing action (sys.usb.config=adb && sys.usb.configfs=1 && sys.usb.ffs.ready=1) from (/system/etc/init/hw/init.usb.configfs.rc:20)
07-15 09:42:32.135     0     0 I init    : Command 'symlink /config/usb_gadget/g1/functions/ffs.adb /config/usb_gadget/g1/configs/b.1/f1' action=sys.usb.config=adb && sys.usb.configfs=1 && sys.usb.ffs.ready=1 (/system/etc/init/hw/init.usb.configfs.rc:22) took 0ms and failed: symlink() failed: File exists
07-15 09:42:32.139     0     0 I dwc2 ff300000.usb: bound driver configfs-gadget
07-15 09:42:32.326  1750  1750 I auditd  : type=1400 audit(0.0:3477): avc: denied { search } for comm="pool-7-thread-3" name="net" dev="sysfs" ino=10076 scontext=u:r:zygote:s0 tcontext=u:object_r:sysfs_net:s0 tclass=dir permissive=1
07-15 09:42:32.326  1750  1750 I auditd  : type=1400 audit(0.0:3478): avc: denied { read } for comm="pool-7-thread-3" name="address" dev="sysfs" ino=25286 scontext=u:r:zygote:s0 tcontext=u:object_r:sysfs_net:s0 tclass=file permissive=1
07-15 09:42:32.326  1750  1750 I auditd  : type=1400 audit(0.0:3479): avc: denied { open } for comm="pool-7-thread-3" path="/sys/devices/platform/ff380000.dwmmc/mmc_host/mmc1/mmc1:0001/mmc1:0001:1/net/wlan0/address" dev="sysfs" ino=25286 scontext=u:r:zygote:s0 tcontext=u:object_r:sysfs_net:s0 tclass=file permissive=1
07-15 09:42:32.326  1750  1750 I auditd  : type=1400 audit(0.0:3480): avc: denied { getattr } for comm="pool-7-thread-3" path="/sys/devices/platform/ff380000.dwmmc/mmc_host/mmc1/mmc1:0001/mmc1:0001:1/net/wlan0/address" dev="sysfs" ino=25286 scontext=u:r:zygote:s0 tcontext=u:object_r:sysfs_net:s0 tclass=file permissive=1
07-15 09:42:32.350  3187  3187 I auditd  : type=1400 audit(0.0:3481): avc: denied { execute } for comm="pool-7-thread-3" name="toybox" dev="dm-0" ino=1096 scontext=u:r:zygote:s0 tcontext=u:object_r:toolbox_exec:s0 tclass=file permissive=1
07-15 09:42:32.350  3187  3187 I auditd  : type=1400 audit(0.0:3482): avc: denied { read open } for comm="pool-7-thread-3" path="/system/bin/toybox" dev="dm-0" ino=1096 scontext=u:r:zygote:s0 tcontext=u:object_r:toolbox_exec:s0 tclass=file permissive=1
07-15 09:42:32.357     0     0 W audit   : audit_lost=3056 audit_rate_limit=5 audit_backlog_limit=64
07-15 09:42:32.358     0     0 E audit   : rate limit exceeded
07-15 09:42:32.350  3187  3187 I auditd  : type=1400 audit(0.0:3483): avc: denied { execute_no_trans } for comm="pool-7-thread-3" path="/system/bin/toybox" dev="dm-0" ino=1096 scontext=u:r:zygote:s0 tcontext=u:object_r:toolbox_exec:s0 tclass=file permissive=1
07-15 09:42:32.353  3187  3187 I auditd  : type=1400 audit(0.0:3484): avc: denied { map } for comm="ifconfig" path="/system/bin/toybox" dev="dm-0" ino=1096 scontext=u:r:zygote:s0 tcontext=u:object_r:toolbox_exec:s0 tclass=file permissive=1
07-15 09:42:46.533  2472  2472 I auditd  : type=1400 audit(0.0:3961): avc: denied { read write } for comm=50726F66696C65205361766572 name="primary.prof" dev="mmcblk2p16" ino=146640 scontext=u:r:zygote:s0 tcontext=u:object_r:user_profile_data_file:s0 tclass=file permissive=1
07-15 09:42:46.533  2472  2472 I auditd  : type=1400 audit(0.0:3962): avc: denied { open } for comm=50726F66696C65205361766572 path="/data/misc/profiles/cur/0/com.rockchip.itvbox/primary.prof" dev="mmcblk2p16" ino=146640 scontext=u:r:zygote:s0 tcontext=u:object_r:user_profile_data_file:s0 tclass=file permissive=1
07-15 09:42:46.533  2472  2472 I auditd  : type=1400 audit(0.0:3963): avc: denied { lock } for comm=50726F66696C65205361766572 path="/data/misc/profiles/cur/0/com.rockchip.itvbox/primary.prof" dev="mmcblk2p16" ino=146640 scontext=u:r:zygote:s0 tcontext=u:object_r:user_profile_data_file:s0 tclass=file permissive=1
07-15 09:42:46.533  2472  2472 I auditd  : type=1400 audit(0.0:3964): avc: denied { write } for comm=50726F66696C65205361766572 name="1775619663419.enctmp.cur.prof" dev="mmcblk2p16" ino=130189 scontext=u:r:zygote:s0 tcontext=u:object_r:system_data_file:s0 tclass=file permissive=1
07-15 09:43:21.564     0     0 W healthd : battery l=50 v=3 t=2.6 h=2 st=3 fc=100 chg=au
07-15 09:43:33.296   421   528 D CompatibilityChangeReporter: Compat change id reported: 168419799; UID 10019; state: DISABLED
07-15 09:43:34.343   421   525 I commit_sys_config_file: [settings-0-0,11]
07-15 09:43:35.840   131   131 I auditd  : type=1400 audit(0.0:3965): avc: denied { search } for comm="lmkd" name="0" dev="tmpfs" ino=2733 scontext=u:r:lmkd:s0 tcontext=u:object_r:mnt_user_file:s0 tclass=dir permissive=1
07-15 09:43:35.840   131   131 I auditd  : type=1400 audit(0.0:3966): avc: denied { read } for comm="lmkd" name="primary" dev="tmpfs" ino=21976 scontext=u:r:lmkd:s0 tcontext=u:object_r:mnt_user_file:s0 tclass=lnk_file permissive=1
07-15 09:43:35.840   131   131 I auditd  : type=1400 audit(0.0:3967): avc: denied { search } for comm="lmkd" name="/" dev="fuse" ino=170690 scontext=u:r:lmkd:s0 tcontext=u:object_r:fuse:s0 tclass=dir permissive=1
07-15 09:43:35.840   892   892 I auditd  : type=1400 audit(0.0:3968): avc: denied { search } for comm="Thread-4" name="0" dev="tmpfs" ino=2738 scontext=u:r:priv_app:s0:c512,c768 tcontext=u:object_r:mnt_pass_through_file:s0 tclass=dir permissive=1 app=com.android.providers.media.module
07-15 09:43:44.130   421   885 I ActivityManager: Killing 2649:com.android.permissioncontroller/u0a31 (adj 905): empty #1
07-15 09:43:44.130   421   885 I am_kill : [0,2649,com.android.permissioncontroller,905,empty #1]
07-15 09:43:44.177   421   678 I am_proc_died: [0,2649,com.android.permissioncontroller,905,19]
07-15 09:43:44.179   421   678 I am_uid_stopped: 10031
07-15 09:43:44.185   421   678 D xzj     : ---low mem mode,skip restart crashed app= ProcessRecord{43afab3 2649:com.android.permissioncontroller/u0a31}
07-15 09:43:44.227   421   479 I am_pss  : [693,1000,com.android.tv.set,32516096,20815872,2039808,111411200,0,2,10]
07-15 09:43:44.238   421   479 I am_pss  : [2387,1000,com.android.tv.settings,21306368,12341248,646144,96956416,0,2,9]
07-15 09:43:44.245   421   479 I am_pss  : [2516,1000,com.rockchip.itvbox:alive,15528960,11845632,671744,71258112,0,4,7]
07-15 09:43:44.254   421   479 I am_pss  : [2472,1000,com.rockchip.itvbox,18334720,14143488,635904,79474688,0,4,8]
07-15 09:43:44.263   421   479 I am_pss  : [1750,1000,com.bozee.usbdisplay,27779072,22929408,631808,92737536,0,4,9]
07-15 09:43:44.271   421   479 I am_pss  : [1995,1000,com.huawei.connection,10762240,6631424,669696,69087232,0,4,6]
07-15 09:43:52.963  2516  2516 I auditd  : type=1400 audit(0.0:3969): avc: denied { accept } for comm="Thread-6" lport=33707 scontext=u:r:zygote:s0 tcontext=u:r:zygote:s0 tclass=tcp_socket permissive=1
07-15 09:43:52.963  2516  2516 I auditd  : type=1400 audit(0.0:3970): avc: denied { setopt } for comm="Thread-6" laddr=::ffff:[REDACTED_IP].1 lport=33707 faddr=::ffff:[REDACTED_IP].1 fport=52006 scontext=u:r:zygote:s0 tcontext=u:r:zygote:s0 tclass=tcp_socket permissive=1
07-15 09:43:53.496  2516  2516 I auditd  : type=1400 audit(0.0:3971): avc: denied { shutdown } for comm="Thread-2" laddr=[REDACTED_IP] lport=49626 faddr=57.144.38.1 fport=443 scontext=u:r:zygote:s0 tcontext=u:r:zygote:s0 tclass=tcp_socket permissive=1
07-15 09:43:54.785   421   473 I DropBoxManagerService: add tag=system_server_strictmode isTagEnabled=true flags=0x2
07-15 09:43:54.788   421   473 I DropBoxManagerService: add tag=system_server_strictmode isTagEnabled=true flags=0x2
07-15 09:43:54.789   421   473 I DropBoxManagerService: add tag=system_server_strictmode isTagEnabled=true flags=0x2
07-15 09:43:54.792   421   473 I DropBoxManagerService: add tag=system_server_strictmode isTagEnabled=true flags=0x2
07-15 09:43:54.797   421   473 I DropBoxManagerService: add tag=system_server_strictmode isTagEnabled=true flags=0x2
07-15 09:43:54.799   421   473 I DropBoxManagerService: add tag=system_server_strictmode isTagEnabled=true flags=0x2
07-15 09:43:56.792   421   480 W BroadcastQueue: Background execution not allowed: receiving Intent { act=android.intent.action.DROPBOX_ENTRY_ADDED flg=0x10 (has extras) } to com.google.android.gms/.stats.service.DropBoxEntryAddedReceiver
07-15 09:43:57.980  2516  2516 I auditd  : type=1400 audit(0.0:3972): avc: denied { write } for comm="Thread-8" path="socket:[44149]" dev="sockfs" ino=44149 scontext=u:r:zygote:s0 tcontext=u:r:zygote:s0 tclass=tcp_socket permissive=1
07-15 09:43:58.093  2516  2516 I auditd  : type=1400 audit(0.0:3973): avc: denied { read } for comm="Thread-7" path="socket:[44149]" dev="sockfs" ino=44149 scontext=u:r:zygote:s0 tcontext=u:r:zygote:s0 tclass=tcp_socket permissive=1
07-15 09:44:03.706  1086  1086 I auditd  : type=1400 audit(0.0:3974): avc: denied { write } for comm="RxComputationTh" name="property_service" dev="tmpfs" ino=3551 scontext=u:r:zygote:s0 tcontext=u:object_r:property_socket:s0 tclass=sock_file permissive=1
07-15 09:44:03.706  1086  1086 I auditd  : type=1400 audit(0.0:3975): avc: denied { connectto } for comm="RxComputationTh" path="/dev/socket/property_service" scontext=u:r:zygote:s0 tcontext=u:r:init:s0 tclass=unix_stream_socket permissive=1
07-15 09:44:11.823  1750  1750 I auditd  : type=1400 audit(0.0:3976): avc: denied { write } for comm="pool-7-thread-1" scontext=u:r:zygote:s0 tcontext=u:r:zygote:s0 tclass=netlink_route_socket permissive=1
07-15 09:44:11.823  1750  1750 I auditd  : type=1400 audit(0.0:3977): avc: denied { nlmsg_readpriv } for comm="pool-7-thread-1" scontext=u:r:zygote:s0 tcontext=u:r:zygote:s0 tclass=netlink_route_socket permissive=1
07-15 09:44:11.823  1750  1750 I auditd  : type=1400 audit(0.0:3978): avc: denied { read } for comm="pool-7-thread-1" scontext=u:r:zygote:s0 tcontext=u:r:zygote:s0 tclass=netlink_route_socket permissive=1
07-15 09:44:11.823  1750  1750 I auditd  : type=1400 audit(0.0:3979): avc: denied { nlmsg_read } for comm="pool-7-thread-1" scontext=u:r:zygote:s0 tcontext=u:r:zygote:s0 tclass=netlink_route_socket permissive=1
07-15 09:44:17.440  2472  2472 I auditd  : type=1400 audit(0.0:3980): avc: denied { create } for comm="absolut.fit/..." scontext=u:r:zygote:s0 tcontext=u:r:zygote:s0 tclass=tcp_socket permissive=1
07-15 09:44:17.440  2472  2472 I auditd  : type=1400 audit(0.0:3981): avc: denied { getopt } for comm="absolut.fit/..." scontext=u:r:zygote:s0 tcontext=u:r:zygote:s0 tclass=tcp_socket permissive=1
07-15 09:44:17.445     0     0 W audit   : audit_lost=3532 audit_rate_limit=5 audit_backlog_limit=64
07-15 09:44:17.446     0     0 E audit   : rate limit exceeded
07-15 09:44:17.440   267   267 I auditd  : type=1400 audit(0.0:3982): avc: denied { use } for comm="Binder:267_2" path="socket:[53129]" dev="sockfs" ino=53129 scontext=u:r:netd:s0 tcontext=u:r:zygote:s0 tclass=fd permissive=1
07-15 09:44:17.440   267   267 I auditd  : type=1400 audit(0.0:3983): avc: denied { read write } for comm="Binder:267_2" path="socket:[53129]" dev="sockfs" ino=53129 scontext=u:r:netd:s0 tcontext=u:r:zygote:s0 tclass=tcp_socket permissive=1
07-15 09:44:17.440   267   267 I auditd  : type=1400 audit(0.0:3984): avc: denied { getopt } for comm="Binder:267_2" scontext=u:r:netd:s0 tcontext=u:r:zygote:s0 tclass=tcp_socket permissive=1
07-15 09:44:17.440   267   267 I auditd  : type=1400 audit(0.0:3985): avc: denied { setopt } for comm="Binder:267_2" scontext=u:r:netd:s0 tcontext=u:r:zygote:s0 tclass=tcp_socket permissive=1
07-15 09:44:17.897   421   526 I am_compact: [976,com.google.android.gms,all,103480,66128,36492,15924,0,0,0,0,2,2,58921,1001,19,1174776,0]
07-15 09:44:21.564     0     0 W healthd : battery l=50 v=3 t=2.6 h=2 st=3 fc=100 chg=au
07-15 09:44:39.413  2472  2472 I auditd  : type=1400 audit(0.0:3988): avc: denied { setopt } for comm="14.146.245:9000" scontext=u:r:zygote:s0 tcontext=u:r:zygote:s0 tclass=tcp_socket permissive=1
07-15 09:44:42.203  2472  2472 I auditd  : type=1400 audit(0.0:3989): avc: denied { shutdown } for comm="14.146.245:9000" laddr=::ffff:[REDACTED_IP] lport=48250 faddr=::ffff:46.224.229.249 fport=443 scontext=u:r:zygote:s0 tcontext=u:r:zygote:s0 tclass=tcp_socket permissive=1
07-15 09:44:42.347   948  2641 I gtalk_conn_close: [276,299]
07-15 09:44:42.689   421   469 D CompatibilityChangeReporter: Compat change id reported: 171306433; UID 10019; state: ENABLED
07-15 09:44:42.691   948  2641 I c2dm    : [-2,,1,1]
07-15 09:44:42.704   421   479 I am_pss  : [976,10019,com.google.android.gms,32910336,21794816,1437696,105164800,0,19,10]
07-15 09:44:42.921   948  1365 I gtalk_heartbeat_reset: [66136,172.217.76.188:5228]
07-15 09:44:42.925   948  1365 I gtalk_connection: 0
07-15 09:44:46.180  3249  3249 I auditd  : type=1400 audit(0.0:3990): avc: denied { read } for comm="cat" name="devices" dev="proc" ino=4026532000 scontext=u:r:shell:s0 tcontext=u:object_r:proc:s0 tclass=file permissive=1
07-15 09:44:46.180  3249  3249 I auditd  : type=1400 audit(0.0:3991): avc: denied { open } for comm="cat" path="/proc/devices" dev="proc" ino=4026532000 scontext=u:r:shell:s0 tcontext=u:object_r:proc:s0 tclass=file permissive=1
07-15 09:44:46.518     0     0 W audit   : audit_lost=3534 audit_rate_limit=5 audit_backlog_limit=64
07-15 09:44:46.518     0     0 E audit   : rate limit exceeded
07-15 09:44:46.513  3257  3257 I auditd  : type=1400 audit(0.0:3992): avc: denied { open } for comm="getprop" path="/dev/__properties__/u:object_r:aac_drc_prop:s0" dev="tmpfs" ino=2293 scontext=u:r:shell:s0 tcontext=u:object_r:aac_drc_prop:s0 tclass=file permissive=1
07-15 09:44:46.513  3257  3257 I auditd  : type=1400 audit(0.0:3993): avc: denied { getattr } for comm="getprop" path="/dev/__properties__/u:object_r:aac_drc_prop:s0" dev="tmpfs" ino=2293 scontext=u:r:shell:s0 tcontext=u:object_r:aac_drc_prop:s0 tclass=file permissive=1
07-15 09:44:46.513  3257  3257 I auditd  : type=1400 audit(0.0:3994): avc: denied { map } for comm="getprop" path="/dev/__properties__/u:object_r:aac_drc_prop:s0" dev="tmpfs" ino=2293 scontext=u:r:shell:s0 tcontext=u:object_r:aac_drc_prop:s0 tclass=file permissive=1
07-15 09:44:46.513  3257  3257 I auditd  : type=1400 audit(0.0:3995): avc: denied { open } for comm="getprop" path="/dev/__properties__/u:object_r:ab_update_gki_prop:s0" dev="tmpfs" ino=2295 scontext=u:r:shell:s0 tcontext=u:object_r:ab_update_gki_prop:s0 tclass=file permissive=1
07-15 09:44:46.513  3257  3257 I auditd  : type=1400 audit(0.0:3996): avc: denied { getattr } for comm="getprop" path="/dev/__properties__/u:object_r:ab_update_gki_prop:s0" dev="tmpfs" ino=2295 scontext=u:r:shell:s0 tcontext=u:object_r:ab_update_gki_prop:s0 tclass=file permissive=1
07-15 09:44:46.513  3257  3257 I auditd  : type=1400 audit(0.0:3997): avc: denied { map } for comm="getprop" path="/dev/__properties__/u:object_r:ab_update_gki_prop:s0" dev="tmpfs" ino=2295 scontext=u:r:shell:s0 tcontext=u:object_r:ab_update_gki_prop:s0 tclass=file permissive=1
07-15 09:44:46.767     0     0 I binder  : 3263:3263 ioctl 40046210 ffee1450 returned -22
07-15 09:44:46.997     0     0 I binder  : 3268:3268 ioctl 40046210 fff3fec0 returned -22
07-15 09:44:47.130     0     0 I binder  : 3273:3273 ioctl 40046210 ffb88720 returned -22
07-15 09:44:48.719     0     0 I binder  : 3278:3278 ioctl 40046210 ffdc52b0 returned -22
07-15 09:44:48.858     0     0 I binder  : 3283:3283 ioctl 40046210 ffe25db0 returned -22
07-15 09:44:49.001     0     0 I binder  : 3288:3288 ioctl 40046210 fff54890 returned -22
07-15 09:44:49.127     0     0 I binder  : 3291:3291 ioctl 40046210 ff9f12a0 returned -22
07-15 09:44:49.257     0     0 I binder  : 3295:3295 ioctl 40046210 ffdc95d0 returned -22
07-15 09:44:49.533  3301  3301 I auditd  : type=1400 audit(0.0:4339): avc: denied { read } for comm="cat" name="partitions" dev="proc" ino=4026532089 scontext=u:r:shell:s0 tcontext=u:object_r:proc:s0 tclass=file permissive=1
07-15 09:44:49.533  3301  3301 I auditd  : type=1400 audit(0.0:4340): avc: denied { open } for comm="cat" path="/proc/partitions" dev="proc" ino=4026532089 scontext=u:r:shell:s0 tcontext=u:object_r:proc:s0 tclass=file permissive=1
07-15 09:44:49.630  3303  3303 I auditd  : type=1400 audit(0.0:4341): avc: denied { getattr } for comm="mount" path="/linkerconfig" dev="tmpfs" ino=15634 scontext=u:r:shell:s0 tcontext=u:object_r:linkerconfig_file:s0 tclass=dir permissive=1
07-15 09:44:49.633  3303  3303 I auditd  : type=1400 audit(0.0:4342): avc: denied { getattr } for comm="mount" path="/cust" dev="mmcblk2p14" ino=2 scontext=u:r:shell:s0 tcontext=u:object_r:unlabeled:s0 tclass=dir permissive=1
07-15 09:44:49.633  3303  3303 I auditd  : type=1400 audit(0.0:4343): avc: denied { getattr } for comm="mount" path="/data_mirror" dev="tmpfs" ino=3962 scontext=u:r:shell:s0 tcontext=u:object_r:mirror_data_file:s0 tclass=dir permissive=1
07-15 09:44:49.640     0     0 W audit   : audit_lost=3875 audit_rate_limit=5 audit_backlog_limit=64
07-15 09:44:49.640     0     0 E audit   : rate limit exceeded
07-15 09:44:50.543  3311  3311 I auditd  : type=1400 audit(0.0:4382): avc: denied { getattr } for comm="find" path="/dev/socket/adbd" dev="tmpfs" ino=49809 scontext=u:r:shell:s0 tcontext=u:object_r:adbd_socket:s0 tclass=sock_file permissive=1
07-15 09:44:50.543  3311  3311 I auditd  : type=1400 audit(0.0:4383): avc: denied { getattr } for comm=[REDACTED_SSID] path="/dev/socket/wpa_wlan0" dev=[REDACTED_SSID] ino=19156 scontext=u:r:shell:s0 tcontext=u:object_r:wpa_socket:s0 tclass=sock_file permissive=1
07-15 09:44:50.543  3311  3311 I auditd  : type=1400 audit(0.0:4384): avc: denied { getattr } for comm="find" path="/dev/socket/mdnsd" dev="tmpfs" ino=19037 scontext=u:r:shell:s0 tcontext=u:object_r:mdnsd_socket:s0 tclass=sock_file permissive=1
07-15 09:44:50.543  3311  3311 I auditd  : type=1400 audit(0.0:4385): avc: denied { getattr } for comm="find" path="/dev/socket/camera_tool" dev="tmpfs" ino=887 scontext=u:r:shell:s0 tcontext=u:object_r:socket_device:s0 tclass=sock_file permissive=1
07-15 09:44:50.543  3311  3311 I auditd  : type=1400 audit(0.0:4386): avc: denied { getattr } for comm="find" path="/dev/socket/usap_pool_primary" dev="tmpfs" ino=16677 scontext=u:r:shell:s0 tcontext=u:object_r:zygote_socket:s0 tclass=sock_file permissive=1
07-15 09:44:50.674     0     0 W audit   : audit_lost=3961 audit_rate_limit=5 audit_backlog_limit=64
07-15 09:44:50.675     0     0 E audit   : rate limit exceeded
07-15 09:44:51.936  3311  3311 I auditd  : type=1400 audit(0.0:4567): avc: denied { read } for comm="find" name="ion" dev="sysfs" ino=10011 scontext=u:r:shell:s0 tcontext=u:object_r:sysfs_ion:s0 tclass=dir permissive=1
07-15 09:44:51.936  3311  3311 I auditd  : type=1400 audit(0.0:4568): avc: denied { open } for comm="find" path="/sys/kernel/ion" dev="sysfs" ino=10011 scontext=u:r:shell:s0 tcontext=u:object_r:sysfs_ion:s0 tclass=dir permissive=1
07-15 09:44:51.936  3311  3311 I auditd  : type=1400 audit(0.0:4569): avc: denied { search } for comm="find" name="ion" dev="sysfs" ino=10011 scontext=u:r:shell:s0 tcontext=u:object_r:sysfs_ion:s0 tclass=dir permissive=1
07-15 09:44:51.943     0     0 W audit   : audit_lost=4093 audit_rate_limit=5 audit_backlog_limit=64
07-15 09:44:51.945     0     0 E audit   : rate limit exceeded
07-15 09:44:51.936  3311  3311 I auditd  : type=1400 audit(0.0:4570): avc: denied { getattr } for comm="find" path="/sys/kernel/ion/total_pools_kb" dev="sysfs" ino=10013 scontext=u:r:shell:s0 tcontext=u:object_r:sysfs_ion:s0 tclass=file permissive=1
07-15 09:44:51.940  1750  1750 I auditd  : type=1400 audit(0.0:4571): avc: denied { create } for comm=444C4E412053746172742030 scontext=u:r:zygote:s0 tcontext=u:r:zygote:s0 tclass=udp_socket permissive=1
07-15 09:44:53.343  3311  3311 I auditd  : type=1400 audit(0.0:4589): avc: denied { getattr } for comm="find" path="/sys/kernel/debug/wakeup_sources" dev="debugfs" ino=3096 scontext=u:r:shell:s0 tcontext=u:object_r:debugfs_wakeup_sources:s0 tclass=file permissive=1
07-15 09:44:53.356  3311  3311 I auditd  : type=1400 audit(0.0:4590): avc: denied { getattr } for comm="find" path="/sys/kernel/debug/opp/cpu3" dev="debugfs" ino=11659 scontext=u:r:shell:s0 tcontext=u:object_r:debugfs:s0 tclass=lnk_file permissive=1
07-15 09:44:53.356  3311  3311 I auditd  : type=1400 audit(0.0:4591): avc: denied { read } for comm="find" name="cpu3" dev="debugfs" ino=11659 scontext=u:r:shell:s0 tcontext=u:object_r:debugfs:s0 tclass=lnk_file permissive=1
07-15 09:44:53.390  3311  3311 I auditd  : type=1400 audit(0.0:4592): avc: denied { getattr } for comm="find" path="/sys/power/wakeup_count" dev="sysfs" ino=4630 scontext=u:r:shell:s0 tcontext=u:object_r:sysfs_power:s0 tclass=file permissive=1
07-15 09:44:53.395     0     0 W audit   : audit_lost=4110 audit_rate_limit=5 audit_backlog_limit=64
07-15 09:44:53.398     0     0 E audit   : rate limit exceeded
07-15 09:44:53.393  3311  3311 I auditd  : type=1400 audit(0.0:4593): avc: denied { read } for comm="find" name="suspend_stats" dev="sysfs" ino=4639 scontext=u:r:shell:s0 tcontext=u:object_r:sysfs_suspend_stats:s0 tclass=dir permissive=1
07-15 09:44:54.430  3311  3311 I auditd  : type=1400 audit(0.0:4641): avc: denied { read } for comm="find" name="thermal" dev="sysfs" ino=10333 scontext=u:r:shell:s0 tcontext=u:object_r:sysfs_thermal:s0 tclass=dir permissive=1
07-15 09:44:54.430  3311  3311 I auditd  : type=1400 audit(0.0:4642): avc: denied { open } for comm="find" path="/sys/devices/virtual/thermal" dev="sysfs" ino=10333 scontext=u:r:shell:s0 tcontext=u:object_r:sysfs_thermal:s0 tclass=dir permissive=1
07-15 09:44:54.430  3311  3311 I auditd  : type=1400 audit(0.0:4643): avc: denied { search } for comm="find" name="thermal" dev="sysfs" ino=10333 scontext=u:r:shell:s0 tcontext=u:object_r:sysfs_thermal:s0 tclass=dir permissive=1
07-15 09:44:54.430  3311  3311 I auditd  : type=1400 audit(0.0:4644): avc: denied { getattr } for comm="find" path="/sys/devices/virtual/thermal/thermal_zone2/uevent" dev="sysfs" ino=19798 scontext=u:r:shell:s0 tcontext=u:object_r:sysfs_thermal:s0 tclass=file permissive=1
07-15 09:44:54.540  3311  3311 I auditd  : type=1400 audit(0.0:4645): avc: denied { read } for comm="find" name="uhid" dev="sysfs" ino=20471 scontext=u:r:shell:s0 tcontext=u:object_r:sysfs_uhid:s0 tclass=dir permissive=1
07-15 09:44:54.544     0     0 W audit   : audit_lost=4157 audit_rate_limit=5 audit_backlog_limit=64
07-15 09:44:54.545     0     0 E audit   : rate limit exceeded
07-15 09:44:56.070  3311  3311 I auditd  : type=1400 audit(0.0:4696): avc: denied { getattr } for comm="find" path="/sys/firmware/devicetree/base/compatible" dev="sysfs" ino=15 scontext=u:r:shell:s0 tcontext=u:object_r:sysfs_dev:s0 tclass=file permissive=1
07-15 09:44:56.096  3311  3311 I auditd  : type=1400 audit(0.0:4697): avc: denied { read } for comm="find" name="android" dev="sysfs" ino=985 scontext=u:r:shell:s0 tcontext=u:object_r:sysfs_dt_firmware_android:s0 tclass=dir permissive=1
07-15 09:44:56.096  3311  3311 I auditd  : type=1400 audit(0.0:4698): avc: denied { open } for comm="find" path="/sys/firmware/devicetree/base/firmware/android" dev="sysfs" ino=985 scontext=u:r:shell:s0 tcontext=u:object_r:sysfs_dt_firmware_android:s0 tclass=dir permissive=1
07-15 09:44:56.096  3311  3311 I auditd  : type=1400 audit(0.0:4699): avc: denied { search } for comm="find" name="android" dev="sysfs" ino=985 scontext=u:r:shell:s0 tcontext=u:object_r:sysfs_dt_firmware_android:s0 tclass=dir permissive=1
07-15 09:44:56.096  3311  3311 I auditd  : type=1400 audit(0.0:4700): avc: denied { getattr } for comm="find" path="/sys/firmware/devicetree/base/firmware/android/phandle" dev="sysfs" ino=986 scontext=u:r:shell:s0 tcontext=u:object_r:sysfs_dt_firmware_android:s0 tclass=file permissive=1
07-15 09:44:56.274     0     0 W audit   : audit_lost=4207 audit_rate_limit=5 audit_backlog_limit=64
07-15 09:44:56.274     0     0 E audit   : rate limit exceeded
07-15 09:45:02.236  2472  2472 I auditd  : type=1400 audit(0.0:4757): avc: denied { connectto } for comm="DefaultDispatch" path="/dev/socket/fwmarkd" scontext=u:r:zygote:s0 tcontext=u:r:netd:s0 tclass=unix_stream_socket permissive=1
07-15 09:45:05.626  2472  2472 I auditd  : type=1400 audit(0.0:4758): avc: denied { setopt } for comm="14.146.245:9000" scontext=u:r:zygote:s0 tcontext=u:r:zygote:s0 tclass=tcp_socket permissive=1
07-15 09:45:06.080  2472  2472 I auditd  : type=1400 audit(0.0:4759): avc: denied { read write } for comm=50726F66696C65205361766572 name="primary.prof" dev="mmcblk2p16" ino=146640 scontext=u:r:zygote:s0 tcontext=u:object_r:user_profile_data_file:s0 tclass=file permissive=1
07-15 09:45:06.083  2472  2472 I auditd  : type=1400 audit(0.0:4760): avc: denied { open } for comm=50726F66696C65205361766572 path="/data/misc/profiles/cur/0/com.rockchip.itvbox/primary.prof" dev="mmcblk2p16" ino=146640 scontext=u:r:zygote:s0 tcontext=u:object_r:user_profile_data_file:s0 tclass=file permissive=1
07-15 09:45:06.083  2472  2472 I auditd  : type=1400 audit(0.0:4761): avc: denied { lock } for comm=50726F66696C65205361766572 path="/data/misc/profiles/cur/0/com.rockchip.itvbox/primary.prof" dev="mmcblk2p16" ino=146640 scontext=u:r:zygote:s0 tcontext=u:object_r:user_profile_data_file:s0 tclass=file permissive=1
07-15 09:45:06.086  2472  2472 I auditd  : type=1400 audit(0.0:4762): avc: denied { write } for comm=50726F66696C65205361766572 name="1775619663419.enctmp.cur.prof" dev="mmcblk2p16" ino=130189 scontext=u:r:zygote:s0 tcontext=u:object_r:system_data_file:s0 tclass=file permissive=1
07-15 09:45:17.876   892   892 I auditd  : type=1400 audit(0.0:4763): avc: denied { search } for comm="Thread-8" name="0" dev="tmpfs" ino=2738 scontext=u:r:priv_app:s0:c512,c768 tcontext=u:object_r:mnt_pass_through_file:s0 tclass=dir permissive=1 app=com.android.providers.media.module
07-15 09:45:18.983     0     0 I binder  : 3327:3327 ioctl 40046210 ffb42538 returned -22
07-15 09:45:19.073  3327  3327 I auditd  : type=1400 audit(0.0:4764): avc: denied { call } for comm="service" scontext=u:r:shell:s0 tcontext=u:r:hal_light_default:s0 tclass=binder permissive=1
07-15 09:45:19.073  3327  3327 I auditd  : type=1400 audit(0.0:4765): avc: denied { call } for comm="service" scontext=u:r:shell:s0 tcontext=u:r:hal_power_default:s0 tclass=binder permissive=1
07-15 09:45:19.076  3327  3327 I auditd  : type=1400 audit(0.0:4766): avc: denied { call } for comm="service" scontext=u:r:shell:s0 tcontext=u:r:hal_keymint_default:s0 tclass=binder permissive=1
07-15 09:45:19.280   132   132 I auditd  : avc:  denied  { find } for pid=3327 uid=2000 name=dnsresolver scontext=u:r:shell:s0 tcontext=u:object_r:dnsresolver_service:s0 tclass=service_manager permissive=1
07-15 09:45:19.280  3327  3327 I auditd  : type=1400 audit(0.0:4767): avc: denied { call } for comm="service" scontext=u:r:shell:s0 tcontext=u:r:netd:s0 tclass=binder permissive=1
07-15 09:45:19.293  2516  2516 I auditd  : type=1400 audit(0.0:4768): avc: denied { accept } for comm="Thread-7" lport=33707 scontext=u:r:zygote:s0 tcontext=u:r:zygote:s0 tclass=tcp_socket permissive=1
07-15 09:45:19.327   132   132 I auditd  : avc:  denied  { find } for pid=3327 uid=2000 name=incident scontext=u:r:shell:s0 tcontext=u:object_r:incident_service:s0 tclass=service_manager permissive=1
07-15 09:45:19.326  3327  3327 I auditd  : type=1400 audit(0.0:4769): avc: denied { call } for comm="service" scontext=u:r:shell:s0 tcontext=u:r:incidentd:s0 tclass=binder permissive=1
07-15 09:45:19.363   132   132 I auditd  : avc:  denied  { find } for pid=3327 uid=2000 name=installd scontext=u:r:shell:s0 tcontext=u:object_r:installd_service:s0 tclass=service_manager permissive=1
07-15 09:45:19.360  3327  3327 I auditd  : type=1400 audit(0.0:4770): avc: denied { call } for comm="service" scontext=u:r:shell:s0 tcontext=u:r:installd:s0 tclass=binder permissive=1
07-15 09:45:19.406  2516  2516 I auditd  : type=1400 audit(0.0:4771): avc: denied { write } for comm="Thread-2" name="dnsproxyd" dev="tmpfs" ino=16666 scontext=u:r:zygote:s0 tcontext=u:object_r:dnsproxyd_socket:s0 tclass=sock_file permissive=1
07-15 09:45:19.440     0     0 W audit   : audit_lost=4263 audit_rate_limit=5 audit_backlog_limit=64
07-15 09:45:19.441     0     0 E audit   : rate limit exceeded
07-15 09:45:19.524   132   132 I auditd  : avc:  denied  { find } for pid=3327 uid=2000 name=netd scontext=u:r:shell:s0 tcontext=u:object_r:netd_service:s0 tclass=service_manager permissive=1
07-15 09:45:19.613   132   132 I auditd  : avc:  denied  { find } for pid=3327 uid=2000 name=rockchip_audio_setting scontext=u:r:shell:s0 tcontext=u:object_r:default_android_service:s0 tclass=service_manager permissive=1
07-15 09:45:19.734   132   132 I auditd  : avc:  denied  { find } for pid=3327 uid=2000 name=suspend_control scontext=u:r:shell:s0 tcontext=u:object_r:system_suspend_control_service:s0 tclass=service_manager permissive=1
07-15 09:45:19.741   132   132 I auditd  : avc:  denied  { find } for pid=3327 uid=2000 name=suspend_control_internal scontext=u:r:shell:s0 tcontext=u:object_r:system_suspend_control_internal_service:s0 tclass=service_manager permissive=1
07-15 09:45:19.802   132   132 I auditd  : avc:  denied  { find } for pid=3327 uid=2000 name=vold scontext=u:r:shell:s0 tcontext=u:object_r:vold_service:s0 tclass=service_manager permissive=1
07-15 09:45:19.931     0     0 I binder  : 3332:3332 ioctl 40046210 ffa44ea8 returned -22
07-15 09:45:20.418     0     0 I binder  : 3335:3335 ioctl 40046210 ff8423e8 returned -22
07-15 09:45:20.496  2516  2516 I auditd  : type=1400 audit(0.0:4793): avc: denied { shutdown } for comm="Thread-7" laddr=::ffff:[REDACTED_IP].1 lport=33707 faddr=::ffff:[REDACTED_IP].1 fport=52334 scontext=u:r:zygote:s0 tcontext=u:r:zygote:s0 tclass=tcp_socket permissive=1
07-15 09:45:20.845     0     0 I binder  : 3338:3338 ioctl 40046210 ff8ef9f8 returned -22
07-15 09:45:20.980     0     0 I binder  : 3341:3341 ioctl 40046210 ffdec398 returned -22
07-15 09:45:21.565     0     0 W healthd : battery l=50 v=3 t=2.6 h=2 st=3 fc=100 chg=au
07-15 09:45:26.176     0     0 W audit   : audit_lost=4284 audit_rate_limit=5 audit_backlog_limit=64
07-15 09:45:26.170  3350  3350 I auditd  : type=1400 audit(0.0:4794): avc: denied { open } for comm="getprop" path="/dev/__properties__/u:object_r:aac_drc_prop:s0" dev="tmpfs" ino=2293 scontext=u:r:shell:s0 tcontext=u:object_r:aac_drc_prop:s0 tclass=file permissive=1
07-15 09:45:26.176     0     0 E audit   : rate limit exceeded
07-15 09:45:26.170  3350  3350 I auditd  : type=1400 audit(0.0:4795): avc: denied { getattr } for comm="getprop" path="/dev/__properties__/u:object_r:aac_drc_prop:s0" dev="tmpfs" ino=2293 scontext=u:r:shell:s0 tcontext=u:object_r:aac_drc_prop:s0 tclass=file permissive=1
07-15 09:45:26.170  3350  3350 I auditd  : type=1400 audit(0.0:4796): avc: denied { map } for comm="getprop" path="/dev/__properties__/u:object_r:aac_drc_prop:s0" dev="tmpfs" ino=2293 scontext=u:r:shell:s0 tcontext=u:object_r:aac_drc_prop:s0 tclass=file permissive=1
07-15 09:45:26.170  3350  3350 I auditd  : type=1400 audit(0.0:4797): avc: denied { open } for comm="getprop" path="/dev/__properties__/u:object_r:ab_update_gki_prop:s0" dev="tmpfs" ino=2295 scontext=u:r:shell:s0 tcontext=u:object_r:ab_update_gki_prop:s0 tclass=file permissive=1
--------- beginning of main
07-15 09:45:26.170  3350  3350 I getprop : type=1400 audit(0.0:4797): avc: denied { open } for path="/dev/__properties__/u:object_r:ab_update_gki_prop:s0" dev="tmpfs" ino=2295 scontext=u:r:shell:s0 tcontext=u:object_r:ab_update_gki_prop:s0 tclass=file permissive=1
07-15 09:45:26.170  3350  3350 I auditd  : type=1400 audit(0.0:4798): avc: denied { getattr } for comm="getprop" path="/dev/__properties__/u:object_r:ab_update_gki_prop:s0" dev="tmpfs" ino=2295 scontext=u:r:shell:s0 tcontext=u:object_r:ab_update_gki_prop:s0 tclass=file permissive=1
07-15 09:45:26.170  3350  3350 I getprop : type=1400 audit(0.0:4798): avc: denied { getattr } for path="/dev/__properties__/u:object_r:ab_update_gki_prop:s0" dev="tmpfs" ino=2295 scontext=u:r:shell:s0 tcontext=u:object_r:ab_update_gki_prop:s0 tclass=file permissive=1
07-15 09:45:26.170  3350  3350 I auditd  : type=1400 audit(0.0:4799): avc: denied { map } for comm="getprop" path="/dev/__properties__/u:object_r:ab_update_gki_prop:s0" dev="tmpfs" ino=2295 scontext=u:r:shell:s0 tcontext=u:object_r:ab_update_gki_prop:s0 tclass=file permissive=1
07-15 09:45:26.170  3350  3350 I getprop : type=1400 audit(0.0:4799): avc: denied { map } for path="/dev/__properties__/u:object_r:ab_update_gki_prop:s0" dev="tmpfs" ino=2295 scontext=u:r:shell:s0 tcontext=u:object_r:ab_update_gki_prop:s0 tclass=file permissive=1
07-15 09:45:26.173  3350  3350 I auditd  : type=1400 audit(0.0:4800): avc: denied { open } for comm="getprop" path="/dev/__properties__/u:object_r:adbd_prop:s0" dev="tmpfs" ino=2297 scontext=u:r:shell:s0 tcontext=u:object_r:adbd_prop:s0 tclass=file permissive=1
07-15 09:45:26.173  3350  3350 I getprop : type=1400 audit(0.0:4800): avc: denied { open } for path="/dev/__properties__/u:object_r:adbd_prop:s0" dev="tmpfs" ino=2297 scontext=u:r:shell:s0 tcontext=u:object_r:adbd_prop:s0 tclass=file permissive=1
07-15 09:45:26.173  3350  3350 I auditd  : type=1400 audit(0.0:4801): avc: denied { getattr } for comm="getprop" path="/dev/__properties__/u:object_r:adbd_prop:s0" dev="tmpfs" ino=2297 scontext=u:r:shell:s0 tcontext=u:object_r:adbd_prop:s0 tclass=file permissive=1
07-15 09:45:26.173  3350  3350 I getprop : type=1400 audit(0.0:4801): avc: denied { getattr } for path="/dev/__properties__/u:object_r:adbd_prop:s0" dev="tmpfs" ino=2297 scontext=u:r:shell:s0 tcontext=u:object_r:adbd_prop:s0 tclass=file permissive=1
07-15 09:45:26.173  3350  3350 I auditd  : type=1400 audit(0.0:4802): avc: denied { map } for comm="getprop" path="/dev/__properties__/u:object_r:adbd_prop:s0" dev="tmpfs" ino=2297 scontext=u:r:shell:s0 tcontext=u:object_r:adbd_prop:s0 tclass=file permissive=1
07-15 09:45:26.173  3350  3350 I getprop : type=1400 audit(0.0:4802): avc: denied { map } for path="/dev/__properties__/u:object_r:adbd_prop:s0" dev="tmpfs" ino=2297 scontext=u:r:shell:s0 tcontext=u:object_r:adbd_prop:s0 tclass=file permissive=1
07-15 09:45:26.964   421   546 E WifiVendorHal: getWifiLinkLayerStats_1_5_Internal(l.1191) failed {.code = ERROR_NOT_SUPPORTED, .description = }
07-15 09:45:27.553  2472  2472 I auditd  : type=1400 audit(0.0:5338): avc: denied { write } for comm=4F6B4874747020436F6E6E65637469 laddr=::ffff:[REDACTED_IP] lport=58182 faddr=::ffff:172.67.135.78 fport=443 scontext=u:r:zygote:s0 tcontext=u:r:zygote:s0 tclass=tcp_socket permissive=1
07-15 09:45:27.553  2472  2472 I com.rockchip.itvbox: type=1400 audit(0.0:5338): avc: denied { write } for comm=4F6B4874747020436F6E6E65637469 laddr=::ffff:[REDACTED_IP] lport=58182 faddr=::ffff:172.67.135.78 fport=443 scontext=u:r:zygote:s0 tcontext=u:r:zygote:s0 tclass=tcp_socket permissive=1
07-15 09:45:27.590  2472  2472 I auditd  : type=1400 audit(0.0:5339): avc: denied { write } for comm="loop" name="dnsproxyd" dev="tmpfs" ino=16666 scontext=u:r:zygote:s0 tcontext=u:object_r:dnsproxyd_socket:s0 tclass=sock_file permissive=1
07-15 09:45:27.590  2472  2472 I loop    : type=1400 audit(0.0:5339): avc: denied { write } for name="dnsproxyd" dev="tmpfs" ino=16666 scontext=u:r:zygote:s0 tcontext=u:object_r:dnsproxyd_socket:s0 tclass=sock_file permissive=1
07-15 09:45:27.590  2472  2472 I auditd  : type=1400 audit(0.0:5340): avc: denied { connectto } for comm="loop" path="/dev/socket/dnsproxyd" scontext=u:r:zygote:s0 tcontext=u:r:netd:s0 tclass=unix_stream_socket permissive=1
07-15 09:45:27.590  2472  2472 I loop    : type=1400 audit(0.0:5340): avc: denied { connectto } for path="/dev/socket/dnsproxyd" scontext=u:r:zygote:s0 tcontext=u:r:netd:s0 tclass=unix_stream_socket permissive=1
07-15 09:45:27.592   267  3355 D resolv  : GetAddrInfoHandler::run: {100 786532 100 983140 1000 0}
07-15 09:45:27.592   267  3355 D resolv  : resolv_getaddrinfo: explore_fqdn(): ai_family=0 ai_socktype=1 ai_protocol=6
07-15 09:45:27.594   267  3356 D resolv  : doQuery: (1, 1)
07-15 09:45:27.594   267  3356 D resolv  : res_nmkquery: (QUERY, IN, A)
07-15 09:45:27.594   267  3356 D resolv  : res_nsend
07-15 09:45:27.594   267  3356 I resolv  : resolv_cache_lookup: lookup
07-15 09:45:27.595   267  3356 I resolv  : resolv_cache_lookup: NOT IN CACHE (STALE ENTRY 0xe865f4a0DISCARDED)
07-15 09:45:27.595   267  3356 I resolv  : _cache_remove_p: entry 21 removed (count=40)
07-15 09:45:27.595   267  3356 I resolv  : resolv_populate_res_for_net: netid=100
07-15 09:45:27.595   267  3356 I resolv  : res_stats_usable_server: NS stats: S 16 + E 0 + T 0 + I 0 = 16, rtt = 56, min_samples = 8
07-15 09:45:27.595   267  3356 I resolv  : res_stats_usable_server: success rate 100
07-15 09:45:27.595   267  3356 D resolv  : res_nsend: Querying server (# 1) address = [REDACTED_IP]:53
07-15 09:45:27.596   267  3356 D resolv  : send_dg: new DG socket
07-15 09:45:27.596   267  3356 I resolv  : get_timeout: using timeout of 5000 msec
07-15 09:45:27.596   267  3356 I resolv  : retrying_poll: 55 retrying_poll
07-15 09:45:27.602   267  3356 I resolv  : retrying_poll: 55 retrying_poll returning 1
07-15 09:45:27.602   267  3356 I resolv  : res_nsend: used send_dg 63 terrno: 0
07-15 09:45:27.602   267  3356 I resolv  : res_stats_set_sample: rcode = 0, sec = 6
07-15 09:45:27.602   267  3356 I resolv  : res_cache_add_stats_sample_locked: adding sample to stats, next = 16, count = 16
07-15 09:45:27.602   267  3356 D resolv  : res_nsend: got answer:
07-15 09:45:27.602   267  3356 I resolv  : answer_getTTL: TTL = 115
07-15 09:45:27.602   267  3356 I resolv  : _cache_add_p: entry 47 added (count=41)
07-15 09:45:27.602   267  3356 I resolv  : cache_dump_mru_locked: MRU LIST (41):  47 46 45 44 43 42 41 12 40 38 39 37 36 35 34 33 32 31 30 19 23 24 29 28 27 26 25 16 18 17 15 13 7 10 9 8 6 5 4 3 2
07-15 09:45:27.603   267  3356 D resolv  : doQuery: rcode=0, ancount=2
07-15 09:45:27.604   267  3355 I ResolverController: No valid NAT64 prefix (100, <unspecified>/0)
07-15 09:45:27.603  2472  2472 I auditd  : type=1400 audit(0.0:5341): avc: denied { create } for comm="loop" scontext=u:r:zygote:s0 tcontext=u:r:zygote:s0 tclass=tcp_socket permissive=1
07-15 09:45:27.603  2472  2472 I loop    : type=1400 audit(0.0:5341): avc: denied { create } for scontext=u:r:zygote:s0 tcontext=u:r:zygote:s0 tclass=tcp_socket permissive=1
07-15 09:45:27.603  2472  2472 I auditd  : type=1400 audit(0.0:5342): avc: denied { getopt } for comm="loop" scontext=u:r:zygote:s0 tcontext=u:r:zygote:s0 tclass=tcp_socket permissive=1
07-15 09:45:27.603  2472  2472 I loop    : type=1400 audit(0.0:5342): avc: denied { getopt } for scontext=u:r:zygote:s0 tcontext=u:r:zygote:s0 tclass=tcp_socket permissive=1
07-15 09:45:27.607     0     0 W audit   : audit_lost=4819 audit_rate_limit=5 audit_backlog_limit=64
07-15 09:45:27.608     0     0 E audit   : rate limit exceeded
07-15 09:45:29.070  3354  3354 I auditd  : type=1400 audit(0.0:5371): avc: denied { getattr } for comm="find" path="/sys/kernel/debug/wakeup_sources" dev="debugfs" ino=3096 scontext=u:r:shell:s0 tcontext=u:object_r:debugfs_wakeup_sources:s0 tclass=file permissive=1
07-15 09:45:29.070  3354  3354 I find    : type=1400 audit(0.0:5371): avc: denied { getattr } for path="/sys/kernel/debug/wakeup_sources" dev="debugfs" ino=3096 scontext=u:r:shell:s0 tcontext=u:object_r:debugfs_wakeup_sources:s0 tclass=file permissive=1
