07-15 09:39:48.786   421   526 I am_compact: [693,com.android.tv.set,all,69600,52132,16560,18796,0,0,0,0,7,2,74377,0,10,1262328,0]
07-15 09:39:48.828   421   481 W ActivityManager: Slow operation: 58ms so far, now at startProcess: returned from zygote!
07-15 09:39:48.829   421   481 W ActivityManager: Slow operation: 60ms so far, now at startProcess: done updating battery stats
07-15 09:39:48.829   421   481 I am_proc_start: [0,2280,1000,com.android.tv.settings,broadcast,{com.android.tv.settings/com.shzhtxcz.txbox.receiver.UsbReceiver}]
07-15 09:39:48.830   421   481 W ActivityManager: Slow operation: 60ms so far, now at startProcess: building log message
07-15 09:39:48.830   421   481 I ActivityManager: Start proc 2280:com.android.tv.settings/1000 for broadcast {com.android.tv.settings/com.shzhtxcz.txbox.receiver.UsbReceiver}
07-15 09:39:48.830   421   481 W ActivityManager: Slow operation: 60ms so far, now at startProcess: starting to update pids map
07-15 09:39:48.831   421   481 W ActivityManager: Slow operation: 61ms so far, now at startProcess: done updating pids map
07-15 09:39:48.856  2280  2280 I auditd  : type=1400 audit(0.0:3132): avc: denied { connectto } for comm=4144422D4A44575020436F6E6E6563 path=006A6477702D636F6E74726F6C scontext=u:r:zygote:s0 tcontext=u:r:adbd:s0 tclass=unix_stream_socket permissive=1
07-15 09:39:48.870     0     0 I binder  : 2280:2280 ioctl 40046210 ffdd7e38 returned -22
07-15 09:39:48.891   421  2129 I am_proc_bound: [0,2280,com.android.tv.settings]
07-15 09:39:49.235   421   526 I am_compact: [1246,com.google.process.gservices,file,61788,41972,19008,15140,0,0,0,0,19,1,77822,100,5,1257720,0]
07-15 09:39:49.296  1933  1933 I auditd  : type=1400 audit(0.0:3133): avc: denied { open } for comm="lowpool[3]" path="/dev/__properties__/u:object_r:vendor_default_prop:s0" dev="tmpfs" ino=2518 scontext=u:r:gmscore_app:s0:c512,c768 tcontext=u:object_r:vendor_default_prop:s0 tclass=file permissive=1 app=com.google.android.gms
07-15 09:39:49.296  1933  1933 I auditd  : type=1400 audit(0.0:3134): avc: denied { getattr } for comm="lowpool[3]" path="/dev/__properties__/u:object_r:vendor_default_prop:s0" dev="tmpfs" ino=2518 scontext=u:r:gmscore_app:s0:c512,c768 tcontext=u:object_r:vendor_default_prop:s0 tclass=file permissive=1 app=com.google.android.gms
07-15 09:39:49.296  1933  1933 I auditd  : type=1400 audit(0.0:3135): avc: denied { map } for comm="lowpool[3]" path="/dev/__properties__/u:object_r:vendor_default_prop:s0" dev="tmpfs" ino=2518 scontext=u:r:gmscore_app:s0:c512,c768 tcontext=u:object_r:vendor_default_prop:s0 tclass=file permissive=1 app=com.google.android.gms
07-15 09:39:49.313  1933  1933 I auditd  : type=1400 audit(0.0:3136): avc: denied { write } for comm="lowpool[3]" name="property_service" dev="tmpfs" ino=3551 scontext=u:r:gmscore_app:s0:c512,c768 tcontext=u:object_r:property_socket:s0 tclass=sock_file permissive=1 app=com.google.android.gms
07-15 09:39:49.318     0     0 W audit   : audit_lost=2863 audit_rate_limit=5 audit_backlog_limit=64
07-15 09:39:49.319     0     0 E audit   : rate limit exceeded
07-15 09:39:49.526     0     0 I binder  : 1933:2076 ioctl 40046210 be2400c8 returned -22
07-15 09:39:50.491     0     0 W         : hason rmc test period=39412
07-15 09:39:50.493     0     0 W         : hason rmc test period=2250
07-15 09:39:50.804   421   535 I input_interaction: Interaction with: 9af2d61 com.spocky.projengmenu/com.spocky.projengmenu.ui.home.MainActivity (server), PointerEventDispatcher0 (server), 
07-15 09:39:50.919     0     0 W         : hason rmc test period=39361
07-15 09:39:50.921     0     0 W         : hason rmc test period=2238
07-15 09:39:50.937   421   981 I ActivityManager: Killing 2280:com.android.tv.settings/1000 (adj 905): empty #1
07-15 09:39:50.937   421   981 I am_kill : [0,2280,com.android.tv.settings,905,empty #1]
07-15 09:39:50.942   421   981 D CompatibilityChangeReporter: Compat change id reported: 168419799; UID 1000; state: DISABLED
07-15 09:39:50.968   421   981 I am_proc_died: [0,2280,com.android.tv.settings,905,19]
07-15 09:39:50.970   421   981 D xzj     : ---low mem mode,skip restart crashed app= ProcessRecord{4434cd 2280:com.android.tv.settings/1000}
07-15 09:39:50.991   421   479 I am_pss  : [976,10019,com.google.android.gms,73326592,33034240,1098752,200482816,0,3,18]
07-15 09:39:50.998   421   479 I am_pss  : [1370,1000,com.rockchip.devicetest,5675008,2772992,644096,57802752,0,10,6]
07-15 09:39:51.004  1086  1086 W ContextImpl: Calling a method in the system process without a qualified user: android.app.ContextImpl.startService:1825 android.content.ContextWrapper.startService:776 android.content.ContextWrapper.startService:776 com.shzhtxcz.txbox.receiver.NewOnLineOrOffLineReceiver.onReceive:4 android.app.ActivityThread.handleReceiver:4375 
07-15 09:39:51.012   421  2129 V xzj     : startProcess: name=com.rockchip.itvbox app=null knownToBeDead=true hostingType=broadcast
07-15 09:39:51.012   421  2129 V xzj     : third part process dont start for broadcast: 1000/com.rockchip.itvbox
07-15 09:39:51.012   421  2129 W BroadcastQueue: Unable to launch app com.rockchip.itvbox/1000 for broadcast Intent { act=android.intent.action.MEDIA_MOUNTED dat=file:///storage/emulated/0 flg=0x5000010 (has extras) }: process is bad
07-15 09:39:51.012   421  2129 I am_broadcast_discard_app: [0,65818825,android.intent.action.MEDIA_MOUNTED,3,ResolveInfo{cf780e7 com.rockchip.itvbox/com.google.android.RkReceiver p=2147483647 m=0x208000}]
07-15 09:39:51.116   172   172 I auditd  : type=1400 audit(0.0:3142): avc: denied { search } for comm="Binder:172_5" name="221" dev="proc" ino=734 scontext=u:r:surfaceflinger:s0 tcontext=u:r:hal_graphics_composer_default:s0 tclass=dir permissive=1
07-15 09:39:51.116   172   172 I auditd  : type=1400 audit(0.0:3143): avc: denied { read } for comm="Binder:172_5" name="cmdline" dev="proc" ino=16513 scontext=u:r:surfaceflinger:s0 tcontext=u:r:hal_graphics_composer_default:s0 tclass=file permissive=1
07-15 09:39:51.116   172   172 I auditd  : type=1400 audit(0.0:3144): avc: denied { open } for comm="Binder:172_5" path="/proc/221/cmdline" dev="proc" ino=16513 scontext=u:r:surfaceflinger:s0 tcontext=u:r:hal_graphics_composer_default:s0 tclass=file permissive=1
07-15 09:39:51.116   172   172 I auditd  : type=1400 audit(0.0:3145): avc: denied { getattr } for comm="Binder:172_5" path="/proc/221/cmdline" dev="proc" ino=16513 scontext=u:r:surfaceflinger:s0 tcontext=u:r:hal_graphics_composer_default:s0 tclass=file permissive=1
07-15 09:39:51.274  1370  1370 W ContextImpl: Calling a method in the system process without a qualified user: android.app.ContextImpl.startService:1825 android.content.ContextWrapper.startService:776 android.content.ContextWrapper.startService:776 com.rockchip.devicetest.BootReceiver.onReceive:37 android.app.ActivityThread.handleReceiver:4375 
07-15 09:39:51.360     0     0 W         : hason rmc test period=39345
07-15 09:39:51.363     0     0 W         : hason rmc test period=2188
07-15 09:39:51.496  1750  1750 I auditd  : type=1400 audit(0.0:3146): avc: denied { setopt } for comm="pool-7-thread-1" lport=5353 scontext=u:r:zygote:s0 tcontext=u:r:zygote:s0 tclass=udp_socket permissive=1
07-15 09:39:51.500     0     0 W audit   : audit_lost=2868 audit_rate_limit=5 audit_backlog_limit=64
07-15 09:39:51.501     0     0 E audit   : rate limit exceeded
07-15 09:39:51.641   421  1767 W BroadcastQueue: Background execution not allowed: receiving Intent { act=android.net.wifi.STATE_CHANGE flg=0x4000010 (has extras) } to com.bozee.usbdisplay/.USBDisplayReceiver
07-15 09:39:51.643   421   480 W BroadcastQueue: Background execution not allowed: receiving Intent { act=android.net.wifi.STATE_CHANGE flg=0x4000010 (has extras) } to com.bozee.usbdisplay/.USBDisplayReceiver
07-15 09:39:51.644   421   480 W BroadcastQueue: Background execution not allowed: receiving Intent { act=android.net.wifi.STATE_CHANGE flg=0x4000010 (has extras) } to com.bozee.usbdisplay/.USBDisplayReceiver
07-15 09:39:51.653   421   480 W BroadcastQueue: Target SDK mismatch: receiver ActivityInfo{10c71d7 com.shzhtxcz.txbox.receiver.NewOnLineOrOffLineReceiver} targets 30 but delivery restricted to [0, 23] broadcasting Intent { act=android.net.conn.CONNECTIVITY_CHANGE flg=0x4200010 (has extras) } from android (pid=421, uid=1000) to com.shzhtxcz.txbox/.receiver.NewOnLineOrOffLineReceiver
07-15 09:39:51.653   421   480 W BroadcastQueue: Target SDK mismatch: receiver ActivityInfo{462ac4 com.google.android.RkReceiver} targets 35 but delivery restricted to [0, 23] broadcasting Intent { act=android.net.conn.CONNECTIVITY_CHANGE flg=0x4200010 (has extras) } from android (pid=421, uid=1000) to com.rockchip.itvbox/com.google.android.RkReceiver
07-15 09:39:51.654   421   480 W BroadcastQueue: Target SDK mismatch: receiver ActivityInfo{6801dad com.bozee.usbdisplay.USBDisplayReceiver} targets 33 but delivery restricted to [0, 23] broadcasting Intent { act=android.net.conn.CONNECTIVITY_CHANGE flg=0x4200010 (has extras) } from android (pid=421, uid=1000) to com.bozee.usbdisplay/.USBDisplayReceiver
07-15 09:39:51.654   421   480 W BroadcastQueue: Target SDK mismatch: receiver ActivityInfo{e6588e2 com.bozee.webcasts.receiver.WebCastReceiver} targets 33 but delivery restricted to [0, 23] broadcasting Intent { act=android.net.conn.CONNECTIVITY_CHANGE flg=0x4200010 (has extras) } from android (pid=421, uid=1000) to com.bozee.usbdisplay/com.bozee.webcasts.receiver.WebCastReceiver
07-15 09:39:51.654   421   480 W BroadcastQueue: Target SDK mismatch: receiver ActivityInfo{1bc5473 com.bozee.libwebsetting.receiver.WebSettingReceiver} targets 33 but delivery restricted to [0, 23] broadcasting Intent { act=android.net.conn.CONNECTIVITY_CHANGE flg=0x4200010 (has extras) } from android (pid=421, uid=1000) to com.bozee.usbdisplay/com.bozee.libwebsetting.receiver.WebSettingReceiver
07-15 09:39:51.654   421   480 W BroadcastQueue: Target SDK mismatch: receiver ActivityInfo{2dd2f30 com.google.android.gms.gcm.ServiceAutoStarter} targets 37 but delivery restricted to [0, 23] broadcasting Intent { act=android.net.conn.CONNECTIVITY_CHANGE flg=0x4200010 (has extras) } from android (pid=421, uid=1000) to com.google.android.gms/.gcm.ServiceAutoStarter
07-15 09:39:51.654   421   480 W BroadcastQueue: Target SDK mismatch: receiver ActivityInfo{bade7a9 com.rockchips.mediacenter.service.NetWorkChangeReceiver} targets 28 but delivery restricted to [0, 23] broadcasting Intent { act=android.net.conn.CONNECTIVITY_CHANGE flg=0x4200010 (has extras) } from android (pid=421, uid=1000) to com.rockchips.mediacenter/.service.NetWorkChangeReceiver
07-15 09:39:51.662  1750  1750 W ContextImpl: Calling a method in the system process without a qualified user: android.app.ContextImpl.startForegroundService:1831 android.content.ContextWrapper.startForegroundService:781 android.content.ContextWrapper.startForegroundService:781 b5.r.o:1 com.bozee.usbdisplay.USBDisplayReceiver.onReceive:51 
07-15 09:39:51.730   421  1767 V xzj     : startProcess: name=com.amazon.amazonvideo.livingroom app=null knownToBeDead=true hostingType=broadcast
07-15 09:39:51.730   421  1767 V xzj     : third part process dont start for broadcast: 10041/com.amazon.amazonvideo.livingroom
07-15 09:39:51.730   421  1767 W BroadcastQueue: Unable to launch app com.amazon.amazonvideo.livingroom/10041 for broadcast Intent { act=android.intent.action.TIME_SET flg=0x25200010 }: process is bad
07-15 09:39:51.731   421  1767 I am_broadcast_discard_app: [0,190271790,android.intent.action.TIME_SET,2,ResolveInfo{38b523a com.amazon.amazonvideo.livingroom/androidx.work.impl.background.systemalarm.RescheduleReceiver m=0x108000}]
07-15 09:39:51.735   421   421 I notification_enqueue: [1000,1750,com.bozee.usbdisplay,113,NULL,0,Notification(channel=usb.display shortcut=null contentView=null vibrate=null sound=null defaults=0x0 flags=0x40 color=0x00000000 vis=PRIVATE),1]
07-15 09:39:51.747   421   480 V xzj     : startProcess: name=com.google.android.youtube.tv app=null knownToBeDead=true hostingType=broadcast
07-15 09:39:51.747   421   480 V xzj     : process dont start because for filter: 10038/com.google.android.youtube.tv
07-15 09:39:51.747   421   480 W BroadcastQueue: Unable to launch app com.google.android.youtube.tv/10038 for broadcast Intent { act=android.intent.action.TIME_SET flg=0x25200010 }: process is bad
07-15 09:39:51.747   421   480 I am_broadcast_discard_app: [0,190271790,android.intent.action.TIME_SET,3,ResolveInfo{83bdeeb com.google.android.youtube.tv/androidx.work.impl.background.systemalarm.RescheduleReceiver m=0x108000}]
07-15 09:39:51.767   421   480 V xzj     : startProcess: name=com.netflix.mediaclient app=null knownToBeDead=true hostingType=broadcast
07-15 09:39:51.767   421   480 V xzj     : third part process dont start for broadcast: 10035/com.netflix.mediaclient
07-15 09:39:51.767   421   480 W BroadcastQueue: Unable to launch app com.netflix.mediaclient/10035 for broadcast Intent { act=android.intent.action.TIME_SET flg=0x25200010 }: process is bad
07-15 09:39:51.767   421   480 I am_broadcast_discard_app: [0,190271790,android.intent.action.TIME_SET,4,ResolveInfo{42bb448 com.netflix.mediaclient/o.aqO m=0x108000}]
07-15 09:39:51.831   421  1767 V xzj     : startProcess: name=com.android.tv.settings app=null knownToBeDead=true hostingType=broadcast
07-15 09:39:51.833   421  1767 I ActivityManager: com.android.tv.settings is exempt from freezer
07-15 09:39:51.833   421  1767 D CompatibilityChangeReporter: Compat change id reported: 135634846; UID 1000; state: DISABLED
07-15 09:39:51.863   421   481 I am_proc_start: [0,2315,1000,com.android.tv.settings,broadcast,{com.android.tv.settings/com.shzhtxcz.txbox.receiver.UsbReceiver}]
07-15 09:39:51.864   421   481 I ActivityManager: Start proc 2315:com.android.tv.settings/1000 for broadcast {com.android.tv.settings/com.shzhtxcz.txbox.receiver.UsbReceiver}
07-15 09:39:51.958     0     0 I binder  : 2315:2315 ioctl 40046210 ffdd7e38 returned -22
07-15 09:39:51.988   421   473 I commit_sys_config_file: [notification-policy,59472]
07-15 09:39:52.026   421   981 I am_proc_bound: [0,2315,com.android.tv.settings]
07-15 09:39:52.118     0     0 W         : hason rmc test period=39398
07-15 09:39:52.121     0     0 W         : hason rmc test period=2253
07-15 09:39:52.223  2315  2315 I auditd  : type=1400 audit(0.0:3175): avc: denied { write } for comm="oid.tv.settings" name="files" dev="mmcblk2p16" ino=170726 scontext=u:r:zygote:s0 tcontext=u:object_r:media_rw_data_file:s0 tclass=dir permissive=1
07-15 09:39:52.448   421   981 I ActivityManager: Killing 2315:com.android.tv.settings/1000 (adj 905): empty #1
07-15 09:39:52.449   421   981 I am_kill : [0,2315,com.android.tv.settings,905,empty #1]
07-15 09:39:52.454  1086  1086 W ContextImpl: Calling a method in the system process without a qualified user: android.app.ContextImpl.startService:1825 android.content.ContextWrapper.startService:776 android.content.ContextWrapper.startService:776 com.shzhtxcz.txbox.receiver.NewOnLineOrOffLineReceiver.onReceive:4 android.app.ActivityThread.handleReceiver:4375 
07-15 09:39:52.462   421  2129 V xzj     : startProcess: name=com.rockchip.itvbox app=null knownToBeDead=true hostingType=broadcast
07-15 09:39:52.463   421  2129 V xzj     : third part process dont start for broadcast: 1000/com.rockchip.itvbox
07-15 09:39:52.463   421  2129 W BroadcastQueue: Unable to launch app com.rockchip.itvbox/1000 for broadcast Intent { act=android.intent.action.MEDIA_MOUNTED dat=file:///storage/emulated/0 flg=0x5000010 (has extras) }: process is bad
07-15 09:39:52.463   421  2129 I am_broadcast_discard_app: [0,192089369,android.intent.action.MEDIA_MOUNTED,3,ResolveInfo{af658db com.rockchip.itvbox/com.google.android.RkReceiver p=2147483647 m=0x208000}]
07-15 09:39:52.471  1370  1370 W ContextImpl: Calling a method in the system process without a qualified user: android.app.ContextImpl.startService:1825 android.content.ContextWrapper.startService:776 android.content.ContextWrapper.startService:776 com.rockchip.devicetest.BootReceiver.onReceive:37 android.app.ActivityThread.handleReceiver:4375 
07-15 09:39:52.520     0     0 I binder  : undelivered transaction 86218, process died.
07-15 09:39:52.522   421  1767 I am_proc_died: [0,2315,com.android.tv.settings,905,19]
07-15 09:39:52.525   421  1767 D xzj     : ---low mem mode,skip restart crashed app= ProcessRecord{56bccf4 2315:com.android.tv.settings/1000}
07-15 09:39:52.546   421   479 I am_pss  : [1847,1000,com.oranth.accessibility,6544384,3645440,646144,58564608,0,10,8]
07-15 09:39:52.710   421  2129 V xzj     : startProcess: name=com.android.tv.settings app=null knownToBeDead=true hostingType=broadcast
07-15 09:39:52.715   421  2129 I ActivityManager: com.android.tv.settings is exempt from freezer
07-15 09:39:52.716   421  2129 D CompatibilityChangeReporter: Compat change id reported: 135634846; UID 1000; state: DISABLED
07-15 09:39:52.769   421   481 W ActivityManager: Slow operation: 55ms so far, now at startProcess: returned from zygote!
07-15 09:39:52.770   421   481 W ActivityManager: Slow operation: 55ms so far, now at startProcess: done updating battery stats
07-15 09:39:52.770   421   481 I am_proc_start: [0,2342,1000,com.android.tv.settings,broadcast,{com.android.tv.settings/com.shzhtxcz.txbox.receiver.UsbReceiver}]
07-15 09:39:52.770   421   481 W ActivityManager: Slow operation: 56ms so far, now at startProcess: building log message
07-15 09:39:52.770   421   481 I ActivityManager: Start proc 2342:com.android.tv.settings/1000 for broadcast {com.android.tv.settings/com.shzhtxcz.txbox.receiver.UsbReceiver}
07-15 09:39:52.770   421   481 W ActivityManager: Slow operation: 56ms so far, now at startProcess: starting to update pids map
07-15 09:39:52.771   421   481 W ActivityManager: Slow operation: 56ms so far, now at startProcess: done updating pids map
07-15 09:39:52.807     0     0 I binder  : 2342:2342 ioctl 40046210 ffdd7e38 returned -22
07-15 09:39:52.822   421  2129 I am_proc_bound: [0,2342,com.android.tv.settings]
07-15 09:39:53.250   421  2129 I ActivityManager: Killing 2342:com.android.tv.settings/1000 (adj 905): empty #1
07-15 09:39:53.252   421  2129 I am_kill : [0,2342,com.android.tv.settings,905,empty #1]
07-15 09:39:53.257  1086  1086 W ContextImpl: Calling a method in the system process without a qualified user: android.app.ContextImpl.startService:1825 android.content.ContextWrapper.startService:776 android.content.ContextWrapper.startService:776 com.shzhtxcz.txbox.receiver.NewOnLineOrOffLineReceiver.onReceive:4 android.app.ActivityThread.handleReceiver:4375 
07-15 09:39:53.271   421  2129 V xzj     : startProcess: name=com.rockchip.itvbox app=null knownToBeDead=true hostingType=broadcast
07-15 09:39:53.271   421  2129 V xzj     : third part process dont start for broadcast: 1000/com.rockchip.itvbox
07-15 09:39:53.271   421  2129 W BroadcastQueue: Unable to launch app com.rockchip.itvbox/1000 for broadcast Intent { act=android.intent.action.MEDIA_MOUNTED dat=file:///storage/664B-19FD flg=0x5000010 (has extras) }: process is bad
07-15 09:39:53.271   421  2129 I am_broadcast_discard_app: [0,236474726,android.intent.action.MEDIA_MOUNTED,3,ResolveInfo{117f2c0 com.rockchip.itvbox/com.google.android.RkReceiver p=2147483647 m=0x208000}]
07-15 09:39:53.277  1370  1370 W ContextImpl: Calling a method in the system process without a qualified user: android.app.ContextImpl.startService:1825 android.content.ContextWrapper.startService:776 android.content.ContextWrapper.startService:776 com.rockchip.devicetest.BootReceiver.onReceive:37 android.app.ActivityThread.handleReceiver:4375 
07-15 09:39:53.326   421   981 I am_proc_died: [0,2342,com.android.tv.settings,905,19]
07-15 09:39:53.329   421   981 D xzj     : ---low mem mode,skip restart crashed app= ProcessRecord{efb2ecb 2342:com.android.tv.settings/1000}
07-15 09:39:53.359   421   479 I am_pss  : [1750,1000,com.bozee.usbdisplay,29928448,18329600,602112,108982272,0,4,14]
07-15 09:39:53.414   421   981 W BroadcastQueue: Background execution not allowed: receiving Intent { act=android.intent.action.DROPBOX_ENTRY_ADDED flg=0x10 (has extras) } to com.google.android.gms/.stats.service.DropBoxEntryAddedReceiver
07-15 09:39:53.418   421   480 W BroadcastQueue: Background execution not allowed: receiving Intent { act=android.intent.action.DROPBOX_ENTRY_ADDED flg=0x10 (has extras) } to com.google.android.gms/.stats.service.DropBoxEntryAddedReceiver
07-15 09:39:53.420   421   480 W BroadcastQueue: Background execution not allowed: receiving Intent { act=android.intent.action.DROPBOX_ENTRY_ADDED flg=0x10 (has extras) } to com.google.android.gms/.stats.service.DropBoxEntryAddedReceiver
07-15 09:39:53.431   421   480 D CompatibilityChangeReporter: Compat change id reported: 168419799; UID 10020; state: DISABLED
07-15 09:39:53.445     0     0 W         : hason rmc test period=39374
07-15 09:39:53.448     0     0 W         : hason rmc test period=2243
07-15 09:39:53.648   421   543 I netstats_mobile_sample: [0,0,0,0,0,0,0,0,0,0,0,0,1784108393651]
07-15 09:39:53.649   421   543 I netstats_wifi_sample: [346095,609,369269,878,346095,609,369269,878,650244,961,211710,569,1784108393651]
07-15 09:39:53.668   421   543 V xzj     : startProcess: name=com.surfshark.vpnclient.android app=null knownToBeDead=true hostingType=broadcast
07-15 09:39:53.669   421   543 V xzj     : third part process dont start for broadcast: 10040/com.surfshark.vpnclient.android
07-15 09:39:53.669   421   543 W BroadcastQueue: Unable to launch app com.surfshark.vpnclient.android/10040 for broadcast Intent { act=com.google.android.c2dm.intent.RECEIVE flg=0x1000010 pkg=com.surfshark.vpnclient.android (has extras) }: process is bad
07-15 09:39:53.669   421   543 I am_broadcast_discard_app: [0,28800796,com.google.android.c2dm.intent.RECEIVE,0,ResolveInfo{d106f25 com.surfshark.vpnclient.android/com.google.firebase.iid.FirebaseInstanceIdReceiver m=0x108000}]
07-15 09:39:53.675   421   480 W BroadcastQueue: Background execution not allowed: receiving Intent { act=android.intent.action.DROPBOX_ENTRY_ADDED flg=0x10 (has extras) } to com.google.android.gms/.stats.service.DropBoxEntryAddedReceiver
07-15 09:39:53.845   421  1767 W ActivityManager: Unable to start service Intent { act=com.google.android.gms.onboardingconsent.api.ConsentManagerApiService.START pkg=com.google.android.gms } U=0: not found
07-15 09:39:53.851   421  1767 W ActivityManager: Unbind failed: could not find connection for android.os.BinderProxy@db18db4
07-15 09:39:54.126     0     0 I logd    : start watching /data/system/packages.list ...
07-15 09:39:54.139     0     0 I logd    : ReadPackageList, total packages: 49
07-15 09:39:54.144   421   503 I commit_sys_config_file: [package-user-0,22]
07-15 09:39:54.145   421   503 I commit_sys_config_file: [package,159]
07-15 09:39:54.145   421  1767 I dvm_lock_sample: [system_server,0,Binder:421_A,154,PackageManagerService.java,8977,boolean com.android.server.pm.PackageManagerService.isPackageAvailable(java.lang.String, int),-,28522,void com.android.server.pm.PackageManagerService$PackageManagerInternalImpl.withPackageSettingsSnapshotThrowing(com.android.internal.util.FunctionalUtils$ThrowingCheckedConsumer),30]
07-15 09:39:54.147   421   511 I dvm_lock_sample: [system_server,1,Binder:421_3,67,PackageManagerService.java,6032,com.android.server.pm.PackageManagerService$Computer com.android.server.pm.PackageManagerService.snapshotComputer(),-,6054,com.android.server.pm.PackageManagerService$Computer com.android.server.pm.PackageManagerService.snapshotComputer(),13]
07-15 09:39:54.177   421   885 I dvm_lock_sample: [system_server,1,Binder:421_6,130,ActivityManagerService.java,12423,android.content.Intent com.android.server.am.ActivityManagerService.registerReceiverWithFeature(android.app.IApplicationThread, java.lang.String, java.lang.String, java.lang.String, android.content.IIntentReceiver, android.content.IntentFilter, java.lang.String, int, int),-,13788,void com.android.server.am.ActivityManagerService.finishReceiver(android.os.IBinder, int, java.lang.String, android.os.Bundle, boolean, int),26]
07-15 09:39:54.528   421   885 I dvm_lock_sample: [system_server,1,Binder:421_6,172,PackageManagerService.java,27850,boolean com.android.server.pm.PackageManagerService$PackageManagerInternalImpl.isEnabledAndMatches(android.content.pm.parsing.component.ParsedMainComponent, int, int),Settings.java,5818,void com.android.server.pm.Settings$RuntimePermissionPersistence$MyHandler.handleMessage(android.os.Message),34]
07-15 09:39:54.600     0     0 W         : hason rmc test period=39352
07-15 09:39:54.603     0     0 W         : hason rmc test period=2216
07-15 09:39:55.353   421   479 I am_pss  : [1933,10019,com.google.android.gms.unstable,70039552,34123776,599040,197206016,0,3,19]
07-15 09:39:55.554   421   511 I ActivityTaskManager: START u0 {act=android.intent.action.MAIN cat=[android.intent.category.LEANBACK_LAUNCHER] flg=0x10000000 pkg=com.android.tv.settings cmp=com.android.tv.settings/com.shzhtxcz.txbox.MainActivity} from uid 10036
07-15 09:39:55.620   421   511 I wm_task_created: [114,-1]
07-15 09:39:55.633   421   511 D CompatibilityChangeReporter: Compat change id reported: 174042980; UID 1000; state: DISABLED
07-15 09:39:55.637   421   511 I wm_task_moved: [114,1,1]
07-15 09:39:55.637   421   511 I wm_task_to_front: [0,114]
07-15 09:39:55.641   421   511 I wm_create_task: [0,114]
07-15 09:39:55.641   421   511 I wm_create_activity: [0,48645399,114,com.android.tv.settings/com.shzhtxcz.txbox.MainActivity,android.intent.action.MAIN,NULL,NULL,268435456]
07-15 09:39:55.642   421   511 I wm_task_moved: [114,1,1]
07-15 09:39:55.644   421   511 D CompatibilityChangeReporter: Compat change id reported: 168419799; UID 1000; state: DISABLED
07-15 09:39:55.752   421   511 V SplashScreenExceptionList: SplashScreen checking exception for package com.android.tv.settings (target sdk:30) -> false
07-15 09:39:55.867   421   511 I wm_pause_activity: [0,182274646,com.spocky.projengmenu/.ui.home.MainActivity,userLeaving=true,pauseBackTasks]
07-15 09:39:55.878   421   475 I dvm_lock_sample: [system_server,1,android.anim,250,InputMonitor.java,156,void com.android.server.wm.InputMonitor$UpdateInputWindows.run(),TaskChangeNotificationController.java,342,void com.android.server.wm.TaskChangeNotificationController.forAllLocalListeners(com.android.server.wm.TaskChangeNotificationController$TaskStackConsumer, android.os.Message),50]
07-15 09:39:55.884   421   474 V xzj     : startProcess: name=com.android.tv.settings app=null knownToBeDead=false hostingType=pre-top-activity
07-15 09:39:55.890   934   934 I wm_on_top_resumed_lost_called: [182274646,com.spocky.projengmenu.ui.home.MainActivity,topStateChangedWhenResumed]
07-15 09:39:55.890   421   474 I ActivityManager: com.android.tv.settings is exempt from freezer
07-15 09:39:55.891   421   474 D CompatibilityChangeReporter: Compat change id reported: 135634846; UID 1000; state: DISABLED
07-15 09:39:55.923   421   481 I am_proc_start: [0,2369,1000,com.android.tv.settings,pre-top-activity,{com.android.tv.settings/com.shzhtxcz.txbox.MainActivity}]
07-15 09:39:55.924   421   481 I ActivityManager: Start proc 2369:com.android.tv.settings/1000 for pre-top-activity {com.android.tv.settings/com.shzhtxcz.txbox.MainActivity}
07-15 09:39:55.964     0     0 I binder  : 2369:2369 ioctl 40046210 ffdd7e38 returned -22
07-15 09:39:55.987   421   511 I am_proc_bound: [0,2369,com.android.tv.settings]
07-15 09:39:55.995   421   511 I wm_add_to_stopping: [0,182274646,com.spocky.projengmenu/.ui.home.MainActivity,makeInvisible]
07-15 09:39:55.999   421   526 I am_compact: [2369,com.android.tv.settings,all,38968,21908,16820,15980,0,0,0,0,2,0,0,1001,19,1219320,0]
07-15 09:39:56.017   421   474 I ActivityManager: Killing 2369:com.android.tv.settings/1000 (adj 905): empty #1
07-15 09:39:56.017   421   474 I am_kill : [0,2369,com.android.tv.settings,905,empty #1]
07-15 09:39:56.078   421  2129 I am_proc_died: [0,2369,com.android.tv.settings,905,19]
07-15 09:39:56.080   421  2129 D xzj     : ---low mem mode,skip restart crashed app= ProcessRecord{be29d04 2369:com.android.tv.settings/1000}
07-15 09:39:56.150   131   131 I auditd  : type=1400 audit(0.0:3176): avc: denied { search } for comm="lmkd" name="0" dev="tmpfs" ino=2733 scontext=u:r:lmkd:s0 tcontext=u:object_r:mnt_user_file:s0 tclass=dir permissive=1
07-15 09:39:56.156   679   799 I dvm_lock_sample: [com.android.systemui,0,wmshell.splashscreen,58,AssetManager.java,1120,void android.content.res.AssetManager.applyStyle(long, int, int, android.content.res.XmlBlock$Parser, int[], long, long),-,558,boolean android.content.res.AssetManager.getResourceValue(int, int, android.util.TypedValue, boolean),11]
07-15 09:39:56.205   934   934 I wm_on_paused_called: [182274646,com.spocky.projengmenu.ui.home.MainActivity,performPause]
07-15 09:39:56.208   421   511 D xzj     : -----------prev= ActivityRecord{add4a56 u0 com.spocky.projengmenu/.ui.home.MainActivity t113}-----------next= ActivityRecord{2e64517 u0 com.android.tv.settings/com.shzhtxcz.txbox.MainActivity t114}
07-15 09:39:56.217   421   511 D CompatibilityChangeReporter: Compat change id reported: 181136395; UID 1000; state: DISABLED
07-15 09:39:56.218   421   535 I input_focus: [Focus leaving 9af2d61 com.spocky.projengmenu/com.spocky.projengmenu.ui.home.MainActivity (server),reason=NO_WINDOW]
07-15 09:39:56.219   421   511 D CompatibilityChangeReporter: Compat change id reported: 174042936; UID 1000; state: DISABLED
07-15 09:39:56.222   421   474 V xzj     : startProcess: name=com.android.tv.settings app=null knownToBeDead=false hostingType=top-activity
07-15 09:39:56.225   421   474 I ActivityManager: com.android.tv.settings is exempt from freezer
07-15 09:39:56.226   421   474 D CompatibilityChangeReporter: Compat change id reported: 135634846; UID 1000; state: DISABLED
07-15 09:39:56.227   421   474 V xzj     : startProcess: name=com.android.tv.settings app=ProcessRecord{56316e 0:com.android.tv.settings/1000} knownToBeDead=false hostingType=top-activity
07-15 09:39:56.227   421   474 I sysui_multi_action: [757,803,799,window_time_0,802,57]
07-15 09:39:56.268   421   481 I am_proc_start: [0,2387,1000,com.android.tv.settings,top-activity,{com.android.tv.settings/com.shzhtxcz.txbox.MainActivity}]
07-15 09:39:56.269   421   481 I ActivityManager: Start proc 2387:com.android.tv.settings/1000 for top-activity {com.android.tv.settings/com.shzhtxcz.txbox.MainActivity}
07-15 09:39:56.253   131   131 I auditd  : type=1400 audit(0.0:3177): avc: denied { read } for comm="lmkd" name="primary" dev="tmpfs" ino=21976 scontext=u:r:lmkd:s0 tcontext=u:object_r:mnt_user_file:s0 tclass=lnk_file permissive=1
07-15 09:39:56.333     0     0 I binder  : 2387:2387 ioctl 40046210 ffdd7e38 returned -22
07-15 09:39:56.363   679   679 I auditd  : type=1400 audit(0.0:3178): avc: denied { open } for comm="RenderThread" path="/dev/__properties__/u:object_r:vendor_default_prop:s0" dev="tmpfs" ino=2518 scontext=u:r:priv_app:s0:c512,c768 tcontext=u:object_r:vendor_default_prop:s0 tclass=file permissive=1 app=com.android.systemui
07-15 09:39:56.363   679   679 I auditd  : type=1400 audit(0.0:3179): avc: denied { getattr } for comm="RenderThread" path="/dev/__properties__/u:object_r:vendor_default_prop:s0" dev="tmpfs" ino=2518 scontext=u:r:priv_app:s0:c512,c768 tcontext=u:object_r:vendor_default_prop:s0 tclass=file permissive=1 app=com.android.systemui
07-15 09:39:56.363   679   679 I auditd  : type=1400 audit(0.0:3180): avc: denied { map } for comm="RenderThread" path="/dev/__properties__/u:object_r:vendor_default_prop:s0" dev="tmpfs" ino=2518 scontext=u:r:priv_app:s0:c512,c768 tcontext=u:object_r:vendor_default_prop:s0 tclass=file permissive=1 app=com.android.systemui
07-15 09:39:56.406   421   971 I am_proc_bound: [0,2387,com.android.tv.settings]
07-15 09:39:56.417   421   971 I wm_restart_activity: [0,48645399,114,com.android.tv.settings/com.shzhtxcz.txbox.MainActivity]
07-15 09:39:56.435   421   971 I wm_set_resumed_activity: [0,com.android.tv.settings/com.shzhtxcz.txbox.MainActivity,minimalResumeActivityLocked]
07-15 09:39:56.496   679   679 I auditd  : type=1400 audit(0.0:3181): avc: denied { write } for comm="RenderThread" name="property_service" dev="tmpfs" ino=3551 scontext=u:r:priv_app:s0:c512,c768 tcontext=u:object_r:property_socket:s0 tclass=sock_file permissive=1 app=com.android.systemui
07-15 09:39:56.496   679   679 I auditd  : type=1400 audit(0.0:3182): avc: denied { connectto } for comm="RenderThread" path="/dev/socket/property_service" scontext=u:r:priv_app:s0:c512,c768 tcontext=u:r:init:s0 tclass=unix_stream_socket permissive=1 app=com.android.systemui
07-15 09:39:56.496     1     1 I auditd  : type=1107 audit(0.0:3183): uid=0 auid=4294967295 ses=4294967295 subj=u:r:init:s0 msg='avc: denied { set } for property=sys.gmali.version pid=679 uid=10027 gid=10027 scontext=u:r:priv_app:s0:c512,c768 tcontext=u:object_r:system_prop:s0 tclass=property_service permissive=1'
07-15 09:39:56.543   892   892 I auditd  : type=1400 audit(0.0:3184): avc: denied { search } for comm="Thread-3" name="0" dev="tmpfs" ino=2738 scontext=u:r:priv_app:s0:c512,c768 tcontext=u:object_r:mnt_pass_through_file:s0 tclass=dir permissive=1 app=com.android.providers.media.module
07-15 09:39:56.561   421   971 V xzj     : startProcess: name=com.android.remoteprovisioner app=null knownToBeDead=true hostingType=service
07-15 09:39:56.561   421   971 I am_uid_running: 10026
07-15 09:39:56.563   421   971 D CompatibilityChangeReporter: Compat change id reported: 135634846; UID 10026; state: DISABLED
07-15 09:39:56.564   421   971 D CompatibilityChangeReporter: Compat change id reported: 177438394; UID 10026; state: DISABLED
07-15 09:39:56.564   421   971 D CompatibilityChangeReporter: Compat change id reported: 135772972; UID 10026; state: DISABLED
07-15 09:39:56.564   421   971 D CompatibilityChangeReporter: Compat change id reported: 135754954; UID 10026; state: ENABLED
07-15 09:39:56.565   421   481 D CompatibilityChangeReporter: Compat change id reported: 143937733; UID 10026; state: ENABLED
07-15 09:39:56.587   421   481 I am_proc_start: [0,2416,10026,com.android.remoteprovisioner,service,{com.android.remoteprovisioner/com.android.remoteprovisioner.service.GenerateRkpKeyService}]
07-15 09:39:56.587   421   481 I ActivityManager: Start proc 2416:com.android.remoteprovisioner/u0a26 for service {com.android.remoteprovisioner/com.android.remoteprovisioner.service.GenerateRkpKeyService}
07-15 09:39:56.637     0     0 I binder  : 679:821 ioctl 40046210 c2d42870 returned -22
07-15 09:39:56.675     0     0 I binder  : 2416:2416 ioctl 40046210 ffdd7e38 returned -22
07-15 09:39:56.680     0     0 W audit   : audit_lost=2896 audit_rate_limit=5 audit_backlog_limit=64
07-15 09:39:56.680     0     0 E audit   : rate limit exceeded
07-15 09:39:56.754   421  2129 I am_proc_bound: [0,2416,com.android.remoteprovisioner]
07-15 09:39:56.758   421  2129 D CompatibilityChangeReporter: Compat change id reported: 168419799; UID 10026; state: DISABLED
07-15 09:39:56.779   421  2129 I am_uid_active: 10026
07-15 09:39:56.889   421   526 I am_compact: [2416,com.android.remoteprovisioner,all,52260,33828,17656,15372,0,0,0,0,2,0,0,1001,19,1212152,0]
07-15 09:39:56.975   421   533 I ActivityManager: Killing 2416:com.android.remoteprovisioner/u0a26 (adj 905): empty #1
07-15 09:39:56.975   421   533 I am_kill : [0,2416,com.android.remoteprovisioner,905,empty #1]
07-15 09:39:57.032  2387  2387 I wm_on_create_called: [48645399,com.shzhtxcz.txbox.MainActivity,performCreate]
07-15 09:39:57.037  2387  2387 I wm_on_start_called: [48645399,com.shzhtxcz.txbox.MainActivity,handleStartActivity]
07-15 09:39:57.039   421  2129 I am_proc_died: [0,2416,com.android.remoteprovisioner,905,19]
07-15 09:39:57.040   421  2129 I am_uid_stopped: 10026
07-15 09:39:57.042   421  2129 D xzj     : ---low mem mode,skip restart crashed app= ProcessRecord{b3f0046 2416:com.android.remoteprovisioner/u0a26}
07-15 09:39:57.046  2387  2387 I wm_on_resume_called: [48645399,com.shzhtxcz.txbox.MainActivity,RESUME_ACTIVITY]
07-15 09:39:57.132  2387  2387 I wm_on_top_resumed_gained_called: [48645399,com.shzhtxcz.txbox.MainActivity,topStateChangedWhenResumed]
07-15 09:39:57.322   421   475 I input_focus: [Focus request 7cab77e com.android.tv.settings/com.shzhtxcz.txbox.MainActivity,reason=UpdateInputWindows]
07-15 09:39:57.372     0     0 I binder  : 2387:2421 ioctl 40046210 c3edc980 returned -22
07-15 09:39:57.406  2387  2387 I auditd  : type=1400 audit(0.0:3208): avc: denied { call } for comm="RenderThread" scontext=u:r:zygote:s0 tcontext=u:r:hal_graphics_allocator_default:s0 tclass=binder permissive=1
07-15 09:39:57.410   211   211 I auditd  : type=1400 audit(0.0:3209): avc: denied { read write } for comm="allocator@4.0-s" path=2F6D656D66643A6772616C6C6F635F7368617265645F6D656D6F7279202864656C6574656429 dev="tmpfs" ino=37652 scontext=u:r:zygote:s0 tcontext=u:object_r:hal_graphics_allocator_default_tmpfs:s0 tclass=file permissive=1
07-15 09:39:57.413  2387  2387 I auditd  : type=1400 audit(0.0:3210): avc: denied { map } for comm="RenderThread" path=2F6D656D66643A6772616C6C6F635F7368617265645F6D656D6F7279202864656C6574656429 dev="tmpfs" ino=37652 scontext=u:r:zygote:s0 tcontext=u:object_r:hal_graphics_allocator_default_tmpfs:s0 tclass=file permissive=1
07-15 09:39:57.481     0     0 I binder  : 2387:2421 ioctl 40046210 c3edb870 returned -22
07-15 09:39:57.516  2387  2387 I auditd  : type=1400 audit(0.0:3211): avc: denied { getattr } for comm="RenderThread" path=2F6D656D66643A6772616C6C6F635F7368617265645F6D656D6F7279202864656C6574656429 dev="tmpfs" ino=37656 scontext=u:r:zygote:s0 tcontext=u:object_r:hal_graphics_allocator_default_tmpfs:s0 tclass=file permissive=1
07-15 09:39:57.657   421   535 I input_focus: [Focus entering 7cab77e com.android.tv.settings/com.shzhtxcz.txbox.MainActivity (server),reason=Window became focusable. Previous reason: NOT_VISIBLE]
07-15 09:39:57.731   421   474 I dvm_lock_sample: [system_server,1,android.display,120,WindowManagerService.java,5392,void com.android.server.wm.WindowManagerService$H.handleMessage(android.os.Message),StartingSurfaceController.java,171,void com.android.server.wm.StartingSurfaceController$ShellStartingSurface.remove(boolean),24]
07-15 09:39:57.756   421   533 I dvm_lock_sample: [system_server,0,Binder:421_4,182,ActivityClientController.java,132,void com.android.server.wm.ActivityClientController.activityIdle(android.os.IBinder, android.content.res.Configuration, boolean),StartingSurfaceController.java,171,void com.android.server.wm.StartingSurfaceController$ShellStartingSurface.remove(boolean),36]
07-15 09:39:57.758   421   533 V WindowManager: getPackagePerformanceMode -- ComponentInfo{com.android.tv.settings/com.shzhtxcz.txbox.MainActivity} -- com.android.tv.settings -- mode=0
07-15 09:39:57.778   421   533 I wm_stop_activity: [0,182274646,com.spocky.projengmenu/.ui.home.MainActivity]
07-15 09:39:57.826   131   131 I auditd  : type=1400 audit(0.0:3212): avc: denied { search } for comm="lmkd" name="0" dev="tmpfs" ino=2733 scontext=u:r:lmkd:s0 tcontext=u:object_r:mnt_user_file:s0 tclass=dir permissive=1
07-15 09:39:57.829   421   471 I sysui_multi_action: [319,61011,321,60963,322,61891,325,45,757,761,758,7,759,1,806,com.android.tv.settings,871,com.shzhtxcz.txbox.MainActivity,904,com.spocky.projengmenu,905,0,945,60678,1320,4,1321,1]
07-15 09:39:57.862   934   934 I wm_on_stop_called: [182274646,com.spocky.projengmenu.ui.home.MainActivity,STOP_ACTIVITY_ITEM]
07-15 09:39:57.870   421   471 W Looper  : Slow dispatch took 220ms android.fg h=android.os.Handler c=com.android.server.wm.ActivityMetricsLogger$$ExternalSyntheticLambda1@5f2230 m=0
07-15 09:39:57.870   421   471 I wm_activity_launch_time: [0,48645399,com.android.tv.settings/com.shzhtxcz.txbox.MainActivity,61891]
07-15 09:39:57.872   421   471 W Looper  : Slow delivery took 221ms android.fg h=android.os.Handler c=com.android.server.wm.ActivityMetricsLogger$$ExternalSyntheticLambda2@60c5ea9 m=0
07-15 09:39:58.042   421   475 I dvm_lock_sample: [system_server,1,android.anim,15,WindowSurfacePlacer.java,56,void com.android.server.wm.WindowSurfacePlacer$Traverser.run(),WindowManagerService.java,2064,void com.android.server.wm.WindowManagerService.removeWindow(com.android.server.wm.Session, android.view.IWindow),3]
07-15 09:39:58.440   131   131 I auditd  : type=1400 audit(0.0:3213): avc: denied { read } for comm="lmkd" name="primary" dev="tmpfs" ino=21976 scontext=u:r:lmkd:s0 tcontext=u:object_r:mnt_user_file:s0 tclass=lnk_file permissive=1
07-15 09:39:59.421   421   914 E TaskPersister: File error accessing recents directory (directory doesn't exist?).
07-15 09:39:59.798   421   479 I am_pss  : [892,10032,com.android.providers.media.module,25448448,14864384,7366656,84094976,0,0,9]
07-15 09:40:00.008   421   471 W Looper  : Drained
07-15 09:40:00.011   421   526 I am_compact: [2197,android.process.acore,file,74652,53412,20456,15036,0,0,0,0,5,0,0,100,5,1200888,0]
07-15 09:40:00.341   421   526 I am_compact: [1246,com.google.process.gservices,file,58016,40692,16516,17656,0,0,0,0,3,1,99483,100,5,1200888,0]
07-15 09:40:04.825   421   526 I am_compact: [1933,com.google.android.gms.unstable,all,188488,153252,34340,14420,0,0,0,0,1,0,0,1001,19,1199864,0]
07-15 09:40:04.829   421   479 I am_pss  : [2144,10031,com.android.permissioncontroller,13545472,10485760,626688,66822144,0,6,7]
07-15 09:40:05.132   421   526 I am_compact: [2144,com.android.permissioncontroller,all,63920,43936,19208,15372,0,0,0,0,2,0,0,1001,19,1199864,0]
07-15 09:40:05.992   421   533 I ActivityManager: Killing 2144:com.android.permissioncontroller/u0a31 (adj 905): empty #1
07-15 09:40:05.992   421   533 I am_kill : [0,2144,com.android.permissioncontroller,905,empty #1]
07-15 09:40:06.045   421   981 I am_proc_died: [0,2144,com.android.permissioncontroller,905,19]
07-15 09:40:06.046   421   981 I am_uid_stopped: 10031
07-15 09:40:06.046   421   981 D xzj     : ---low mem mode,skip restart crashed app= ProcessRecord{51f8be1 2144:com.android.permissioncontroller/u0a31}
07-15 09:40:06.057   421   479 I am_pss  : [1388,10007,android.process.media,7247872,2211840,2500608,61472768,0,19,6]
07-15 09:40:06.065   421   479 I am_pss  : [1995,1000,com.huawei.connection,17297408,7168000,648192,86597632,0,4,8]
07-15 09:40:08.119   421   526 I am_compact: [1292,com.google.process.gapps,all,59516,41724,16952,16580,0,0,0,0,3,1,97213,700,15,1201912,0]
07-15 09:40:08.127   421   479 I am_pss  : [2387,1000,com.android.tv.settings,29265920,17559552,626688,111288320,0,2,9]
07-15 09:40:08.133   421   479 I am_pss  : [1292,10019,com.google.process.gapps,7500800,2904064,1938432,61931520,0,19,6]
07-15 09:40:11.396  2467  2467 I auditd  : type=1400 audit(0.0:3214): avc: denied { execute } for comm="Thread-10" name="sh" dev="dm-0" ino=1044 scontext=u:r:zygote:s0 tcontext=u:object_r:shell_exec:s0 tclass=file permissive=1
07-15 09:40:11.396  2467  2467 I auditd  : type=1400 audit(0.0:3215): avc: denied { read open } for comm="Thread-10" path="/system/bin/sh" dev="dm-0" ino=1044 scontext=u:r:zygote:s0 tcontext=u:object_r:shell_exec:s0 tclass=file permissive=1
07-15 09:40:11.396  2467  2467 I auditd  : type=1400 audit(0.0:3216): avc: denied { execute_no_trans } for comm="Thread-10" path="/system/bin/sh" dev="dm-0" ino=1044 scontext=u:r:zygote:s0 tcontext=u:object_r:shell_exec:s0 tclass=file permissive=1
07-15 09:40:11.400  2467  2467 I auditd  : type=1400 audit(0.0:3217): avc: denied { map } for comm="sh" path="/system/bin/sh" dev="dm-0" ino=1044 scontext=u:r:zygote:s0 tcontext=u:object_r:shell_exec:s0 tclass=file permissive=1
07-15 09:40:11.403  2467  2467 I auditd  : type=1400 audit(0.0:3218): avc: denied { getattr } for comm="sh" path="/system/bin/sh" dev="dm-0" ino=1044 scontext=u:r:zygote:s0 tcontext=u:object_r:shell_exec:s0 tclass=file permissive=1
07-15 09:40:11.426  2468  2468 I auditd  : type=1400 audit(0.0:3219): avc: denied { execute_no_trans } for comm="sh" path="/system/bin/am" dev="dm-0" ino=734 scontext=u:r:zygote:s0 tcontext=u:object_r:system_file:s0 tclass=file permissive=1
07-15 09:40:11.489     0     0 I binder  : 2469:2469 ioctl 40046210 fff24510 returned -22
07-15 09:40:11.486  2469  2469 I auditd  : type=1400 audit(0.0:3220): avc: denied { read } for comm="cmd" path="pipe:[37863]" dev="pipefs" ino=37863 scontext=u:r:system_server:s0 tcontext=u:r:zygote:s0 tclass=fifo_file permissive=1
07-15 09:40:11.486  2469  2469 I auditd  : type=1400 audit(0.0:3221): avc: denied { write } for comm="cmd" path="pipe:[37864]" dev="pipefs" ino=37864 scontext=u:r:system_server:s0 tcontext=u:r:zygote:s0 tclass=fifo_file permissive=1
07-15 09:40:11.508   421   885 V xzj     : startProcess: name=com.rockchip.itvbox app=null knownToBeDead=true hostingType=service
07-15 09:40:11.509   421   885 I ActivityManager: com.rockchip.itvbox is exempt from freezer
07-15 09:40:11.510   421   885 D CompatibilityChangeReporter: Compat change id reported: 135634846; UID 1000; state: DISABLED
07-15 09:40:11.529   421   481 I am_proc_start: [0,2472,1000,com.rockchip.itvbox,service,{com.rockchip.itvbox/com.google.android.RkService}]
07-15 09:40:11.529   421   481 I ActivityManager: Start proc 2472:com.rockchip.itvbox/1000 for service {com.rockchip.itvbox/com.google.android.RkService}
07-15 09:40:11.546  2472  2472 I auditd  : type=1400 audit(0.0:3222): avc: denied { connectto } for comm=4144422D4A44575020436F6E6E6563 path=006A6477702D636F6E74726F6C scontext=u:r:zygote:s0 tcontext=u:r:adbd:s0 tclass=unix_stream_socket permissive=1
07-15 09:40:11.556     0     0 I binder  : 2472:2472 ioctl 40046210 ffdd7e38 returned -22
07-15 09:40:11.564   421   885 I am_proc_bound: [0,2472,com.rockchip.itvbox]
07-15 09:40:11.567   421   885 D CompatibilityChangeReporter: Compat change id reported: 168419799; UID 1000; state: DISABLED
07-15 09:40:11.586     0     0 W audit   : audit_lost=2919 audit_rate_limit=5 audit_backlog_limit=64
07-15 09:40:11.587     0     0 E audit   : rate limit exceeded
07-15 09:40:11.650  2472  2472 W ContextImpl: Calling a method in the system process without a qualified user: android.app.ContextImpl.startService:1825 android.content.ContextWrapper.startService:776 com.google.android.MyApp.onCreate:13 android.app.Instrumentation.callApplicationOnCreate:1223 android.app.ActivityThread.handleBindApplication:6762 
07-15 09:40:11.661   421   480 V ActivityManager: Attempted to start a foreground service (com.rockchip.itvbox/com.google.android.RkService) with a broken notification (no icon: Notification(channel=com.google.android.RkService shortcut=null contentView=null vibrate=null sound=null defaults=0x0 flags=0x40 color=0x00000000 vis=PRIVATE))
07-15 09:40:11.668   421   421 I notification_enqueue: [1000,2472,com.rockchip.itvbox,10000,NULL,0,Notification(channel=com.google.android.RkService shortcut=null contentView=null vibrate=null sound=null defaults=0x0 flags=0x40 color=0x00000000 vis=PRIVATE),0]
07-15 09:40:11.669   421   421 I sysui_multi_action: [757,1501,758,1,793,2,794,0,795,2,796,10000,806,com.rockchip.itvbox,857,com.google.android.RkService,858,2,947,0,1500,0]
07-15 09:40:11.669   421   421 I sysui_multi_action: [757,804,799,note_interruptive,801,0,802,1]
07-15 09:40:11.672   421   421 W NotificationHistory: Attempted to add notif for locked/gone/disabled user 0
07-15 09:40:11.682   421   479 I am_pss  : [2263,10003,com.android.externalstorage,5687296,2797568,629760,58204160,0,19,6]
07-15 09:40:13.090   421   535 I input_interaction: Interaction with: 7cab77e com.android.tv.settings/com.shzhtxcz.txbox.MainActivity (server), PointerEventDispatcher0 (server), 
07-15 09:40:13.090  2387  2387 I auditd  : type=1400 audit(0.0:3253): avc: denied { read } for comm="oid.tv.settings" scontext=u:r:zygote:s0 tcontext=u:r:system_server:s0 tclass=unix_stream_socket permissive=1
07-15 09:40:13.090  2387  2387 I auditd  : type=1400 audit(0.0:3254): avc: denied { write } for comm="oid.tv.settings" scontext=u:r:zygote:s0 tcontext=u:r:system_server:s0 tclass=unix_stream_socket permissive=1
07-15 09:40:13.346     0     0 W         : hason rmc test period=39377
07-15 09:40:13.349     0     0 W         : hason rmc test period=2243
07-15 09:40:13.802     0     0 W         : hason rmc test period=39361
07-15 09:40:13.805     0     0 W         : hason rmc test period=2216
07-15 09:40:14.606   421   421 I service_manager_stats: [100,198,63903]
07-15 09:40:14.653     0     0 W         : hason rmc test period=39333
07-15 09:40:14.656     0     0 W         : hason rmc test period=2212
07-15 09:40:14.733  2472  2472 I auditd  : type=1400 audit(0.0:3255): avc: denied { write } for comm="absolut.fit/..." name="fwmarkd" dev="tmpfs" ino=16670 scontext=u:r:zygote:s0 tcontext=u:object_r:fwmarkd_socket:s0 tclass=sock_file permissive=1
07-15 09:40:14.788   421   885 I ActivityTaskManager: START u0 {cmp=com.android.tv.settings/com.shzhtxcz.txbox.activity.SystemSettingAppActivity} from uid 1000
07-15 09:40:14.810   421   885 I wm_task_moved: [114,1,1]
07-15 09:40:14.810   421   885 I wm_set_resumed_activity: [0,com.android.tv.settings/com.shzhtxcz.txbox.MainActivity,positionChildAt]
07-15 09:40:14.811   421   885 I wm_create_activity: [0,208899516,114,com.android.tv.settings/com.shzhtxcz.txbox.activity.SystemSettingAppActivity,NULL,NULL,NULL,0]
07-15 09:40:14.813   421   885 I wm_pause_activity: [0,48645399,com.android.tv.settings/com.shzhtxcz.txbox.MainActivity,userLeaving=true,resumeTopActivity]
07-15 09:40:14.859  2387  2387 I wm_on_top_resumed_lost_called: [48645399,com.shzhtxcz.txbox.MainActivity,topStateChangedWhenResumed]
07-15 09:40:14.865  2387  2387 I wm_on_paused_called: [48645399,com.shzhtxcz.txbox.MainActivity,performPause]
