12-04 06:25:44.732   421   480 D SystemServerTimingAsync: ssm.onUnlockedUser-0_com.android.server.companion.CompanionDeviceManagerService
12-04 06:25:44.733   421   480 V SystemServerTimingAsync: ssm.onUnlockedUser-0_com.android.server.companion.CompanionDeviceManagerService took to complete: 0ms
12-04 06:25:44.733   421   480 D SystemServerTimingAsync: ssm.onUnlockedUser-0_com.android.server.restrictions.RestrictionsManagerService
12-04 06:25:44.733   421   480 V SystemServerTimingAsync: ssm.onUnlockedUser-0_com.android.server.restrictions.RestrictionsManagerService took to complete: 0ms
12-04 06:25:44.733   421   480 D SystemServerTimingAsync: ssm.onUnlockedUser-0_com.android.server.media.MediaSessionService
12-04 06:25:44.733   421   480 V SystemServerTimingAsync: ssm.onUnlockedUser-0_com.android.server.media.MediaSessionService took to complete: 0ms
12-04 06:25:44.733   421   480 D SystemServerTimingAsync: ssm.onUnlockedUser-0_com.android.server.tv.TvInputManagerService
12-04 06:25:44.733   421   480 V SystemServerTimingAsync: ssm.onUnlockedUser-0_com.android.server.tv.TvInputManagerService took to complete: 0ms
12-04 06:25:44.733   421   480 D SystemServerTimingAsync: ssm.onUnlockedUser-0_com.android.server.media.MediaResourceMonitorService
12-04 06:25:44.733   421   480 V SystemServerTimingAsync: ssm.onUnlockedUser-0_com.android.server.media.MediaResourceMonitorService took to complete: 0ms
12-04 06:25:44.733   421   480 D SystemServerTimingAsync: ssm.onUnlockedUser-0_com.android.server.tv.TvRemoteService
12-04 06:25:44.733   421   474 D CompatibilityChangeReporter: Compat change id reported: 174042936; UID 10036; state: DISABLED
12-04 06:25:44.735   421   474 D CompatibilityChangeReporter: Compat change id reported: 174042980; UID 10036; state: DISABLED
12-04 06:25:44.735   421   480 V SystemServerTimingAsync: ssm.onUnlockedUser-0_com.android.server.tv.TvRemoteService took to complete: 0ms
12-04 06:25:44.735   421   480 D SystemServerTimingAsync: ssm.onUnlockedUser-0_com.android.server.biometrics.BiometricService
12-04 06:25:44.735   421   480 V SystemServerTimingAsync: ssm.onUnlockedUser-0_com.android.server.biometrics.BiometricService took to complete: 0ms
12-04 06:25:44.735   421   480 D SystemServerTimingAsync: ssm.onUnlockedUser-0_com.android.server.biometrics.AuthService
12-04 06:25:44.736   421   480 V SystemServerTimingAsync: ssm.onUnlockedUser-0_com.android.server.biometrics.AuthService took to complete: 0ms
12-04 06:25:44.736   421   480 D SystemServerTimingAsync: ssm.onUnlockedUser-0_com.android.server.pm.ShortcutService$Lifecycle
12-04 06:25:44.736   421   480 V SystemServerTimingAsync: ssm.onUnlockedUser-0_com.android.server.pm.ShortcutService$Lifecycle took to complete: 0ms
12-04 06:25:44.736   421   480 D SystemServerTimingAsync: ssm.onUnlockedUser-0_com.android.server.pm.LauncherAppsService
12-04 06:25:44.736   421   480 V SystemServerTimingAsync: ssm.onUnlockedUser-0_com.android.server.pm.LauncherAppsService took to complete: 0ms
12-04 06:25:44.736   421   480 D SystemServerTimingAsync: ssm.onUnlockedUser-0_com.android.server.pm.CrossProfileAppsService
12-04 06:25:44.736   421   480 V SystemServerTimingAsync: ssm.onUnlockedUser-0_com.android.server.pm.CrossProfileAppsService took to complete: 0ms
12-04 06:25:44.736   421   480 D SystemServerTimingAsync: ssm.onUnlockedUser-0_com.android.server.people.PeopleService
12-04 06:25:44.745   421   473 I DropBoxManagerService: add tag=system_server_strictmode isTagEnabled=true flags=0x2
12-04 06:25:44.747   421   480 V SystemServerTimingAsync: ssm.onUnlockedUser-0_com.android.server.people.PeopleService took to complete: 10ms
12-04 06:25:44.747   421   481 W ActivityManager: Slow operation: 85ms so far, now at startProcess: returned from zygote!
12-04 06:25:44.747   421   480 D SystemServerTimingAsync: ssm.onUnlockedUser-0_com.android.server.media.metrics.MediaMetricsManagerService
12-04 06:25:44.747   421   480 V SystemServerTimingAsync: ssm.onUnlockedUser-0_com.android.server.media.metrics.MediaMetricsManagerService took to complete: 0ms
12-04 06:25:44.747   421   480 D SystemServerTimingAsync: ssm.onUnlockedUser-0_com.android.server.media.projection.MediaProjectionManagerService
12-04 06:25:44.747   421   480 V SystemServerTimingAsync: ssm.onUnlockedUser-0_com.android.server.media.projection.MediaProjectionManagerService took to complete: 0ms
12-04 06:25:44.747   421   480 D SystemServerTimingAsync: ssm.onUnlockedUser-0_com.android.server.slice.SliceManagerService$Lifecycle
12-04 06:25:44.748   421   480 V SystemServerTimingAsync: ssm.onUnlockedUser-0_com.android.server.slice.SliceManagerService$Lifecycle took to complete: 0ms
12-04 06:25:44.748   421   480 D SystemServerTimingAsync: ssm.onUnlockedUser-0_com.android.server.stats.StatsCompanion$Lifecycle
12-04 06:25:44.748   421   480 V SystemServerTimingAsync: ssm.onUnlockedUser-0_com.android.server.stats.StatsCompanion$Lifecycle took to complete: 0ms
12-04 06:25:44.748   421   480 D SystemServerTimingAsync: ssm.onUnlockedUser-0_com.android.server.scheduling.RebootReadinessManagerService$Lifecycle
12-04 06:25:44.748   421   480 V SystemServerTimingAsync: ssm.onUnlockedUser-0_com.android.server.scheduling.RebootReadinessManagerService$Lifecycle took to complete: 0ms
12-04 06:25:44.749   421   480 D SystemServerTimingAsync: ssm.onUnlockedUser-0_com.android.server.stats.pull.StatsPullAtomService
12-04 06:25:44.749   421   480 V SystemServerTimingAsync: ssm.onUnlockedUser-0_com.android.server.stats.pull.StatsPullAtomService took to complete: 0ms
12-04 06:25:44.758   421   480 D SystemServerTimingAsync: ssm.onUnlockedUser-0_com.android.server.incident.IncidentCompanionService
12-04 06:25:44.758   421   480 V SystemServerTimingAsync: ssm.onUnlockedUser-0_com.android.server.incident.IncidentCompanionService took to complete: 0ms
12-04 06:25:44.758   421   480 D SystemServerTimingAsync: ssm.onUnlockedUser-0_com.android.server.MmsServiceBroker
12-04 06:25:44.758   421   480 V SystemServerTimingAsync: ssm.onUnlockedUser-0_com.android.server.MmsServiceBroker took to complete: 0ms
12-04 06:25:44.758   421   480 D SystemServerTimingAsync: ssm.onUnlockedUser-0_com.android.server.autofill.AutofillManagerService
12-04 06:25:44.758   421   480 V SystemServerTimingAsync: ssm.onUnlockedUser-0_com.android.server.autofill.AutofillManagerService took to complete: 0ms
12-04 06:25:44.758   421   480 D SystemServerTimingAsync: ssm.onUnlockedUser-0_com.android.server.clipboard.ClipboardService
12-04 06:25:44.758   421   480 V SystemServerTimingAsync: ssm.onUnlockedUser-0_com.android.server.clipboard.ClipboardService took to complete: 0ms
12-04 06:25:44.758   421   480 D SystemServerTimingAsync: ssm.onUnlockedUser-0_com.android.server.appbinding.AppBindingService$Lifecycle
12-04 06:25:44.758   421   480 V SystemServerTimingAsync: ssm.onUnlockedUser-0_com.android.server.appbinding.AppBindingService$Lifecycle took to complete: 0ms
12-04 06:25:44.758   421   480 D SystemServerTimingAsync: ssm.onUnlockedUser-0_com.android.server.tracing.TracingServiceProxy
12-04 06:25:44.758   421   480 V SystemServerTimingAsync: ssm.onUnlockedUser-0_com.android.server.tracing.TracingServiceProxy took to complete: 0ms
12-04 06:25:44.758   421   480 D SystemServerTimingAsync: ssm.onUnlockedUser-0_com.android.server.policy.PermissionPolicyService
12-04 06:25:44.758   421   480 V SystemServerTimingAsync: ssm.onUnlockedUser-0_com.android.server.policy.PermissionPolicyService took to complete: 0ms
12-04 06:25:44.758   421   480 D SystemServerTimingAsync: ssm.onUnlockedUser-0_com.android.server.pm.StagingManager$Lifecycle
12-04 06:25:44.758   421   480 V SystemServerTimingAsync: ssm.onUnlockedUser-0_com.android.server.pm.StagingManager$Lifecycle took to complete: 0ms
12-04 06:25:44.758   421   480 D SystemServerTimingAsync: ssm.onUnlockedUser-0_com.android.server.app.GameManagerService$Lifecycle
12-04 06:25:44.758   421   480 V SystemServerTimingAsync: ssm.onUnlockedUser-0_com.android.server.app.GameManagerService$Lifecycle took to complete: 0ms
12-04 06:25:44.759   421   480 D SystemServerTimingAsync: ssm.onUnlockedUser-0_com.android.server.appsearch.AppSearchManagerService
12-04 06:25:44.759   421   480 V SystemServerTimingAsync: ssm.onUnlockedUser-0_com.android.server.appsearch.AppSearchManagerService took to complete: 0ms
12-04 06:25:44.759   421   480 D SystemServerTimingAsync: ssm.onUnlockedUser-0_com.android.server.media.MediaCommunicationService
12-04 06:25:44.759   421   480 V SystemServerTimingAsync: ssm.onUnlockedUser-0_com.android.server.media.MediaCommunicationService took to complete: 0ms
12-04 06:25:44.759   421   480 D SystemServerTimingAsync: ssm.onUnlockedUser-0_com.android.server.compat.overrides.AppCompatOverridesService$Lifecycle
12-04 06:25:44.759   421   480 V SystemServerTimingAsync: ssm.onUnlockedUser-0_com.android.server.compat.overrides.AppCompatOverridesService$Lifecycle took to complete: 0ms
12-04 06:25:44.759   421   480 V SystemServerTimingAsync: ssm.UnlockedUser-0 took to complete: 83ms
12-04 06:25:44.759   421   480 W ActivityManager: UserLifecycleEvent 6 received without an active userJourneySession.
12-04 06:25:44.765   421   473 I DropBoxManagerService: add tag=system_server_strictmode isTagEnabled=true flags=0x2
12-04 06:25:44.769   421   473 I DropBoxManagerService: add tag=system_server_strictmode isTagEnabled=true flags=0x2
12-04 06:25:44.772   421   480 I DropBoxManagerService: add tag=system_server_wtf isTagEnabled=true flags=0x2
12-04 06:25:44.803   421   474 D CompatibilityChangeReporter: Compat change id reported: 168419799; UID 10036; state: DISABLED
12-04 06:25:44.821   421   421 W ActivityManager: Slow operation: 124ms so far, now at startProcess: done creating new process record
12-04 06:25:44.822   421   421 W ActivityManager: Slow operation: 124ms so far, now at startProcess: stepping in to startProcess
12-04 06:25:44.830   421   533 D xzj     : -----------prev= ActivityRecord{1184c13 u0 com.android.tv.set/.system.FallbackHome t2 f}}-----------next= ActivityRecord{add4a56 u0 com.spocky.projengmenu/.ui.home.MainActivity t113}
01-01 00:00:49.789     0     0 I binder  : 915:915 ioctl 40046210 ffdd7e38 returned -22
12-04 06:25:44.841   421   421 D CompatibilityChangeReporter: Compat change id reported: 135634846; UID 10036; state: DISABLED
12-04 06:25:44.842   421   421 W ActivityManager: Slow operation: 144ms so far, now at startProcess: done starting proc!
12-04 06:25:44.843   421   421 W Looper  : Slow dispatch took 173ms main h=android.app.ActivityThread$H c=android.app.LoadedApk$ReceiverDispatcher$Args$$ExternalSyntheticLambda0@ffaf506 m=0
12-04 06:25:44.855   421   471 V xzj     : startProcess: name=com.google.android.gms.persistent app=null knownToBeDead=true hostingType=service
12-04 06:25:44.888   421   471 D CompatibilityChangeReporter: Compat change id reported: 135634846; UID 10019; state: DISABLED
12-04 06:25:44.891   421   914 E TaskPersister: File error accessing recents directory (directory doesn't exist?).
12-04 06:25:44.893   421   471 W Looper  : Slow dispatch took 188ms android.fg h=android.os.Handler c=com.android.server.servicewatcher.ServiceWatcherImpl$$ExternalSyntheticLambda1@9a47960 m=0
12-04 06:25:44.894   421   481 W ActivityManager: Slow operation: 232ms so far, now at startProcess: done updating battery stats
12-04 06:25:44.894   421   481 W ActivityManager: Slow operation: 233ms so far, now at startProcess: building log message
12-04 06:25:44.894   421   481 I ActivityManager: Start proc 915:com.android.tv.settings/1000 for broadcast {com.android.tv.settings/com.shzhtxcz.txbox.receiver.OnLineOrOffLineReceiver}
12-04 06:25:44.896   421   481 W ActivityManager: Slow operation: 233ms so far, now at startProcess: starting to update pids map
12-04 06:25:44.896   421   481 W ActivityManager: Slow operation: 235ms so far, now at startProcess: done updating pids map
12-04 06:25:44.899   421   481 W ActivityManager: Slow operation: 75ms so far, now at startProcess: asking zygote to start proc
12-04 06:25:44.899   421   481 D CompatibilityChangeReporter: Compat change id reported: 143937733; UID 10036; state: ENABLED
12-04 06:25:44.900   421   480 W BroadcastQueue: Background execution not allowed: receiving Intent { act=android.intent.action.DROPBOX_ENTRY_ADDED flg=0x10 (has extras) } to com.google.android.gms/.stats.service.DropBoxEntryAddedReceiver
12-04 06:25:44.906   421   480 W BroadcastQueue: Background execution not allowed: receiving Intent { act=android.bluetooth.adapter.action.STATE_CHANGED flg=0x4000010 (has extras) } to com.google.android.gms/.chimera.GmsIntentOperationService$PersistentTrustedReceiver
12-04 06:25:44.918   421   678 D CompatibilityChangeReporter: Compat change id reported: 168419799; UID 1000; state: DISABLED
12-04 06:25:44.925   421   474 V xzj     : startProcess: name=com.spocky.projengmenu app=ProcessRecord{7f27eb 0:com.spocky.projengmenu/u0a36} knownToBeDead=false hostingType=top-activity
12-04 06:25:44.925   421   474 V xzj     : startProcess: name=com.spocky.projengmenu app=ProcessRecord{7f27eb 0:com.spocky.projengmenu/u0a36} knownToBeDead=false hostingType=top-activity
12-04 06:25:44.931   421   474 V xzj     : startProcess: name=com.spocky.projengmenu app=ProcessRecord{7f27eb 0:com.spocky.projengmenu/u0a36} knownToBeDead=false hostingType=top-activity
12-04 06:25:44.943   421   481 W ActivityManager: Slow operation: 122ms so far, now at startProcess: returned from zygote!
12-04 06:25:44.946   421   481 W ActivityManager: Slow operation: 124ms so far, now at startProcess: done updating battery stats
12-04 06:25:44.946   421   481 W ActivityManager: Slow operation: 125ms so far, now at startProcess: building log message
12-04 06:25:44.946   421   481 I ActivityManager: Start proc 934:com.spocky.projengmenu/u0a36 for service {com.spocky.projengmenu/com.spocky.projengmenu.services.notification.NotificationListener}
12-04 06:25:44.956   421   481 W ActivityManager: Slow operation: 125ms so far, now at startProcess: starting to update pids map
12-04 06:25:44.961   421   481 W ActivityManager: Slow operation: 139ms so far, now at startProcess: done updating pids map
12-04 06:25:44.961   421   481 W ActivityManager: Slow operation: 74ms so far, now at startProcess: asking zygote to start proc
12-04 06:25:44.961   421   481 D CompatibilityChangeReporter: Compat change id reported: 143937733; UID 10019; state: ENABLED
12-04 06:25:44.971   421   471 W Looper  : Slow delivery took 228ms android.fg h=android.os.Handler c=com.android.server.servicewatcher.ServiceWatcherImpl$$ExternalSyntheticLambda1@b50064a m=0
12-04 06:25:44.983   421   573 I BackupManagerService: isBackupEnabled() => false due to absent settings file
12-04 06:25:44.988   421   573 D BackupManagerService: user:0 readBackupEnableState enabled:false
12-04 06:25:44.992   421   573 I BackupManagerService: [UserID:0] Backup enabled => false
01-01 00:00:50.020     0     0 I binder  : 934:934 ioctl 40046210 ffdd7e38 returned -22
12-04 06:25:45.088   421   421 V xzj     : startProcess: name=com.google.android.gms app=null knownToBeDead=true hostingType=service
12-04 06:25:45.114   421   601 I SyncManager: Loaded persisted syncs: 6 periodic syncs, 0 oneshot syncs, 22 total system server jobs, JobStats: FirstLoad: 11/9/6 LastSave: -1/-1/-1
12-04 06:25:45.121   421   481 W ActivityManager: Slow operation: 234ms so far, now at startProcess: returned from zygote!
12-04 06:25:45.121   421   481 W ActivityManager: Slow operation: 235ms so far, now at startProcess: done updating battery stats
12-04 06:25:45.121   421   481 W ActivityManager: Slow operation: 235ms so far, now at startProcess: building log message
12-04 06:25:45.121   421   481 I ActivityManager: Start proc 948:com.google.android.gms.persistent/u0a19 for service {com.google.android.gms/com.google.android.location.network.NetworkLocationService}
01-01 00:00:50.087     0     0 I binder  : 948:948 ioctl 40046210 ffdd7e38 returned -22
12-04 06:25:45.153   421   481 W ActivityManager: Slow operation: 266ms so far, now at startProcess: starting to update pids map
12-04 06:25:45.154   421   481 W ActivityManager: Slow operation: 267ms so far, now at startProcess: done updating pids map
12-04 06:25:45.154   421   481 W ActivityManager: Slow operation: 66ms so far, now at startProcess: asking zygote to start proc
12-04 06:25:45.157   421   421 W Looper  : Slow delivery took 256ms main h=android.app.ActivityThread$H c=android.app.LoadedApk$ReceiverDispatcher$Args$$ExternalSyntheticLambda0@1d3efd6 m=0
12-04 06:25:45.157   421   421 W Looper  : Slow dispatch took 243ms main h=android.app.ActivityThread$H c=android.app.LoadedApk$ReceiverDispatcher$Args$$ExternalSyntheticLambda0@1d3efd6 m=0
12-04 06:25:45.182   421   471 W Looper  : Drained
12-04 06:25:45.197   421   479 W ActivityManager: Unable to start service Intent { cmp=com.android.printspooler/.model.PrintSpoolerService } U=0: not found
12-04 06:25:45.199   421   421 W Looper  : Drained
12-04 06:25:45.218   421   469 D CompatibilityChangeReporter: Compat change id reported: 168419799; UID 10019; state: DISABLED
12-04 06:25:45.246   421   481 W ActivityManager: Slow operation: 158ms so far, now at startProcess: returned from zygote!
12-04 06:25:45.282   421   469 W ActivityManager: Slow operation: 83ms so far, now at attachApplicationLocked: after mServices.attachApplicationLocked
12-04 06:25:45.319   421   481 W ActivityManager: Slow operation: 230ms so far, now at startProcess: done updating battery stats
12-04 06:25:45.319   421   481 W ActivityManager: Slow operation: 231ms so far, now at startProcess: building log message
12-04 06:25:45.319   421   481 I ActivityManager: Start proc 976:com.google.android.gms/u0a19 for service {com.google.android.gms/com.google.android.gms.people.sync.PeopleSyncService}
12-04 06:25:45.319   421   481 W ActivityManager: Slow operation: 231ms so far, now at startProcess: starting to update pids map
01-01 00:00:50.271     0     0 I binder  : 976:976 ioctl 40046210 ffdd7e38 returned -22
12-04 06:25:45.321   421   481 W ActivityManager: Slow operation: 232ms so far, now at startProcess: done updating pids map
01-01 00:00:50.342     0     0 W audit   : audit_lost=6 audit_rate_limit=5 audit_backlog_limit=64
01-01 00:00:50.343     0     0 E audit   : rate limit exceeded
12-04 06:25:45.456   421   981 W StorageManagerService: Reporting emulated;0 unmounted due to system locked
12-04 06:25:45.488   421   969 W StorageManagerService: Reporting emulated;0 unmounted due to system locked
12-04 06:25:45.594   421   885 W OverlayManager: service 'idmap' died
12-04 06:25:45.667   421   886 I StorageUserConnection: Service: [ComponentInfo{com.android.providers.media.module/com.android.providers.media.fuse.ExternalStorageServiceImpl}] connected. User [0]
12-04 06:25:45.688   335   335 W wificond: Scan is not started. Ignore abort request
12-04 06:25:45.725   421   971 W StorageManagerService: Reporting emulated;0 unmounted due to system locked
12-04 06:25:45.759   421   473 D BluetoothManagerService: MESSAGE_BLUETOOTH_STATE_CHANGE: TURNING_ON > ON
12-04 06:25:45.816   421   473 D BluetoothManagerService: Broadcasting onBluetoothStateChange(true) to 7 receivers.
12-04 06:25:45.827   421   533 D CompatibilityChangeReporter: Compat change id reported: 149924527; UID 1000; state: ENABLED
12-04 06:25:45.831   421   885 D CompatibilityChangeReporter: Compat change id reported: 132649864; UID 1000; state: DISABLED
12-04 06:25:45.839   421   473 D BluetoothManagerService: Creating new ProfileServiceConnections object for profile: 1
12-04 06:25:45.866   679   679 V SystemUIBootTiming: StartServicescom.android.systemui.volume.VolumeUI took to complete: 1228ms
12-04 06:25:45.876   421   473 D BluetoothManagerService: Sending BLE State Change: TURNING_ON > ON
12-04 06:25:45.876   421   469 W StorageManagerService: Reporting emulated;0 unmounted due to system locked
12-04 06:25:45.878   421   421 D CompanionDeviceManagerService: Received BT state transition broadcast: TURNING_ON -> ON
12-04 06:25:45.878   421   473 D BluetoothManagerService: Sending State Change: TURNING_ON > ON
12-04 06:25:45.881   421   421 I CompanionDeviceManagerService: startBleScan()
12-04 06:25:45.904   421   469 W ActivityManager: Receiver with filter android.content.IntentFilter@bfd2c60 already registered for pid 679, callerPackage is com.android.systemui
12-04 06:25:45.905   421   971 W StorageManagerService: Reporting emulated;0 unmounted due to system locked
12-04 06:25:45.919   679   679 V SystemUIBootTiming: StartServicescom.android.systemui.privacy.television.TvOngoingPrivacyChip took to complete: 52ms
12-04 06:25:45.922   421   971 I StatusBarManagerService: registerStatusBar bar=com.android.internal.statusbar.IStatusBar$Stub$Proxy@578ae8c
12-04 06:25:45.924   679   679 V SystemUIBootTiming: StartServicescom.android.systemui.statusbar.tv.TvStatusBar took to complete: 5ms
12-04 06:25:45.925   679   679 V SystemUIBootTiming: StartServicescom.android.systemui.statusbar.tv.notifications.TvNotificationPanel took to complete: 1ms
12-04 06:25:45.929   679   679 V SystemUIBootTiming: StartServicescom.android.systemui.statusbar.tv.notifications.TvNotificationHandler took to complete: 3ms
12-04 06:25:45.952   679   679 V SystemUIBootTiming: StartServicescom.android.systemui.statusbar.tv.VpnStatusObserver took to complete: 23ms
12-04 06:25:45.959   679   679 V SystemUIBootTiming: StartServicescom.android.systemui.globalactions.GlobalActionsComponent took to complete: 7ms
12-04 06:25:45.979   679   679 V SystemUIBootTiming: StartServicescom.android.systemui.usb.StorageNotification took to complete: 19ms
12-04 06:25:46.516   679   679 V SystemUIBootTiming: StartServicescom.android.systemui.power.PowerUI took to complete: 537ms
12-04 06:25:46.520   679   679 V SystemUIBootTiming: StartServicescom.android.systemui.media.RingtonePlayer took to complete: 3ms
12-04 06:25:46.522   679   679 V SystemUIBootTiming: StartServicescom.android.systemui.keyboard.KeyboardUI took to complete: 1ms
12-04 06:25:46.526   679   679 V SystemUIBootTiming: StartServicescom.android.systemui.shortcut.ShortcutKeyDispatcher took to complete: 3ms
12-04 06:25:46.531   679   679 V SystemUIBootTiming: StartServicescom.android.systemui.VendorServices took to complete: 5ms
12-04 06:25:46.532   679   679 V SystemUIBootTiming: StartServicescom.android.systemui.SliceBroadcastRelayHandler took to complete: 1ms
12-04 06:25:46.565   679   679 V SystemUIBootTiming: StartServicescom.android.systemui.statusbar.notification.InstantAppNotifier took to complete: 33ms
12-04 06:25:46.569   679   679 V SystemUIBootTiming: StartServicescom.android.systemui.toast.ToastUI took to complete: 4ms
12-04 06:25:46.595   679   679 V SystemUIBootTiming: StartServicescom.android.systemui.wmshell.WMShell took to complete: 25ms
12-04 06:25:46.597   679   679 V SystemUIBootTiming: StartServicescom.android.systemui.media.systemsounds.HomeSoundEffectController took to complete: 2ms
12-04 06:25:46.598   679   679 V SystemUIBootTiming: StartServices took to complete: 1997ms
01-01 00:00:51.599     0     0 W audit   : audit_lost=11 audit_rate_limit=5 audit_backlog_limit=64
01-01 00:00:51.600     0     0 E audit   : rate limit exceeded
12-04 06:25:46.689   138   138 I vold    : Bind mounting //data/media/0/Android/data on /mnt/user/0/emulated/0/Android/data
12-04 06:25:46.695   138   138 I vold    : Bind mounted //data/media/0/Android/data on /mnt/user/0/emulated/0/Android/data
12-04 06:25:46.695   138   138 I vold    : Bind mounting //data/media/0/Android/obb on /mnt/user/0/emulated/0/Android/obb
12-04 06:25:46.708   138   138 I vold    : Bind mounted //data/media/0/Android/obb on /mnt/user/0/emulated/0/Android/obb
12-04 06:25:46.710   138   138 I vold    : Configuring read_ahead of /mnt/user/0/emulated fuse filesystem to 256kb
12-04 06:25:46.711   138   138 I vold    : Writing 256 to /sys/class/bdi/0:48/read_ahead_kb
12-04 06:25:46.711   138   138 I vold    : Configuring max_ratio of /mnt/user/0/emulated fuse filesystem to 40
12-04 06:25:46.712   138   138 I vold    : Writing 40 to /sys/class/bdi/0:48/max_ratio
12-04 06:25:46.713   421   540 I StorageManagerService: Mounted volume VolumeInfo{emulated;0}:
12-04 06:25:46.713   421   540 I StorageManagerService:     type=EMULATED diskId=null partGuid= mountFlags=PRIMARY|VISIBLE 
12-04 06:25:46.713   421   540 I StorageManagerService:     mountUserId=0 state=CHECKING 
12-04 06:25:46.713   421   540 I StorageManagerService:     fsType=null fsUuid=null fsLabel=null 
12-04 06:25:46.713   421   540 I StorageManagerService:     path=/storage/emulated internalPath=/data/media 
12-04 06:25:46.715   421   540 I StorageSessionController: Notifying volume state changed for session with id: emulated;0
12-04 06:25:46.739   421   421 W Looper  : Slow dispatch took 142ms main h=com.android.server.pm.UserManagerService$MainHandler c=null m=1
12-04 06:25:46.749   421   471 W Looper  : Slow dispatch took 140ms android.fg h=com.android.server.DropBoxManagerService$DropBoxManagerBroadcastHandler c=null m=2
01-01 00:00:51.707     0     0 E [SKWIFID ERROR] skw_dpd_set_coeff_params: chn 50 not found
01-01 00:00:51.708     0     0 E [SKWIFID STATE] inst: 0, STA -> [REDACTED_MAC], state: NONE -> AUTHING
12-04 06:25:46.776   421   540 I StorageSessionController: Notifying volume state changed for session with id: emulated;0
12-04 06:25:46.849   138   138 D vold    : /system/bin/sgdisk
12-04 06:25:46.849   138   138 D vold    :     --android-dump
12-04 06:25:46.849   138   138 D vold    :     /dev/block/vold/disk:179,0
01-01 00:00:51.853     0     0 E [SKWIFID STATE] inst: 0, STA -> [REDACTED_MAC], state: AUTHING -> AUTHED
01-01 00:00:51.957     0     0 E [SKWIFID STATE] inst: 0, STA -> [REDACTED_MAC], state: AUTHED -> AUTHING
01-01 00:00:52.046     0     0 E [SKWIFID STATE] inst: 0, STA -> [REDACTED_MAC], state: AUTHING -> AUTHED
01-01 00:00:52.088     0     0 E [SKWIFID STATE] inst: 0, STA -> [REDACTED_MAC], state: AUTHED -> ASSOCING
01-01 00:00:52.105     0     0 E [SKWIFID STATE] inst: 0, STA -> [REDACTED_MAC], state: ASSOCING -> ASSOCED
12-04 06:25:47.162   138   138 D vold    : DISK mbr
12-04 06:25:47.162   138   138 D vold    : PART 1 c
12-04 06:25:47.162   138   138 W vold    : disk:179,0 has unknown partition table; trying entire device
12-04 06:25:47.162   138   138 W vold    : hason exfat readMetadata /dev/block/vold/disk:179,0
12-04 06:25:47.162   138   138 D vold    : /system/bin/blkid
12-04 06:25:47.162   138   138 D vold    :     -c
12-04 06:25:47.162   138   138 D vold    :     /dev/null
12-04 06:25:47.163   138   138 D vold    :     -s
12-04 06:25:47.163   138   138 D vold    :     TYPE
12-04 06:25:47.163   138   138 D vold    :     -s
12-04 06:25:47.163   138   138 D vold    :     UUID
12-04 06:25:47.163   138   138 D vold    :     -s
12-04 06:25:47.163   138   138 D vold    :     LABEL
12-04 06:25:47.163   138   138 D vold    :     /dev/block/vold/disk:179,0
01-01 00:00:52.352     0     0 E [SKWIFID STATE] inst: 0, STA -> [REDACTED_MAC], state: ASSOCED -> COMPLETED
12-04 06:25:47.366   421   971 W StorageManagerService: Reporting emulated;0 unmounted due to system locked
12-04 06:25:47.383   421   981 W StorageManagerService: Reporting emulated;0 unmounted due to system locked
12-04 06:25:47.403   138   138 E vold    : Process exited with code: 2
12-04 06:25:47.403   138   138 W vold    : blkid failed to identify /dev/block/vold/disk:179,0
12-04 06:25:47.403   138   138 W vold    : disk:179,0 failed to identify, giving up
12-04 06:25:47.403   138   138 W vold    : readPartitions    is  
12-04 06:25:47.403   138   138 I vold    : type =c
12-04 06:25:47.403   138   138 I vold    : type =c
12-04 06:25:47.439   421   540 I StorageSessionController: Notifying volume state changed for session with id: emulated;0
12-04 06:25:47.567   421   971 V xzj     : startProcess: name=com.shzhtxcz.txbox app=null knownToBeDead=true hostingType=broadcast
12-04 06:25:47.570   421   971 I ActivityManager: com.shzhtxcz.txbox is exempt from freezer
12-04 06:25:47.571   421   971 D CompatibilityChangeReporter: Compat change id reported: 135634846; UID 1000; state: DISABLED
12-04 06:25:47.601   421   971 V xzj     : startProcess: name=com.shzhtxcz.txbox app=ProcessRecord{a5ad661 0:com.shzhtxcz.txbox/1000} knownToBeDead=true hostingType=broadcast
12-04 06:25:47.613   421   971 I ActivityManager: Killing 915:com.android.tv.settings/1000 (adj 905): empty #1
12-04 06:25:47.637   421   481 W ActivityManager: Slow operation: 70ms so far, now at startProcess: returned from zygote!
01-01 00:00:52.651     0     0 I binder  : 1086:1086 ioctl 40046210 ffdd7e38 returned -22
12-04 06:25:47.710   421   481 W ActivityManager: Slow operation: 143ms so far, now at startProcess: done updating battery stats
12-04 06:25:47.711   421   481 W ActivityManager: Slow operation: 143ms so far, now at startProcess: building log message
12-04 06:25:47.711   421   481 I ActivityManager: Start proc 1086:com.shzhtxcz.txbox/1000 for broadcast {com.shzhtxcz.txbox/com.shzhtxcz.txbox.receiver.NewOnLineOrOffLineReceiver}
12-04 06:25:47.711   421   481 W ActivityManager: Slow operation: 143ms so far, now at startProcess: starting to update pids map
12-04 06:25:47.711   421   481 W ActivityManager: Slow operation: 143ms so far, now at startProcess: done updating pids map
12-04 06:25:47.737   421   889 V xzj     : startProcess: name=com.android.localtransport app=null knownToBeDead=true hostingType=service
12-04 06:25:47.739   421   889 I ActivityManager: com.android.localtransport is exempt from freezer
12-04 06:25:47.779   421   533 D xzj     : ---low mem mode,skip restart crashed app= ProcessRecord{a7b50ce 915:com.android.tv.settings/1000}
12-04 06:25:47.793   421   481 W ActivityManager: Slow operation: 55ms so far, now at startProcess: returned from zygote!
01-01 00:00:52.791     0     0 I binder  : 1106:1106 ioctl 40046210 ffdd7e38 returned -22
12-04 06:25:47.894   421   885 D CompatibilityChangeReporter: Compat change id reported: 168419799; UID 1000; state: DISABLED
12-04 06:25:47.900   421   481 W ActivityManager: Slow operation: 162ms so far, now at startProcess: done updating battery stats
12-04 06:25:47.901   421   481 W ActivityManager: Slow operation: 162ms so far, now at startProcess: building log message
12-04 06:25:47.901   421   481 I ActivityManager: Start proc 1106:com.android.localtransport/1000 for service {com.android.localtransport/com.android.localtransport.LocalTransportService}
12-04 06:25:47.901   421   481 W ActivityManager: Slow operation: 162ms so far, now at startProcess: starting to update pids map
12-04 06:25:47.901   421   481 W ActivityManager: Slow operation: 163ms so far, now at startProcess: done updating pids map
12-04 06:25:47.904   421   540 D StorageManagerService: Volume emulated;0 broadcasting mounted to UserHandle{0}
12-04 06:25:47.906   421   533 D CompatibilityChangeReporter: Compat change id reported: 168419799; UID 1000; state: DISABLED
12-04 06:25:47.934   421   540 I StorageManagerService: Mounting volume VolumeInfo{public:179,1}:
12-04 06:25:47.934   421   540 I StorageManagerService:     type=PUBLIC diskId=disk:179,0 partGuid= mountFlags=VISIBLE mountUserId=0 
12-04 06:25:47.934   421   540 I StorageManagerService:     state=UNMOUNTED 
12-04 06:25:47.934   421   540 I StorageManagerService:     fsType=null fsUuid=null fsLabel=null 
12-04 06:25:47.934   421   540 I StorageManagerService:     path=null internalPath=null 
12-04 06:25:47.935   138   138 W vold    : hason exfat readMetadata /dev/block/vold/public:179,1
12-04 06:25:47.935   138   138 D vold    : /system/bin/blkid
12-04 06:25:47.935   138   138 D vold    :     -c
12-04 06:25:47.935   138   138 D vold    :     /dev/null
12-04 06:25:47.935   138   138 D vold    :     -s
12-04 06:25:47.935   138   138 D vold    :     TYPE
12-04 06:25:47.935   138   138 D vold    :     -s
12-04 06:25:47.935   138   138 D vold    :     UUID
12-04 06:25:47.935   138   138 D vold    :     -s
12-04 06:25:47.936   138   138 D vold    :     LABEL
12-04 06:25:47.936   138   138 D vold    :     /dev/block/vold/public:179,1
12-04 06:25:47.995   138   138 D vold    : /dev/block/vold/public:179,1: UUID="664B-19FD" TYPE="vfat" 
12-04 06:25:47.997   138   138 D vold    : /system/bin/fsck_msdos
12-04 06:25:47.997   138   138 D vold    :     -p
12-04 06:25:47.997   138   138 D vold    :     -f
12-04 06:25:47.997   138   138 D vold    :     -y
12-04 06:25:47.997   138   138 D vold    :     /dev/block/vold/public:179,1
12-04 06:25:48.017   421   854 D CompatibilityChangeReporter: Compat change id reported: 171306433; UID 1000; state: ENABLED
01-01 00:00:53.092     0     0 W audit   : audit_lost=31 audit_rate_limit=5 audit_backlog_limit=64
01-01 00:00:53.093     0     0 E audit   : rate limit exceeded
12-04 06:25:48.234   421   421 I TransportClient: LocalTransportService#0: Notifying [TransportManager.registerTransport()] transport = IBackupTransport
12-04 06:25:48.257   421   889 D BackupTransportManager: Transport com.android.localtransport/.LocalTransportService registered
12-04 06:25:48.257   421   889 D BackupManagerService: [UserID:0] Transport com.android.localtransport/.LocalTransport registered 3626ms after first request (delay = 3000ms)
12-04 06:25:48.280   421   885 I ActivityManager: Killing 1106:com.android.localtransport/1000 (adj 905): empty #1
12-04 06:25:48.318   421   889 I BackupManagerService: [UserID:0] Found 24 stale backup journal(s), scheduling.
12-04 06:25:48.320   421   981 D xzj     : ---low mem mode,skip restart crashed app= ProcessRecord{527205b 1106:com.android.localtransport/1000}
01-01 00:00:53.290     0     0 W NOHZ    : local_softirq_pending 08
12-04 06:25:48.339   421   889 V BackupManagerConstants: getKeyValueBackupIntervalMilliseconds(...) returns 14400000
12-04 06:25:48.339   421   889 V BackupManagerConstants: getKeyValueBackupFuzzMilliseconds(...) returns 600000
12-04 06:25:48.339   421   889 V BackupManagerConstants: getKeyValueBackupRequiredNetworkType(...) returns 1
12-04 06:25:48.339   421   889 V BackupManagerConstants: getKeyValueBackupRequireCharging(...) returns true
12-04 06:25:48.339   421   889 V KeyValueBackupJob: Scheduling k/v pass in 246 minutes
12-04 06:25:48.547   138   138 D vold    : /dev/block/vold/public:179,1: 51 files, 28068096 KiB free (877128 clusters)
12-04 06:25:48.551   138   138 I vold    : Filesystem check completed OK
01-01 00:00:53.512     0     0 W FAT-fs (mmcblk0p1): Volume was not properly unmounted. Some data may be corrupt. Please run fsck.
12-04 06:25:48.570   138   138 I vold    : Mounting public fuse volume
12-04 06:25:48.597   138   138 I vold    : Bind mounting /mnt/media_rw/664B-19FD to /mnt/pass_through/0/664B-19FD
12-04 06:25:48.601   421   540 I StorageSessionController: On volume mount VolumeInfo{public:179,1}:
12-04 06:25:48.601   421   540 I StorageSessionController:     type=PUBLIC diskId=disk:179,0 partGuid= mountFlags=VISIBLE mountUserId=0 
12-04 06:25:48.601   421   540 I StorageSessionController:     state=CHECKING 
12-04 06:25:48.601   421   540 I StorageSessionController:     fsType=vfat fsUuid=664B-19FD fsLabel= 
12-04 06:25:48.601   421   540 I StorageSessionController:     path=/storage/664B-19FD internalPath=/mnt/media_rw/664B-19FD 
12-04 06:25:48.602   421   540 I StorageSessionController: Creating and starting session with id: public:179,1
12-04 06:25:48.626   421   889 I BackupManagerService: [UserID:0] Stale backup journals: Scheduled 10 package(s) total
12-04 06:25:48.759  1086  1086 W ContextImpl: Calling a method in the system process without a qualified user: android.app.ContextImpl.startService:1825 android.content.ContextWrapper.startService:776 android.content.ContextWrapper.startService:776 com.shzhtxcz.txbox.receiver.NewOnLineOrOffLineReceiver.onReceive:4 android.app.ActivityThread.handleReceiver:4375 
12-04 06:25:48.785  1086  1086 W ContextImpl: Calling a method in the system process without a qualified user: android.app.ContextImpl.startService:1825 android.content.ContextWrapper.startService:776 android.content.ContextWrapper.startService:776 com.shzhtxcz.txbox.receiver.NewOnLineOrOffLineReceiver.onReceive:4 android.app.ActivityThread.handleReceiver:4375 
12-04 06:25:48.800   421   468 D CompatibilityChangeReporter: Compat change id reported: 168419799; UID 1000; state: DISABLED
12-04 06:25:48.970   421   553 W ContextImpl: Calling a method in the system process without a qualified user: android.app.ContextImpl.sendStickyBroadcast:1568 com.android.server.ConnectivityService.sendStickyBroadcast:2811 com.android.server.ConnectivityService.sendGeneralBroadcast:2786 com.android.server.ConnectivityService.sendConnectedBroadcast:2759 com.android.server.ConnectivityService.sendLegacyNetworkBroadcast:8704 
12-04 06:25:48.976   421   468 V xzj     : startProcess: name=com.android.vending app=null knownToBeDead=true hostingType=service
12-04 06:25:48.978   421   468 I ActivityManager: com.android.vending is exempt from freezer
12-04 06:25:48.978   421   468 D CompatibilityChangeReporter: Compat change id reported: 135634846; UID 10020; state: DISABLED
12-04 06:25:48.993   421   481 D CompatibilityChangeReporter: Compat change id reported: 143937733; UID 10020; state: ENABLED
12-04 06:25:49.033   421   481 W ActivityManager: Slow operation: 57ms so far, now at startProcess: returned from zygote!
12-04 06:25:49.034   421   481 W ActivityManager: Slow operation: 58ms so far, now at startProcess: done updating battery stats
12-04 06:25:49.037   421   481 W ActivityManager: Slow operation: 60ms so far, now at startProcess: building log message
12-04 06:25:49.037   421   481 I ActivityManager: Start proc 1173:com.android.vending/u0a20 for service {com.android.vending/com.google.android.finsky.billing.iab.InAppBillingService}
12-04 06:25:49.037   421   481 W ActivityManager: Slow operation: 60ms so far, now at startProcess: starting to update pids map
12-04 06:25:49.037   421   481 W ActivityManager: Slow operation: 61ms so far, now at startProcess: done updating pids map
12-04 06:25:49.063   421   553 W ContextImpl: Calling a method in the system process without a qualified user: android.app.ContextImpl.sendStickyBroadcast:1568 com.android.server.ConnectivityService.sendStickyBroadcast:2811 com.android.server.ConnectivityService.sendGeneralBroadcast:2786 com.android.server.ConnectivityService.sendInetConditionBroadcast:2763 com.android.server.ConnectivityService.updateInetCondition:8451 
01-01 00:00:54.057     0     0 I binder  : 1173:1173 ioctl 40046210 ffdd7e38 returned -22
07-15 09:39:03.823   421   528 E LazyAlarmStore: Removed TIME_TICK alarm
07-15 09:39:03.826   421   480 I DropBoxManagerService: add tag=system_server_wtf isTagEnabled=true flags=0x2
01-01 00:00:54.100     0     0 W audit   : audit_lost=36 audit_rate_limit=5 audit_backlog_limit=64
01-01 00:00:54.101     0     0 E audit   : rate limit exceeded
07-15 09:39:03.850   421   981 D CompatibilityChangeReporter: Compat change id reported: 168419799; UID 10020; state: DISABLED
07-15 09:39:03.982   421   468 D CompatibilityChangeReporter: Compat change id reported: 149924527; UID 10032; state: ENABLED
07-15 09:39:03.983   421   468 D CompatibilityChangeReporter: Compat change id reported: 132649864; UID 10032; state: DISABLED
07-15 09:39:03.994   421   533 D CompatibilityChangeReporter: Compat change id reported: 182734110; UID 10032; state: ENABLED
01-01 00:00:54.313     0     0 W NOHZ    : local_softirq_pending 08
01-01 00:00:54.337     0     0 W NOHZ    : local_softirq_pending 08
01-01 00:00:54.342     0     0 W NOHZ    : local_softirq_pending 08
01-01 00:00:54.363     0     0 W NOHZ    : local_softirq_pending 08
01-01 00:00:54.416     0     0 W NOHZ    : local_softirq_pending 08
01-01 00:00:54.502     0     0 W NOHZ    : local_softirq_pending 08
07-15 09:39:04.320   138   138 I vold    : Configuring read_ahead of /mnt/user/0/664B-19FD fuse filesystem to 256kb
07-15 09:39:04.321   138   138 I vold    : Writing 256 to /sys/class/bdi/0:69/read_ahead_kb
07-15 09:39:04.321   138   138 I vold    : Configuring max_ratio of /mnt/user/0/664B-19FD fuse filesystem to 40
07-15 09:39:04.322   138   138 I vold    : Writing 40 to /sys/class/bdi/0:69/max_ratio
07-15 09:39:04.323   421   540 I StorageManagerService: Mounted volume VolumeInfo{public:179,1}:
07-15 09:39:04.323   421   540 I StorageManagerService:     type=PUBLIC diskId=disk:179,0 partGuid= mountFlags=VISIBLE mountUserId=0 
07-15 09:39:04.323   421   540 I StorageManagerService:     state=CHECKING 
07-15 09:39:04.323   421   540 I StorageManagerService:     fsType=vfat fsUuid=664B-19FD fsLabel= 
07-15 09:39:04.323   421   540 I StorageManagerService:     path=/storage/664B-19FD internalPath=/mnt/media_rw/664B-19FD 
07-15 09:39:04.325   421   540 I StorageSessionController: Notifying volume state changed for session with id: public:179,1
07-15 09:39:04.357   421   540 D StorageManagerService: Volume emulated;0 broadcasting mounted to UserHandle{0}
07-15 09:39:04.359   421   540 I StorageSessionController: Notifying volume state changed for session with id: public:179,1
01-01 00:00:54.636     0     0 W NOHZ    : local_softirq_pending 08
01-01 00:00:54.983     0     0 W NOHZ    : local_softirq_pending 08
07-15 09:39:04.838   421   540 I StorageSessionController: Notifying volume state changed for session with id: public:179,1
01-01 00:00:55.116     0     0 W NOHZ    : local_softirq_pending 08
07-15 09:39:04.908   421   540 D StorageManagerService: Volume public:179,1 broadcasting checking to UserHandle{0}
07-15 09:39:04.911   421   540 D StorageManagerService: Volume public:179,1 broadcasting mounted to UserHandle{0}
07-15 09:39:05.138   421   620 E DiscreteRegistry: Deleting file 1784021689800tl
01-01 00:00:55.651     0     0 W audit   : audit_lost=39 audit_rate_limit=5 audit_backlog_limit=64
01-01 00:00:55.652     0     0 E audit   : rate limit exceeded
01-01 00:00:55.661     0     0 I binder  : 934:1167 ioctl 40046210 c31ef980 returned -22
01-01 00:00:55.946     0     0 I binder  : 934:1167 ioctl 40046210 c31ee870 returned -22
07-15 09:39:06.141   421   885 V xzj     : startProcess: name=com.google.process.gservices app=null knownToBeDead=false hostingType=content provider
07-15 09:39:06.144   421   885 D CompatibilityChangeReporter: Compat change id reported: 135634846; UID 10019; state: DISABLED
07-15 09:39:06.145   421   481 D CompatibilityChangeReporter: Compat change id reported: 143937733; UID 10019; state: ENABLED
07-15 09:39:06.198   421   481 W ActivityManager: Slow operation: 57ms so far, now at startProcess: returned from zygote!
07-15 09:39:06.199   421   481 W ActivityManager: Slow operation: 58ms so far, now at startProcess: done updating battery stats
07-15 09:39:06.199   421   481 W ActivityManager: Slow operation: 58ms so far, now at startProcess: building log message
07-15 09:39:06.199   421   481 I ActivityManager: Start proc 1246:com.google.process.gservices/u0a19 for content provider {com.google.android.gsf/com.google.android.gsf.gservices.GservicesProvider}
07-15 09:39:06.200   421   481 W ActivityManager: Slow operation: 58ms so far, now at startProcess: starting to update pids map
07-15 09:39:06.201   421   481 W ActivityManager: Slow operation: 59ms so far, now at startProcess: done updating pids map
01-01 00:00:56.521     0     0 I binder  : 1246:1246 ioctl 40046210 ffdd7e38 returned -22
07-15 09:39:06.310   421   885 D CompatibilityChangeReporter: Compat change id reported: 168419799; UID 10019; state: DISABLED
07-15 09:39:06.434   421   475 I WindowManager: ******* TELLING SURFACE FLINGER WE ARE BOOTED!
07-15 09:39:06.527   421   971 V xzj     : startProcess: name=com.android.providers.tv app=null knownToBeDead=false hostingType=content provider
07-15 09:39:06.542   421   971 D CompatibilityChangeReporter: Compat change id reported: 135634846; UID 10009; state: DISABLED
07-15 09:39:06.542   421   971 D CompatibilityChangeReporter: Compat change id reported: 177438394; UID 10009; state: DISABLED
07-15 09:39:06.542   421   971 D CompatibilityChangeReporter: Compat change id reported: 135772972; UID 10009; state: DISABLED
07-15 09:39:06.542   421   971 D CompatibilityChangeReporter: Compat change id reported: 135754954; UID 10009; state: ENABLED
07-15 09:39:06.544   421   481 D CompatibilityChangeReporter: Compat change id reported: 143937733; UID 10009; state: ENABLED
01-01 00:00:56.941     0     0 I binder  : 1275:1275 ioctl 40046210 ffdd7e38 returned -22
07-15 09:39:06.643   421   481 W ActivityManager: Slow operation: 102ms so far, now at startProcess: returned from zygote!
07-15 09:39:06.646   421   468 V xzj     : startProcess: name=com.google.process.gapps app=null knownToBeDead=false hostingType=content provider
07-15 09:39:06.666   421   468 D CompatibilityChangeReporter: Compat change id reported: 135634846; UID 10019; state: DISABLED
07-15 09:39:06.673   421   481 W ActivityManager: Slow operation: 132ms so far, now at startProcess: done updating battery stats
07-15 09:39:06.673   421   481 W ActivityManager: Slow operation: 132ms so far, now at startProcess: building log message
07-15 09:39:06.673   421   481 I ActivityManager: Start proc 1275:com.android.providers.tv/u0a9 for content provider {com.android.providers.tv/com.android.providers.tv.TvProvider}
07-15 09:39:06.673   421   481 W ActivityManager: Slow operation: 133ms so far, now at startProcess: starting to update pids map
07-15 09:39:06.675   421   481 W ActivityManager: Slow operation: 135ms so far, now at startProcess: done updating pids map
07-15 09:39:06.676   421   481 D CompatibilityChangeReporter: Compat change id reported: 143937733; UID 10019; state: ENABLED
07-15 09:39:06.728   421   481 W ActivityManager: Slow operation: 68ms so far, now at startProcess: returned from zygote!
07-15 09:39:06.732   421   481 W ActivityManager: Slow operation: 73ms so far, now at startProcess: done updating battery stats
07-15 09:39:06.733   421   481 W ActivityManager: Slow operation: 73ms so far, now at startProcess: building log message
07-15 09:39:06.733   421   481 I ActivityManager: Start proc 1292:com.google.process.gapps/u0a19 for content provider {com.google.android.gsf/com.google.android.gsf.settings.GoogleSettingsProvider}
07-15 09:39:06.733   421   481 W ActivityManager: Slow operation: 73ms so far, now at startProcess: starting to update pids map
07-15 09:39:06.741   421   481 W ActivityManager: Slow operation: 81ms so far, now at startProcess: done updating pids map
07-15 09:39:06.760   421   469 D CompatibilityChangeReporter: Compat change id reported: 168419799; UID 10009; state: DISABLED
01-01 00:00:57.064     0     0 I binder  : 1292:1292 ioctl 40046210 ffdd7e38 returned -22
01-01 00:00:57.176     0     0 W audit   : audit_lost=42 audit_rate_limit=5 audit_backlog_limit=64
01-01 00:00:57.177     0     0 E audit   : rate limit exceeded
07-15 09:39:06.926   421   469 V xzj     : startProcess: name=com.android.inputmethod.latin app=null knownToBeDead=true hostingType=service
07-15 09:39:06.936   421   469 D CompatibilityChangeReporter: Compat change id reported: 135634846; UID 10014; state: DISABLED
07-15 09:39:06.938   421   481 D CompatibilityChangeReporter: Compat change id reported: 143937733; UID 10014; state: DISABLED
07-15 09:39:07.055   421   481 W ActivityManager: Slow operation: 128ms so far, now at startProcess: returned from zygote!
07-15 09:39:07.057   421   481 W ActivityManager: Slow operation: 130ms so far, now at startProcess: done updating battery stats
07-15 09:39:07.057   421   481 W ActivityManager: Slow operation: 131ms so far, now at startProcess: building log message
07-15 09:39:07.057   421   481 I ActivityManager: Start proc 1315:com.android.inputmethod.latin/u0a14 for service {com.android.inputmethod.latin/com.android.inputmethod.latin.LatinIME}
07-15 09:39:07.058   421   481 W ActivityManager: Slow operation: 131ms so far, now at startProcess: starting to update pids map
07-15 09:39:07.058   421   481 W ActivityManager: Slow operation: 132ms so far, now at startProcess: done updating pids map
01-01 00:00:57.414     0     0 I binder  : 1315:1315 ioctl 40046210 ffdd7e38 returned -22
07-15 09:39:07.235   421   468 D CompatibilityChangeReporter: Compat change id reported: 168419799; UID 10014; state: DISABLED
07-15 09:39:07.272   421   511 V WindowManager: getPackagePerformanceMode -- ComponentInfo{com.spocky.projengmenu/com.spocky.projengmenu.ui.home.MainActivity} -- com.spocky.projengmenu -- mode=0
01-01 00:00:57.546     0     0 I binder  : undelivered transaction 46006, process died.
01-01 00:00:57.548     0     0 I init    : Service 'bootanim' (pid 173) exited with status 0 oneshot service took 50.120998 seconds in background
01-01 00:00:57.549     0     0 I init    : Sending signal 9 to service 'bootanim' (pid 173) process group...
01-01 00:00:57.552     0     0 I libprocessgroup: Successfully killed process cgroup uid 1003 pid 173 in 1ms
07-15 09:39:07.301   421   468 W ActivityManager: Slow operation: 85ms so far, now at attachApplicationLocked: after mServices.attachApplicationLocked
07-15 09:39:07.700   421   480 W BroadcastQueue: Permission Denial: broadcasting Intent { act=android.net.wifi.STATE_CHANGE flg=0x4000010 (has extras) } from null (pid=-1, uid=-1) requires com.google.android.gms.DYNAMIC_RECEIVER_NOT_EXPORTED_PERMISSION due to registered receiver BroadcastFilter{a9da6e2 10019/u0 ReceiverList{a2df3ad 948 com.google.android.gms.persistent/10019/u0 remote:d4d98c4}}
07-15 09:39:07.705   421   981 D CompatibilityChangeReporter: Compat change id reported: 168936375; UID 10019; state: DISABLED
07-15 09:39:07.706   421   981 D CompatibilityChangeReporter: Compat change id reported: 168936375; UID 10019; state: ENABLED
